jï¿½ï¿½ï¿½}ï¿½ï¿½Í­ï¿½ Calling ï¿½ets Jul 29 2019 12:21:46

rst:0x1 (POWERON_RESET),boot:0x13 (SPI_FAST_FLASH_BOOT)
configsip: 0, SPIWP:0xee
clk_drv:0x00,q_drv:0x00,d_drv:0x00,cs0_drv:0x00,hd_drv:0x00,wp_drv:0x00
mode:DIO, clock div:2
load:0x3fff0030,len:6276
load:0x40078000,len:15736
load:0x40080400,len:4
load:0x40080404,len:3860
entry 0x4008063c
[0;32mI (29) boot: ESP-IDF v5.4.2 2nd stage bootloader[0m
[0;32mI (29) boot: compile time Jul 24 2025 14:53:01[0m
[0;32mI (30) boot: Multicore bootloader[0m
[0;32mI (31) boot: chip revision: v3.1[0m
[0;32mI (34) boot.esp32: SPI Speed      : 40MHz[0m
[0;32mI (37) boot.esp32: SPI Mode       : DIO[0m
[0;32mI (41) boot.esp32: SPI Flash Size : 2MB[0m
[0;32mI (44) boot: Enabling RNG early entropy source...[0m
[0;32mI (49) boot: Partition Table:[0m
[0;32mI (51) boot: ## Label            Usage          Type ST Offset   Length[0m
[0;32mI (58) boot:  0 nvs              WiFi data        01 02 00009000 00006000[0m
[0;32mI (64) boot:  1 phy_init         RF data          01 01 0000f000 00001000[0m
[0;32mI (71) boot:  2 factory          factory app      00 00 00010000 00100000[0m
[0;32mI (77) boot: End of partition table[0m
[0;32mI (81) esp_image: segment 0: paddr=00010020 vaddr=3f400020 size=0ab54h ( 43860) map[0m
[0;32mI (103) esp_image: segment 1: paddr=0001ab7c vaddr=3ff80000 size=0001ch (    28) load[0m
[0;32mI (103) esp_image: segment 2: paddr=0001aba0 vaddr=3ffb0000 size=023e8h (  9192) load[0m
[0;32mI (110) esp_image: segment 3: paddr=0001cf90 vaddr=40080000 size=03088h ( 12424) load[0m
[0;32mI (119) esp_image: segment 4: paddr=00020020 vaddr=400d0020 size=15b74h ( 88948) map[0m
[0;32mI (153) esp_image: segment 5: paddr=00035b9c vaddr=40083088 size=0ad6ch ( 44396) load[0m
[0;32mI (177) boot: Loaded app from partition at offset 0x10000[0m
[0;32mI (177) boot: Disabling RNG early entropy source...[0m
[0;32mI (187) cpu_start: Multicore app[0m
[0;32mI (196) cpu_start: Pro cpu start user code[0m
[0;32mI (196) cpu_start: cpu freq: 160000000 Hz[0m
[0;32mI (196) app_init: Application information:[0m
[0;32mI (196) app_init: Project name:     ESP_STM_COMM[0m
[0;32mI (200) app_init: App version:      1[0m
[0;32mI (203) app_init: Compile time:     Jul 24 2025 14:52:47[0m
[0;32mI (208) app_init: ELF file SHA256:  15c2dbffa...[0m
[0;32mI (213) app_init: ESP-IDF:          v5.4.2[0m
[0;32mI (217) efuse_init: Min chip rev:     v0.0[0m
[0;32mI (220) efuse_init: Max chip rev:     v3.99 [0m
[0;32mI (224) efuse_init: Chip rev:         v3.1[0m
[0;32mI (229) heap_init: Initializing. RAM available for dynamic allocation:[0m
[0;32mI (235) heap_init: At 3FFAE6E0 len 00001920 (6 KiB): DRAM[0m
[0;32mI (240) heap_init: At 3FFB2CB0 len 0002D350 (180 KiB): DRAM[0m
[0;32mI (245) heap_init: At 3FFE0440 len 00003AE0 (14 KiB): D/IRAM[0m
[0;32mI (250) heap_init: At 3FFE4350 len 0001BCB0 (111 KiB): D/IRAM[0m
[0;32mI (256) heap_init: At 4008DDF4 len 0001220C (72 KiB): IRAM[0m
[0;32mI (262) spi_flash: detected chip: generic[0m
[0;32mI (265) spi_flash: flash io: dio[0m
[0;33mW (268) spi_flash: Detected size(4096k) larger than the size in the binary image header(2048k). Using the size in the binary image header.[0m
[0;32mI (281) main_task: Started on CPU0[0m
[0;32mI (291) main_task: Calling app_main()[0m
[0;32mI (12021) UART_ECHO: Received: [0m
[0;32mI (12051) UART_ECHO: Received: @@ 0`ï¿½8ï¿½p88<<>>88ï¿½88<<ï¿½<8ï¿½88<88<~ï¿½?>ï¿½ï¿½ï¿½ï¿½ï¿½ï¿½ï¿½ï¿½ï¿½ï¿½ï¿½ï¿½ï¿½~>~>ï¿½ï¿½>>><<<<888000    [0m
[0;32mI (12071) UART_ECHO: Received: ï¿½ï¿½ï¿½~~|ï¿½~ï¿½ï¿½ï¿½?>><<ï¿½<ï¿½8<p0ï¿½0  [0m
[0;32mI (12101) UART_ECHO: Received: |x|ï¿½~88ï¿½<<<<<<<8ï¿½8ï¿½<xï¿½<<>>>?~ï¿½~ï¿½ï¿½ï¿½ï¿½ï¿½ï¿½ï¿½~?ï¿½ï¿½ï¿½ï¿½ï¿½ï¿½>><<<<88ï¿½0ï¿½0[0m
[0;32mI (12131) UART_ECHO: Received: ï¿½~?>>|<ï¿½08(8 [0m
[0;32mI (12161) UART_ECHO: Received: <88<888<>><ï¿½<>?ï¿½ï¿½ï¿½ï¿½ï¿½?ï¿½ï¿½ï¿½ï¿½ï¿½~?ï¿½ï¿½ï¿½>>><ï¿½888880 [0m
[0;32mI (12211) UART_ECHO: Received: [0m
[0;32mI (13211) UART_ECHO: Received: [0m
[0;32mI (176791) UART_ECHO: Received: ï¿½<[0m
[0;32mI (176881) UART_ECHO: Received: [0m
[0;32mI (176981) UART_ECHO: Received: [0m
[0;32mI (177071) UART_ECHO: Received: [0m
[0;32mI (177171) UART_ECHO: Received: [0m
[0;32mI (177251) UART_ECHO: Received: [0m
[0;32mI (177331) UART_ECHO: Received: [0m
[0;32mI (177421) UART_ECHO: Received: [0m
[0;32mI (177501) UART_ECHO: Received: [0m
[0;32mI (177581) UART_ECHO: Received: [0m
[0;32mI (177671) UART_ECHO: Received: [0m
[0;32mI (177751) UART_ECHO: Received: [0m
[0;32mI (177831) UART_ECHO: Received: [0m
[0;32mI (177911) UART_ECHO: Received: [0m
[0;32mI (177991) UART_ECHO: Received: [0m
[0;32mI (178071) UART_ECHO: Received: [0m
[0;32mI (178151) UART_ECHO: Received: [0m
[0;32mI (179151) UART_ECHO: Received: [0m
[0;32mI (183231) UART_ECHO: Received: [0m
[0;32mI (183311) UART_ECHO: Received: [0m
[0;32mI (183391) UART_ECHO: Received: [0m
[0;32mI (183471) UART_ECHO: Received: [0m
[0;32mI (183551) UART_ECHO: Received: [0m
[0;32mI (183651) UART_ECHO: Received: [0m
[0;32mI (183731) UART_ECHO: Received: [0m
[0;32mI (183791) UART_ECHO: Received: [0m
[0;32mI (183891) UART_ECHO: Received: [0m
[0;32mI (183971) UART_ECHO: Received: ï¿½@[0m
[0;32mI (184051) UART_ECHO: Received: [0m
[0;32mI (184131) UART_ECHO: Received: [0m
[0;32mI (184211) UART_ECHO: Received: [0m
[0;32mI (184291) UART_ECHO: Received: [0m
[0;32mI (184391) UART_ECHO: Received: [0m
[0;32mI (184471) UART_ECHO: Received:  |<ï¿½ï¿½0[0m
[0;32mI (184691) UART_ECHO: Received: ï¿½ï¿½ï¿½?<ï¿½<ï¿½8ï¿½ [0m
[0;32mI (185011) UART_ECHO: Received: 4[0m
[0;32mI (185271) UART_ECHO: Received: [0m
[0;32mI (185531) UART_ECHO: Received: [0m
[0;32mI (185811) UART_ECHO: Received: <[0m
[0;32mI (186111) UART_ECHO: Received: >`[0m
[0;32mI (186371) UART_ECHO: Received: ï¿½,[0m
[0;32mI (186611) UART_ECHO: Received: [0m
[0;32mI (186851) UART_ECHO: Received: [0m
[0;32mI (187111) UART_ECHO: Received: [0m
[0;32mI (187351) UART_ECHO: Received: [0m
[0;32mI (187591) UART_ECHO: Received: [0m
[0;32mI (187851) UART_ECHO: Received: [0m
[0;32mI (188951) UART_ECHO: Received: [0m
[0;32mI (365991) UART_ECHO: Received: [0m
[0;32mI (366081) UART_ECHO: Received: <xp08<<|xx|ï¿½ï¿½ï¿½|ï¿½ï¿½ï¿½ï¿½ï¿½ï¿½ï¿½ï¿½?<<<<|x<808<||x|ï¿½ï¿½~ï¿½ï¿½ï¿½ï¿½ï¿½ï¿½>~|<>|<8<8ï¿½8<<|x>>~ï¿½ï¿½ï¿½?ï¿½?>||<<>88ï¿½88<|||<~ï¿½ï¿½ï¿½ï¿½ï¿½ï¿½~>|>><<8<<ï¿½8<<|<ï¿½ï¿½ï¿½ï¿½ï¿½ï¿½ï¿½ï¿½ï¿½>>~><[0m
[0;32mI (366181) UART_ECHO: Received: <ï¿½<x8<ï¿½ï¿½ï¿½~~ï¿½ï¿½ï¿½ï¿½ï¿½>>><8<<<<ï¿½x<|ï¿½|ï¿½~ï¿½ï¿½ï¿½ï¿½ï¿½ï¿½ï¿½ï¿½>ï¿½||><<88<|~ï¿½|ï¿½ï¿½ï¿½ï¿½ï¿½ï¿½ï¿½>>><<<<888<>>|ï¿½ï¿½ï¿½ï¿½ï¿½ï¿½ï¿½>~~|<<<x8<<<|||>~ï¿½ï¿½ï¿½>|>|<<8ï¿½<x<|||>ï¿½>ï¿½[0m
[0;32mI (366301) UART_ECHO: Received: ï¿½ï¿½ï¿½?><<>|ï¿½<88||><<ï¿½~ï¿½ï¿½ï¿½ï¿½?>>><<ï¿½<<x<<||ï¿½~?ï¿½ï¿½?>>>><>ï¿½|<<<<}}|ï¿½>ï¿½ï¿½ï¿½>><>>|||<8<|ï¿½~>ï¿½ï¿½ï¿½ï¿½ï¿½ï¿½ï¿½>>>><<<ï¿½<~~}~ï¿½ï¿½ï¿½ï¿½ï¿½??>><ï¿½<8>>|ï¿½ï¿½[0m
[0;32mI (366441) UART_ECHO: Received: ï¿½ï¿½ï¿½ï¿½>>>|<<||||ï¿½ï¿½ï¿½ï¿½ï¿½ï¿½ï¿½ï¿½>>>><zï¿½<<<||||<>ï¿½ï¿½??ï¿½ï¿½ï¿½?>>><ï¿½||x<||ï¿½ï¿½ï¿½?ï¿½?>>><<<x<|>>|ï¿½ï¿½~ï¿½ï¿½ï¿½>><<|||<<<ï¿½~?ï¿½ï¿½ï¿½ï¿½ï¿½ï¿½<<|>||<98<~~ï¿½ï¿½ï¿½ï¿½ï¿½ï¿½ï¿½[0m
[0;32mI (366561) UART_ECHO: Received: ?>><<ï¿½8>|ï¿½ï¿½ï¿½ï¿½ï¿½ï¿½ï¿½>>><ï¿½<<||||~ï¿½ï¿½ï¿½ï¿½ï¿½ï¿½?>><<<<<<||~>~~ï¿½ï¿½ï¿½>>>><<<<|||~ï¿½<~ï¿½ï¿½ï¿½>><<<ï¿½><<<||><ï¿½ï¿½ï¿½ï¿½ï¿½ï¿½ï¿½>>><<<<<ï¿½<?~~ï¿½ï¿½ï¿½ï¿½}>>>~[0m
[0;32mI (366681) UART_ECHO: Received: <ï¿½ï¿½<~~?ï¿½ï¿½ï¿½ï¿½ï¿½><><<<<|~ï¿½ï¿½ï¿½ï¿½ï¿½ï¿½ï¿½>>><<|ï¿½><ï¿½ï¿½ï¿½ï¿½ï¿½ï¿½ï¿½>>>|ï¿½<<<||||~~ï¿½ï¿½ï¿½ï¿½ï¿½ï¿½ï¿½><<=<<<|||>|~ï¿½ï¿½ï¿½ï¿½>>><ï¿½<||<<>>>>ï¿½ï¿½ï¿½ï¿½ï¿½ï¿½ï¿½>~<<<<<||~<ï¿½ï¿½ï¿½ï¿½[0m
[0;32mI (366821) UART_ECHO: Received: ï¿½ï¿½>ï¿½>><?^>||<>ï¿½~ï¿½ï¿½ï¿½ï¿½ï¿½ï¿½>>>~><<<<|~~ï¿½ï¿½ï¿½ï¿½?ï¿½>^<~<88<>~~ï¿½ï¿½ï¿½ï¿½ï¿½>?><ï¿½<x|<<ï¿½ï¿½ï¿½ï¿½ï¿½ï¿½ï¿½>?<<ï¿½||<<|>ï¿½ï¿½ï¿½~ï¿½ï¿½ï¿½~><<<<><|<<>|ï¿½ï¿½ï¿½ï¿½ï¿½ï¿½?><<<<<<<|[0m
[0;32mI (366981) UART_ECHO: Received: <<|~ï¿½ï¿½ï¿½ï¿½ï¿½ï¿½?>ï¿½<||>><<<|ï¿½ï¿½~ï¿½ï¿½ï¿½ï¿½ï¿½ï¿½ï¿½>ï¿½><<>ï¿½ï¿½~ï¿½ï¿½?ï¿½>>><<<|~ï¿½ï¿½ï¿½?~>ï¿½<|ï¿½~~ï¿½?>>>xp88ï¿½888|ï¿½>ï¿½>><<<<<8<<<<<<>~ï¿½ï¿½ï¿½ï¿½><<<<<88xx<<|||ï¿½~ï¿½ï¿½ï¿½><<[0m
[0;32mI (367501) UART_ECHO: Received: <<|888xp8<|||||~ï¿½ï¿½?<80 [0m
[0;32mI (368141) UART_ECHO: Received: ï¿½
[0;32mI (368801) UART_ECHO: Received: [0m
[0;32mI (370161) UART_ECHO: Received: [0m
