ets Jul 29 2019 12:21:46

rst:0x1 (POWERON_RESET),boot:0x13 (SPI_FAST_FLASH_BOOT)
configsip: 0, SPIWP:0xee
clk_drv:0x00,q_drv:0x00,d_drv:0x00,cs0_drv:0x00,hd_drv:0x00,wp_drv:0x00
mode:DIO, clock div:2
load:0x3fff0030,len:7172
load:0x40078000,len:15540
load:0x40080400,len:4
ho 8 tail 4 room 4
load:0x40080404,len:3904
entry 0x40080640
[0;32mI (31) boot: ESP-IDF v5.2.3-dirty 2nd stage bootloader[0m
[0;32mI (31) boot: compile time Jul 23 2025 17:15:36[0m
[0;32mI (31) boot: Multicore bootloader[0m
[0;32mI (36) boot: chip revision: v3.1[0m
[0;32mI (40) boot.esp32: SPI Speed      : 40MHz[0m
[0;32mI (44) boot.esp32: SPI Mode       : DIO[0m
[0;32mI (49) boot.esp32: SPI Flash Size : 2MB[0m
[0;32mI (53) boot: Enabling RNG early entropy source...[0m
[0;32mI (59) boot: Partition Table:[0m
[0;32mI (62) boot: ## Label            Usage          Type ST Offset   Length[0m
[0;32mI (70) boot:  0 nvs              WiFi data        01 02 00009000 00006000[0m
[0;32mI (77) boot:  1 phy_init         RF data          01 01 0000f000 00001000[0m
[0;32mI (85) boot:  2 factory          factory app      00 00 00010000 00100000[0m
[0;32mI (92) boot: End of partition table[0m
[0;32mI (96) esp_image: segment 0: paddr=00010020 vaddr=3f400020 size=26b78h (158584) map[0m
[0;32mI (159) esp_image: segment 1: paddr=00036ba0 vaddr=3ffb0000 size=03d34h ( 15668) load[0m
[0;32mI (165) esp_image: segment 2: paddr=0003a8dc vaddr=40080000 size=0573ch ( 22332) load[0m
[0;32mI (174) esp_image: segment 3: paddr=00040020 vaddr=400d0020 size=952a0h (610976) map[0m
[0;32mI (384) esp_image: segment 4: paddr=000d52c8 vaddr=4008573c size=122b4h ( 74420) load[0m
[0;32mI (425) boot: Loaded app from partition at offset 0x10000[0m
[0;32mI (425) boot: Disabling RNG early entropy source...[0m
[0;32mI (436) cpu_start: Multicore app[0m
[0;32mI (446) cpu_start: Pro cpu start user code[0m
[0;32mI (446) cpu_start: cpu freq: 160000000 Hz[0m
[0;32mI (446) cpu_start: Application information:[0m
[0;32mI (449) cpu_start: Project name:     esp_ota_server[0m
[0;32mI (454) cpu_start: App version:      860ae13-dirty[0m
[0;32mI (460) cpu_start: Compile time:     Jul 23 2025 18:56:43[0m
[0;32mI (466) cpu_start: ELF file SHA256:  79fcaf016...[0m
[0;32mI (471) cpu_start: ESP-IDF:          v5.2.3-dirty[0m
[0;32mI (477) cpu_start: Min chip rev:     v0.0[0m
[0;32mI (481) cpu_start: Max chip rev:     v3.99 [0m
[0;32mI (486) cpu_start: Chip rev:         v3.1[0m
[0;32mI (491) heap_init: Initializing. RAM available for dynamic allocation:[0m
[0;32mI (498) heap_init: At 3FFAE6E0 len 00001920 (6 KiB): DRAM[0m
[0;32mI (504) heap_init: At 3FFB7E38 len 000281C8 (160 KiB): DRAM[0m
[0;32mI (510) heap_init: At 3FFE0440 len 00003AE0 (14 KiB): D/IRAM[0m
[0;32mI (517) heap_init: At 3FFE4350 len 0001BCB0 (111 KiB): D/IRAM[0m
[0;32mI (523) heap_init: At 400979F0 len 00008610 (33 KiB): IRAM[0m
[0;32mI (531) spi_flash: detected chip: generic[0m
[0;32mI (534) spi_flash: flash io: dio[0m
[0;33mW (538) spi_flash: Detected size(4096k) larger than the size in the binary image header(2048k). Using the size in the binary image header.[0m
[0;32mI (552) main_task: Started on CPU0[0m
[0;32mI (562) main_task: Calling app_main()[0m
[0;32mI (562) example: Starting example[0m
[0;32mI (582) example_mount: Initializing SPIFFS[0m
[0;31mE (582) SPIFFS: spiffs partition could not be found[0m
[0;31mE (582) example_mount: Failed to find SPIFFS partition[0m
ESP_ERROR_CHECK failed: esp_err_t 0x105 (ESP_ERR_NOT_FOUND) at 0x400d6fdd
file: "./main/esp_ota_server.c" line 25
func: app_main
expression: example_mount_storage(base_path)

abort() was called at PC 0x4008a23b on core 0


Backtrace: 0x400818ee:0x3ffba030 0x4008a245:0x3ffba050 0x4009182d:0x3ffba070 0x4008a23b:0x3ffba0e0 0x400d6fdd:0x3ffba110 0x401631af:0x3ffba130 0x4008ae0d:0x3ffba160




ELF file SHA256: 79fcaf016

Rebooting...
ets Jul 29 2019 12:21:46

rst:0xc (SW_CPU_RESET),boot:0x13 (SPI_FAST_FLASH_BOOT)
configsip: 0, SPIWP:0xee
clk_drv:0x00,q_drv:0x00,d_drv:0x00,cs0_drv:0x00,hd_drv:0x00,wp_drv:0x00
mode:DIO, clock div:2
load:0x3fff0030,len:7172
load:0x40078000,len:15540
load:0x40080400,len:4
ho 8 tail 4 room 4
load:0x40080404,len:3904
entry 0x40080640
[0;32mI (31) boot: ESP-IDF v5.2.3-dirty 2nd stage bootloader[0m
[0;32mI (31) boot: compile time Jul 23 2025 17:15:36[0m
[0;32mI (31) boot: Multicore bootloader[0m
[0;32mI (36) boot: chip revision: v3.1[0m
[0;32mI (40) boot.esp32: SPI Speed      : 40MHz[0m
[0;32mI (44) boot.esp32: SPI Mode       : DIO[0m
[0;32mI (49) boot.esp32: SPI Flash Size : 2MB[0m
[0;32mI (53) boot: Enabling RNG early entropy source...[0m
[0;32mI (59) boot: Partition Table:[0m
[0;32mI (62) boot: ## Label            Usage          Type ST Offset   Length[0m
[0;32mI (70) boot:  0 nvs              WiFi data        01 02 00009000 00006000[0m
[0;32mI (77) boot:  1 phy_init         RF data          01 01 0000f000 00001000[0m
[0;32mI (84) boot:  2 factory          factory app      00 00 00010000 00100000[0m
[0;32mI (92) boot: End of partition table[0m
[0;32mI (96) esp_image: segment 0: paddr=00010020 vaddr=3f400020 size=26b78h (158584) map[0m
[0;32mI (159) esp_image: segment 1: paddr=00036ba0 vaddr=3ffb0000 size=03d34h ( 15668) load[0m
[0;32mI (165) esp_image: segment 2: paddr=0003a8dc vaddr=40080000 size=0573ch ( 22332) load[0m
[0;32mI (174) esp_image: segment 3: paddr=00040020 vaddr=400d0020 size=952a0h (610976) map[0m
[0;32mI (384) esp_image: segment 4: paddr=000d52c8 vaddr=4008573c size=122b4h ( 74420) load[0m
[0;32mI (425) boot: Loaded app from partition at offset 0x10000[0m
[0;32mI (425) boot: Disabling RNG early entropy source...[0m
[0;32mI (436) cpu_start: Multicore app[0m
[0;32mI (446) cpu_start: Pro cpu start user code[0m
[0;32mI (446) cpu_start: cpu freq: 160000000 Hz[0m
[0;32mI (446) cpu_start: Application information:[0m
[0;32mI (449) cpu_start: Project name:     esp_ota_server[0m
[0;32mI (454) cpu_start: App version:      860ae13-dirty[0m
[0;32mI (460) cpu_start: Compile time:     Jul 23 2025 18:56:43[0m
[0;32mI (466) cpu_start: ELF file SHA256:  79fcaf016...[0m
[0;32mI (471) cpu_start: ESP-IDF:          v5.2.3-dirty[0m
[0;32mI (477) cpu_start: Min chip rev:     v0.0[0m
[0;32mI (481) cpu_start: Max chip rev:     v3.99 [0m
[0;32mI (486) cpu_start: Chip rev:         v3.1[0m
[0;32mI (491) heap_init: Initializing. RAM available for dynamic allocation:[0m
[0;32mI (498) heap_init: At 3FFAE6E0 len 00001920 (6 KiB): DRAM[0m
[0;32mI (504) heap_init: At 3FFB7E38 len 000281C8 (160 KiB): DRAM[0m
[0;32mI (510) heap_init: At 3FFE0440 len 00003AE0 (14 KiB): D/IRAM[0m
[0;32mI (517) heap_init: At 3FFE4350 len 0001BCB0 (111 KiB): D/IRAM[0m
[0;32mI (523) heap_init: At 400979F0 len 00008610 (33 KiB): IRAM[0m
[0;32mI (531) spi_flash: detected chip: generic[0m
[0;32mI (534) spi_flash: flash io: dio[0m
[0;33mW (538) spi_flash: Detected size(4096k) larger than the size in the binary image header(2048k). Using the size in the binary image header.[0m
[0;32mI (552) main_task: Started on CPU0[0m
[0;32mI (562) main_task: Calling app_main()[0m
[0;32mI (562) example: Starting example[0m
[0;32mI (582) example_mount: Initializing SPIFFS[0m
[0;31mE (582) SPIFFS: spiffs partition could not be found[0m
[0;31mE (582) example_mount: Failed to find SPIFFS partition[0m
ESP_ERROR_CHECK failed: esp_err_t 0x105 (ESP_ERR_NOT_FOUND) at 0x400d6fdd
file: "./main/esp_ota_server.c" line 25
func: app_main
expression: example_mount_storage(base_path)

abort() was called at PC 0x4008a23b on core 0


Backtrace: 0x400818ee:0x3ffba030 0x4008a245:0x3ffba050 0x4009182d:0x3ffba070 0x4008a23b:0x3ffba0e0 0x400d6fdd:0x3ffba110 0x401631af:0x3ffba130 0x4008ae0d:0x3ffba160




ELF file SHA256: 79fcaf016

Rebooting...
ets Jul 29 2019 12:21:46

rst:0xc (SW_CPU_RESET),boot:0x13 (SPI_FAST_FLASH_BOOT)
configsip: 0, SPIWP:0xee
clk_drv:0x00,q_drv:0x00,d_drv:0x00,cs0_drv:0x00,hd_drv:0x00,wp_drv:0x00
mode:DIO, clock div:2
load:0x3fff0030,len:7172
load:0x40078000,len:15540
load:0x40080400,len:4
ho 8 tail 4 room 4
load:0x40080404,len:3904
entry 0x40080640
[0;32mI (31) boot: ESP-IDF v5.2.3-dirty 2nd stage bootloader[0m
[0;32mI (31) boot: compile time Jul 23 2025 17:15:36[0m
[0;32mI (31) boot: Multicore bootloader[0m
[0;32mI (36) boot: chip revision: v3.1[0m
[0;32mI (40) boot.esp32: SPI Speed      : 40MHz[0m
[0;32mI (44) boot.esp32: SPI Mode       : DIO[0m
[0;32mI (49) boot.esp32: SPI Flash Size : 2MB[0m
[0;32mI (53) boot: Enabling RNG early entropy source...[0m
[0;32mI (59) boot: Partition Table:[0m
[0;32mI (62) boot: ## Label            Usage          Type ST Offset   Length[0m
[0;32mI (70) boot:  0 nvs              WiFi data        01 02 00009000 00006000[0m
[0;32mI (77) boot:  1 phy_init         RF data          01 01 0000f000 00001000[0m
[0;32mI (84) boot:  2 factory          factory app      00 00 00010000 00100000[0m
[0;32mI (92) boot: End of partition table[0m
[0;32mI (96) esp_image: segment 0: paddr=00010020 vaddr=3f400020 size=26b78h (158584) map[0m
[0;32mI (159) esp_image: segment 1: paddr=00036ba0 vaddr=3ffb0000 size=03d34h ( 15668) load[0m
[0;32mI (165) esp_image: segment 2: paddr=0003a8dc vaddr=40080000 size=0573ch ( 22332) load[0m
[0;32mI (174) esp_image: segment 3: paddr=00040020 vaddr=400d0020 size=952a0h (610976) map[0m
[0;32mI (384) esp_image: segment 4: paddr=000d52c8 vaddr=4008573c size=122b4h ( 74420) load[0m
[0;32mI (425) boot: Loaded app from partition at offset 0x10000[0m
[0;32mI (425) boot: Disabling RNG early entropy source...[0m
[0;32mI (436) cpu_start: Multicore app[0m
[0;32mI (446) cpu_start: Pro cpu start user code[0m
[0;32mI (446) cpu_start: cpu freq: 160000000 Hz[0m
[0;32mI (446) cpu_start: Application information:[0m
[0;32mI (449) cpu_start: Project name:     esp_ota_server[0m
[0;32mI (454) cpu_start: App version:      860ae13-dirty[0m
[0;32mI (460) cpu_start: Compile time:     Jul 23 2025 18:56:43[0m
[0;32mI (466) cpu_start: ELF file SHA256:  79fcaf016...[0m
[0;32mI (471) cpu_start: ESP-IDF:          v5.2.3-dirty[0m
[0;32mI (477) cpu_start: Min chip rev:     v0.0[0m
[0;32mI (481) cpu_start: Max chip rev:     v3.99 [0m
[0;32mI (486) cpu_start: Chip rev:         v3.1[0m
[0;32mI (491) heap_init: Initializing. RAM available for dynamic allocation:[0m
[0;32mI (498) heap_init: At 3FFAE6E0 len 00001920 (6 KiB): DRAM[0m
[0;32mI (504) heap_init: At 3FFB7E38 len 000281C8 (160 KiB): DRAM[0m
[0;32mI (510) heap_init: At 3FFE0440 len 00003AE0 (14 KiB): D/IRAM[0m
[0;32mI (517) heap_init: At 3FFE4350 len 0001BCB0 (111 KiB): D/IRAM[0m
[0;32mI (523) heap_init: At 400979F0 len 00008610 (33 KiB): IRAM[0m
[0;32mI (531) spi_flash: detected chip: generic[0m
[0;32mI (534) spi_flash: flash io: dio[0m
[0;33mW (538) spi_flash: Detected size(4096k) larger than the size in the binary image header(2048k). Using the size in the binary image header.[0m
[0;32mI (552) main_task: Started on CPU0[0m
[0;32mI (562) main_task: Calling app_main()[0m
[0;32mI (562) example: Starting example[0m
[0;32mI (582) example_mount: Initializing SPIFFS[0m
[0;31mE (582) SPIFFS: spiffs partition could not be found[0m
[0;31mE (582) example_mount: Failed to find SPIFFS partition[0m
ESP_ERROR_CHECK failed: esp_err_t 0x105 (ESP_ERR_NOT_FOUND) at 0x400d6fdd
file: "./main/esp_ota_server.c" line 25
func: app_main
expression: example_mount_storage(base_path)

abort() was called at PC 0x4008a23b on core 0


Backtrace: 0x400818ee:0x3ffba030 0x4008a245:0x3ffba050 0x4009182d:0x3ffba070 0x4008a23b:0x3ffba0e0 0x400d6fdd:0x3ffba110 0x401631af:0x3ffba130 0x4008ae0d:0x3ffba160




ELF file SHA256: 79fcaf016

Rebooting...
ets Jul 29 2019 12:21:46

rst:0xc (SW_CPU_RESET),boot:0x13 (SPI_FAST_FLASH_BOOT)
configsip: 0, SPIWP:0xee
clk_drv:0x00,q_drv:0x00,d_drv:0x00,cs0_drv:0x00,hd_drv:0x00,wp_drv:0x00
mode:DIO, clock div:2
load:0x3fff0030,len:7172
load:0x40078000,len:15540
load:0x40080400,len:4
ho 8 tail 4 room 4
load:0x40080404,len:3904
entry 0x40080640
[0;32mI (31) boot: ESP-IDF v5.2.3-dirty 2nd stage bootloader[0m
[0;32mI (31) boot: compile time Jul 23 2025 17:15:36[0m
[0;32mI (31) boot: Multicore bootloader[0m
[0;32mI (36) boot: chip revision: v3.1[0m
[0;32mI (40) boot.esp32: SPI Speed      : 40MHz[0m
[0;32mI (44) boot.esp32: SPI Mode       : DIO[0m
[0;32mI (49) boot.esp32: SPI Flash Size : 2MB[0m
[0;32mI (53) boot: Enabling RNG early entropy source...[0m
[0;32mI (59) boot: Partition Table:[0m
[0;32mI (62) boot: ## Label            Usage          Type ST Offset   Length[0m
[0;32mI (70) boot:  0 nvs              WiFi data        01 02 00009000 00006000[0m
[0;32mI (77) boot:  1 phy_init         RF data          01 01 0000f000 00001000[0m
[0;32mI (84) boot:  2 factory          factory app      00 00 00010000 00100000[0m
[0;32mI (92) boot: End of partition table[0m
[0;32mI (96) esp_image: segment 0: paddr=00010020 vaddr=3f400020 size=26b78h (158584) map[0m
[0;32mI (159) esp_image: segment 1: paddr=00036ba0 vaddr=3ffb0000 size=03d34h ( 15668) load[0m
[0;32mI (165) esp_image: segment 2: paddr=0003a8dc vaddr=40080000 size=0573ch ( 22332) load[0m
[0;32mI (174) esp_image: segment 3: paddr=00040020 vaddr=400d0020 size=952a0h (610976) map[0m
[0;32mI (384) esp_image: segment 4: paddr=000d52c8 vaddr=4008573c size=122b4h ( 74420) load[0m
[0;32mI (425) boot: Loaded app from partition at offset 0x10000[0m
[0;32mI (425) boot: Disabling RNG early entropy source...[0m
[0;32mI (436) cpu_start: Multicore app[0m
[0;32mI (446) cpu_start: Pro cpu start user code[0m
[0;32mI (446) cpu_start: cpu freq: 160000000 Hz[0m
[0;32mI (446) cpu_start: Application information:[0m
[0;32mI (449) cpu_start: Project name:     esp_ota_server[0m
[0;32mI (454) cpu_start: App version:      860ae13-dirty[0m
[0;32mI (460) cpu_start: Compile time:     Jul 23 2025 18:56:43[0m
[0;32mI (466) cpu_start: ELF file SHA256:  79fcaf016...[0m
[0;32mI (471) cpu_start: ESP-IDF:          v5.2.3-dirty[0m
[0;32mI (477) cpu_start: Min chip rev:     v0.0[0m
[0;32mI (481) cpu_start: Max chip rev:     v3.99 [0m
[0;32mI (486) cpu_start: Chip rev:         v3.1[0m
[0;32mI (491) heap_init: Initializing. RAM available for dynamic allocation:[0m
[0;32mI (498) heap_init: At 3FFAE6E0 len 00001920 (6 KiB): DRAM[0m
[0;32mI (504) heap_init: At 3FFB7E38 len 000281C8 (160 KiB): DRAM[0m
[0;32mI (510) heap_init: At 3FFE0440 len 00003AE0 (14 KiB): D/IRAM[0m
[0;32mI (517) heap_init: At 3FFE4350 len 0001BCB0 (111 KiB): D/IRAM[0m
[0;32mI (523) heap_init: At 400979F0 len 00008610 (33 KiB): IRAM[0m
[0;32mI (531) spi_flash: detected chip: generic[0m
[0;32mI (534) spi_flash: flash io: dio[0m
[0;33mW (538) spi_flash: Detected size(4096k) larger than the size in the binary image header(2048k). Using the size in the binary image header.[0m
[0;32mI (552) main_task: Started on CPU0[0m
[0;32mI (562) main_task: Calling app_main()[0m
[0;32mI (562) example: Starting example[0m
[0;32mI (582) example_mount: Initializing SPIFFS[0m
[0;31mE (582) SPIFFS: spiffs partition could not be found[0m
[0;31mE (582) example_mount: Failed to find SPIFFS partition[0m
ESP_ERROR_CHECK failed: esp_err_t 0x105 (ESP_ERR_NOT_FOUND) at 0x400d6fdd
file: "./main/esp_ota_server.c" line 25
func: app_main
expression: example_mount_storage(base_path)

abort() was called at PC 0x4008a23b on core 0


Backtrace: 0x400818ee:0x3ffba030 0x4008a245:0x3ffba050 0x4009182d:0x3ffba070 0x4008a23b:0x3ffba0e0 0x400d6fdd:0x3ffba110 0x401631af:0x3ffba130 0x4008ae0d:0x3ffba160




ELF file SHA256: 79fcaf016

Rebooting...
ets Jul 29 2019 12:21:46

rst:0xc (SW_CPU_RESET),boot:0x13 (SPI_FAST_FLASH_BOOT)
configsip: 0, SPIWP:0xee
clk_drv:0x00,q_drv:0x00,d_drv:0x00,cs0_drv:0x00,hd_drv:0x00,wp_drv:0x00
mode:DIO, clock div:2
load:0x3fff0030,len:7172
load:0x40078000,len:15540
load:0x40080400,len:4
ho 8 tail 4 room 4
load:0x40080404,len:3904
entry 0x40080640
[0;32mI (31) boot: ESP-IDF v5.2.3-dirty 2nd stage bootloader[0m
[0;32mI (31) boot: compile time Jul 23 2025 17:15:36[0m
[0;32mI (31) boot: Multicore bootloader[0m
[0;32mI (36) boot: chip revision: v3.1[0m
[0;32mI (40) boot.esp32: SPI Speed      : 40MHz[0m
[0;32mI (44) boot.esp32: SPI Mode       : DIO[0m
[0;32mI (49) boot.esp32: SPI Flash Size : 2MB[0m
[0;32mI (53) boot: Enabling RNG early entropy source...[0m
[0;32mI (59) boot: Partition Table:[0m
[0;32mI (62) boot: ## Label            Usage          Type ST Offset   Length[0m
[0;32mI (70) boot:  0 nvs              WiFi data        01 02 00009000 00006000[0m
[0;32mI (77) boot:  1 phy_init         RF data          01 01 0000f000 00001000[0m
[0;32mI (84) boot:  2 factory          factory app      00 00 00010000 00100000[0m
[0;32mI (92) boot: End of partition table[0m
[0;32mI (96) esp_image: segment 0: paddr=00010020 vaddr=3f400020 size=26b78h (158584) map[0m
[0;32mI (159) esp_image: segment 1: paddr=00036ba0 vaddr=3ffb0000 size=03d34h ( 15668) load[0m
[0;32mI (165) esp_image: segment 2: paddr=0003a8dc vaddr=40080000 size=0573ch ( 22332) load[0m
[0;32mI (174) esp_image: segment 3: paddr=00040020 vaddr=400d0020 size=952a0h (610976) map[0m
[0;32mI (384) esp_image: segment 4: paddr=000d52c8 vaddr=4008573c size=122b4h ( 74420) load[0m
[0;32mI (425) boot: Loaded app from partition at offset 0x10000[0m
[0;32mI (425) boot: Disabling RNG early entropy source...[0m
[0;32mI (436) cpu_start: Multicore app[0m
[0;32mI (446) cpu_start: Pro cpu start user code[0m
[0;32mI (446) cpu_start: cpu freq: 160000000 Hz[0m
[0;32mI (446) cpu_start: Application information:[0m
[0;32mI (449) cpu_start: Project name:     esp_ota_server[0m
[0;32mI (454) cpu_start: App version:      860ae13-dirty[0m
[0;32mI (460) cpu_start: Compile time:     Jul 23 2025 18:56:43[0m
[0;32mI (466) cpu_start: ELF file SHA256:  79fcaf016...[0m
[0;32mI (471) cpu_start: ESP-IDF:          v5.2.3-dirty[0m
[0;32mI (477) cpu_start: Min chip rev:     v0.0[0m
[0;32mI (481) cpu_start: Max chip rev:     v3.99 [0m
[0;32mI (486) cpu_start: Chip rev:         v3.1[0m
[0;32mI (491) heap_init: Initializing. RAM available for dynamic allocation:[0m
[0;32mI (498) heap_init: At 3FFAE6E0 len 00001920 (6 KiB): DRAM[0m
[0;32mI (504) heap_init: At 3FFB7E38 len 000281C8 (160 KiB): DRAM[0m
[0;32mI (510) heap_init: At 3FFE0440 len 00003AE0 (14 KiB): D/IRAM[0m
[0;32mI (517) heap_init: At 3FFE4350 len 0001BCB0 (111 KiB): D/IRAM[0m
[0;32mI (523) heap_init: At 400979F0 len 00008610 (33 KiB): IRAM[0m
[0;32mI (531) spi_flash: detected chip: generic[0m
[0;32mI (534) spi_flash: flash io: dio[0m
[0;33mW (538) spi_flash: Detected size(4096k) larger than the size in the binary image header(2048k). Using the size in the binary image header.[0m
[0;32mI (552) main_task: Started on CPU0[0m
[0;32mI (562) main_task: Calling app_main()[0m
[0;32mI (562) example: Starting example[0m
[0;32mI (582) example_mount: Initializing SPIFFS[0m
[0;31mE (582) SPIFFS: spiffs partition could not be found[0m
[0;31mE (582) example_mount: Failed to find SPIFFS partition[0m
ESP_ERROR_CHECK failed: esp_err_t 0x105 (ESP_ERR_NOT_FOUND) at 0x400d6fdd
file: "./main/esp_ota_server.c" line 25
func: app_main
expression: example_mount_storage(base_path)

abort() was called at PC 0x4008a23b on core 0


Backtrace: 0x400818ee:0x3ffba030 0x4008a245:0x3ffba050 0x4009182d:0x3ffba070 0x4008a23b:0x3ffba0e0 0x400d6fdd:0x3ffba110 0x401631af:0x3ffba130 0x4008ae0d:0x3ffba160




ELF file SHA256: 79fcaf016

Rebooting...
ets Jul 29 2019 12:21:46

rst:0xc (SW_CPU_RESET),boot:0x13 (SPI_FAST_FLASH_BOOT)
configsip: 0, SPIWP:0xee
clk_drv:0x00,q_drv:0x00,d_drv:0x00,cs0_drv:0x00,hd_drv:0x00,wp_drv:0x00
mode:DIO, clock div:2
load:0x3fff0030,len:7172
load:0x40078000,len:15540
load:0x40080400,len:4
ho 8 tail 4 room 4
load:0x40080404,len:3904
entry 0x40080640
[0;32mI (31) boot: ESP-IDF v5.2.3-dirty 2nd stage bootloader[0m
[0;32mI (31) boot: compile time Jul 23 2025 17:15:36[0m
[0;32mI (31) boot: Multicore bootloader[0m
[0;32mI (36) boot: chip revision: v3.1[0m
[0;32mI (40) boot.esp32: SPI Speed      : 40MHz[0m
[0;32mI (44) boot.esp32: SPI Mode       : DIO[0m
[0;32mI (49) boot.esp32: SPI Flash Size : 2MB[0m
[0;32mI (53) boot: Enabling RNG early entropy source...[0m
[0;32mI (59) boot: Partition Table:[0m
[0;32mI (62) boot: ## Label            Usage          Type ST Offset   Length[0m
[0;32mI (70) boot:  0 nvs              WiFi data        01 02 00009000 00006000[0m
[0;32mI (77) boot:  1 phy_init         RF data          01 01 0000f000 00001000[0m
[0;32mI (84) boot:  2 factory          factory app      00 00 00010000 00100000[0m
[0;32mI (92) boot: End of partition table[0m
[0;32mI (96) esp_image: segment 0: paddr=00010020 vaddr=3f400020 size=26b78h (158584) map[0m
[0;32mI (159) esp_image: segment 1: paddr=00036ba0 vaddr=3ffb0000 size=03d34h ( 15668) load[0m
[0;32mI (165) esp_image: segment 2: paddr=0003a8dc vaddr=40080000 size=0573ch ( 22332) load[0m
[0;32mI (174) esp_image: segment 3: paddr=00040020 vaddr=400d0020 size=952a0h (610976) map[0m
[0;32mI (384) esp_image: segment 4: paddr=000d52c8 vaddr=4008573c size=122b4h ( 74420) load[0m
[0;32mI (425) boot: Loaded app from partition at offset 0x10000[0m
[0;32mI (425) boot: Disabling RNG early entropy source...[0m
[0;32mI (436) cpu_start: Multicore app[0m
[0;32mI (446) cpu_start: Pro cpu start user code[0m
[0;32mI (446) cpu_start: cpu freq: 160000000 Hz[0m
[0;32mI (446) cpu_start: Application information:[0m
[0;32mI (449) cpu_start: Project name:     esp_ota_server[0m
[0;32mI (454) cpu_start: App version:      860ae13-dirty[0m
[0;32mI (460) cpu_start: Compile time:     Jul 23 2025 18:56:43[0m
[0;32mI (466) cpu_start: ELF file SHA256:  79fcaf016...[0m
[0;32mI (471) cpu_start: ESP-IDF:          v5.2.3-dirty[0m
[0;32mI (477) cpu_start: Min chip rev:     v0.0[0m
[0;32mI (481) cpu_start: Max chip rev:     v3.99 [0m
[0;32mI (486) cpu_start: Chip rev:         v3.1[0m
[0;32mI (491) heap_init: Initializing. RAM available for dynamic allocation:[0m
[0;32mI (498) heap_init: At 3FFAE6E0 len 00001920 (6 KiB): DRAM[0m
[0;32mI (504) heap_init: At 3FFB7E38 len 000281C8 (160 KiB): DRAM[0m
[0;32mI (510) heap_init: At 3FFE0440 len 00003AE0 (14 KiB): D/IRAM[0m
[0;32mI (517) heap_init: At 3FFE4350 len 0001BCB0 (111 KiB): D/IRAM[0m
[0;32mI (523) heap_init: At 400979F0 len 00008610 (33 KiB): IRAM[0m
[0;32mI (531) spi_flash: detected chip: generic[0m
[0;32mI (534) spi_flash: flash io: dio[0m
[0;33mW (538) spi_flash: Detected size(4096k) larger than the size in the binary image header(2048k). Using the size in the binary image header.[0m
[0;32mI (552) main_task: Started on CPU0[0m
[0;32mI (562) main_task: Calling app_main()[0m
[0;32mI (562) example: Starting example[0m
[0;32mI (582) example_mount: Initializing SPIFFS[0m
[0;31mE (582) SPIFFS: spiffs partition could not be found[0m
[0;31mE (582) example_mount: Failed to find SPIFFS partition[0m
ESP_ERROR_CHECK failed: esp_err_t 0x105 (ESP_ERR_NOT_FOUND) at 0x400d6fdd
file: "./main/esp_ota_server.c" line 25
func: app_main
expression: example_mount_storage(base_path)

abort() was called at PC 0x4008a23b on core 0


Backtrace: 0x400818ee:0x3ffba030 0x4008a245:0x3ffba050 0x4009182d:0x3ffba070 0x4008a23b:0x3ffba0e0 0x400d6fdd:0x3ffba110 0x401631af:0x3ffba130 0x4008ae0d:0x3ffba160




ELF file SHA256: 79fcaf016

Rebooting...
ets Jul 29 2019 12:21:46

rst:0xc (SW_CPU_RESET),boot:0x13 (SPI_FAST_FLASH_BOOT)
configsip: 0, SPIWP:0xee
clk_drv:0x00,q_drv:0x00,d_drv:0x00,cs0_drv:0x00,hd_drv:0x00,wp_drv:0x00
mode:DIO, clock div:2
load:0x3fff0030,len:7172
load:0x40078000,len:15540
load:0x40080400,len:4
ho 8 tail 4 room 4
load:0x40080404,len:3904
entry 0x40080640
[0;32mI (31) boot: ESP-IDF v5.2.3-dirty 2nd stage bootloader[0m
[0;32mI (31) boot: compile time Jul 23 2025 17:15:36[0m
[0;32mI (31) boot: Multicore bootloader[0m
[0;32mI (36) boot: chip revision: v3.1[0m
[0;32mI (40) boot.esp32: SPI Speed      : 40MHz[0m
[0;32mI (44) boot.esp32: SPI Mode       : DIO[0m
[0;32mI (49) boot.esp32: SPI Flash Size : 2MB[0m
[0;32mI (53) boot: Enabling RNG early entropy source...[0m
[0;32mI (59) boot: Partition Table:[0m
[0;32mI (62) boot: ## Label            Usage          Type ST Offset   Length[0m
[0;32mI (70) boot:  0 nvs              WiFi data        01 02 00009000 00006000[0m
[0;32mI (77) boot:  1 phy_init         RF data          01 01 0000f000 00001000[0m
[0;32mI (84) boot:  2 factory          factory app      00 00 00010000 00100000[0m
[0;32mI (92) boot: End of partition table[0m
[0;32mI (96) esp_image: segment 0: paddr=00010020 vaddr=3f400020 size=26b78h (158584) map[0m
[0;32mI (159) esp_image: segment 1: paddr=00036ba0 vaddr=3ffb0000 size=03d34h ( 15668) load[0m
[0;32mI (165) esp_image: segment 2: paddr=0003a8dc vaddr=40080000 size=0573ch ( 22332) load[0m
[0;32mI (174) esp_image: segment 3: paddr=00040020 vaddr=400d0020 size=952a0h (610976) map[0m
[0;32mI (384) esp_image: segment 4: paddr=000d52c8 vaddr=4008573c size=122b4h ( 74420) load[0m
[0;32mI (425) boot: Loaded app from partition at offset 0x10000[0m
[0;32mI (425) boot: Disabling RNG early entropy source...[0m
[0;32mI (436) cpu_start: Multicore app[0m
[0;32mI (446) cpu_start: Pro cpu start user code[0m
[0;32mI (446) cpu_start: cpu freq: 160000000 Hz[0m
[0;32mI (446) cpu_start: Application information:[0m
[0;32mI (449) cpu_start: Project name:     esp_ota_server[0m
[0;32mI (454) cpu_start: App version:      860ae13-dirty[0m
[0;32mI (460) cpu_start: Compile time:     Jul 23 2025 18:56:43[0m
[0;32mI (466) cpu_start: ELF file SHA256:  79fcaf016...[0m
[0;32mI (471) cpu_start: ESP-IDF:          v5.2.3-dirty[0m
[0;32mI (477) cpu_start: Min chip rev:     v0.0[0m
[0;32mI (481) cpu_start: Max chip rev:     v3.99 [0m
[0;32mI (486) cpu_start: Chip rev:         v3.1[0m
[0;32mI (491) heap_init: Initializing. RAM available for dynamic allocation:[0m
[0;32mI (498) heap_init: At 3FFAE6E0 len 00001920 (6 KiB): DRAM[0m
[0;32mI (504) heap_init: At 3FFB7E38 len 000281C8 (160 KiB): DRAM[0m
[0;32mI (510) heap_init: At 3FFE0440 len 00003AE0 (14 KiB): D/IRAM[0m
[0;32mI (517) heap_init: At 3FFE4350 len 0001BCB0 (111 KiB): D/IRAM[0m
[0;32mI (523) heap_init: At 400979F0 len 00008610 (33 KiB): IRAM[0m
[0;32mI (531) spi_flash: detected chip: generic[0m
[0;32mI (534) spi_flash: flash io: dio[0m
[0;33mW (538) spi_flash: Detected size(4096k) larger than the size in the binary image header(2048k). Using the size in the binary image header.[0m
[0;32mI (552) main_task: Started on CPU0[0m
[0;32mI (562) main_task: Calling app_main()[0m
[0;32mI (562) example: Starting example[0m
[0;32mI (582) example_mount: Initializing SPIFFS[0m
[0;31mE (582) SPIFFS: spiffs partition could not be found[0m
[0;31mE (582) example_mount: Failed to find SPIFFS partition[0m
ESP_ERROR_CHECK failed: esp_err_t 0x105 (ESP_ERR_NOT_FOUND) at 0x400d6fdd
file: "./main/esp_ota_server.c" line 25
func: app_main
expression: example_mount_storage(base_path)

abort() was called at PC 0x4008a23b on core 0


Backtrace: 0x400818ee:0x3ffba030 0x4008a245:0x3ffba050 0x4009182d:0x3ffba070 0x4008a23b:0x3ffba0e0 0x400d6fdd:0x3ffba110 0x401631af:0x3ffba130 0x4008ae0d:0x3ffba160




ELF file SHA256: 79fcaf016

Rebooting...
ets Jul 29 2019 12:21:46

rst:0xc (SW_CPU_RESET),boot:0x13 (SPI_FAST_FLASH_BOOT)
configsip: 0, SPIWP:0xee
clk_drv:0x00,q_drv:0x00,d_drv:0x00,cs0_drv:0x00,hd_drv:0x00,wp_drv:0x00
mode:DIO, clock div:2
load:0x3fff0030,len:7172
load:0x40078000,len:15540
load:0x40080400,len:4
ho 8 tail 4 room 4
load:0x40080404,len:3904
entry 0x40080640
[0;32mI (31) boot: ESP-IDF v5.2.3-dirty 2nd stage bootloader[0m
[0;32mI (31) boot: compile time Jul 23 2025 17:15:36[0m
[0;32mI (31) boot: Multicore bootloader[0m
[0;32mI (36) boot: chip revision: v3.1[0m
[0;32mI (40) boot.esp32: SPI Speed      : 40MHz[0m
[0;32mI (44) boot.esp32: SPI Mode       : DIO[0m
[0;32mI (49) boot.esp32: SPI Flash Size : 2MB[0m
[0;32mI (53) boot: Enabling RNG early entropy source...[0m
[0;32mI (59) boot: Partition Table:[0m
[0;32mI (62) boot: ## Label            Usage          Type ST Offset   Length[0m
[0;32mI (70) boot:  0 nvs              WiFi data        01 02 00009000 00006000[0m
[0;32mI (77) boot:  1 phy_init         RF data          01 01 0000f000 00001000[0m
[0;32mI (84) boot:  2 factory          factory app      00 00 00010000 00100000[0m
[0;32mI (92) boot: End of partition table[0m
[0;32mI (96) esp_image: segment 0: paddr=00010020 vaddr=3f400020 size=26b78h (158584) map[0m
[0;32mI (159) esp_image: segment 1: paddr=00036ba0 vaddr=3ffb0000 size=03d34h ( 15668) load[0m
[0;32mI (165) esp_image: segment 2: paddr=0003a8dc vaddr=40080000 size=0573ch ( 22332) load[0m
[0;32mI (174) esp_image: segment 3: paddr=00040020 vaddr=400d0020 size=952a0h (610976) map[0m
[0;32mI (384) esp_image: segment 4: paddr=000d52c8 vaddr=4008573c size=122b4h ( 74420) load[0m
[0;32mI (425) boot: Loaded app from partition at offset 0x10000[0m
[0;32mI (425) boot: Disabling RNG early entropy source...[0m
[0;32mI (436) cpu_start: Multicore app[0m
[0;32mI (446) cpu_start: Pro cpu start user code[0m
[0;32mI (446) cpu_start: cpu freq: 160000000 Hz[0m
[0;32mI (446) cpu_start: Application information:[0m
[0;32mI (449) cpu_start: Project name:     esp_ota_server[0m
[0;32mI (454) cpu_start: App version:      860ae13-dirty[0m
[0;32mI (460) cpu_start: Compile time:     Jul 23 2025 18:56:43[0m
[0;32mI (466) cpu_start: ELF file SHA256:  79fcaf016...[0m
[0;32mI (471) cpu_start: ESP-IDF:          v5.2.3-dirty[0m
[0;32mI (477) cpu_start: Min chip rev:     v0.0[0m
[0;32mI (481) cpu_start: Max chip rev:     v3.99 [0m
[0;32mI (486) cpu_start: Chip rev:         v3.1[0m
[0;32mI (491) heap_init: Initializing. RAM available for dynamic allocation:[0m
[0;32mI (498) heap_init: At 3FFAE6E0 len 00001920 (6 KiB): DRAM[0m
[0;32mI (504) heap_init: At 3FFB7E38 len 000281C8 (160 KiB): DRAM[0m
[0;32mI (510) heap_init: At 3FFE0440 len 00003AE0 (14 KiB): D/IRAM[0m
[0;32mI (517) heap_init: At 3FFE4350 len 0001BCB0 (111 KiB): D/IRAM[0m
[0;32mI (523) heap_init: At 400979F0 len 00008610 (33 KiB): IRAM[0m
[0;32mI (531) spi_flash: detected chip: generic[0m
[0;32mI (534) spi_flash: flash io: dio[0m
[0;33mW (538) spi_flash: Detected size(4096k) larger than the size in the binary image header(2048k). Using the size in the binary image header.[0m
[0;32mI (552) main_task: Started on CPU0[0m
[0;32mI (562) main_task: Calling app_main()[0m
[0;32mI (562) example: Starting example[0m
[0;32mI (582) example_mount: Initializing SPIFFS[0m
[0;31mE (582) SPIFFS: spiffs partition could not be found[0m
[0;31mE (582) example_mount: Failed to find SPIFFS partition[0m
ESP_ERROR_CHECK failed: esp_err_t 0x105 (ESP_ERR_NOT_FOUND) at 0x400d6fdd
file: "./main/esp_ota_server.c" line 25
func: app_main
expression: example_mount_storage(base_path)

abort() was called at PC 0x4008a23b on core 0


Backtrace: 0x400818ee:0x3ffba030 0x4008a245:0x3ffba050 0x4009182d:0x3ffba070 0x4008a23b:0x3ffba0e0 0x400d6fdd:0x3ffba110 0x401631af:0x3ffba130 0x4008ae0d:0x3ffba160




ELF file SHA256: 79fcaf016

Rebooting...
ets Jul 29 2019 12:21:46

rst:0xc (SW_CPU_RESET),boot:0x13 (SPI_FAST_FLASH_BOOT)
configsip: 0, SPIWP:0xee
clk_drv:0x00,q_drv:0x00,d_drv:0x00,cs0_drv:0x00,hd_drv:0x00,wp_drv:0x00
mode:DIO, clock div:2
load:0x3fff0030,len:7172
load:0x40078000,len:15540
load:0x40080400,len:4
ho 8 tail 4 room 4
load:0x40080404,len:3904
entry 0x40080640
[0;32mI (31) boot: ESP-IDF v5.2.3-dirty 2nd stage bootloader[0m
[0;32mI (31) boot: compile time Jul 23 2025 17:15:36[0m
[0;32mI (31) boot: Multicore bootloader[0m
[0;32mI (36) boot: chip revision: v3.1[0m
[0;32mI (40) boot.esp32: SPI Speed      : 40MHz[0m
[0;32mI (44) boot.esp32: SPI Mode       : DIO[0m
[0;32mI (49) boot.esp32: SPI Flash Size : 2MB[0m
[0;32mI (53) boot: Enabling RNG early entropy source...[0m
[0;32mI (59) boot: Partition Table:[0m
[0;32mI (62) boot: ## Label            Usage          Type ST Offset   Length[0m
[0;32mI (70) boot:  0 nvs              WiFi data        01 02 00009000 00006000[0m
[0;32mI (77) boot:  1 phy_init         RF data          01 01 0000f000 00001000[0m
[0;32mI (84) boot:  2 factory          factory app      00 00 00010000 00100000[0m
[0;32mI (92) boot: End of partition table[0m
[0;32mI (96) esp_image: segment 0: paddr=00010020 vaddr=3f400020 size=26b78h (158584) map[0m
[0;32mI (159) esp_image: segment 1: paddr=00036ba0 vaddr=3ffb0000 size=03d34h ( 15668) load[0m
[0;32mI (165) esp_image: segment 2: paddr=0003a8dc vaddr=40080000 size=0573ch ( 22332) load[0m
[0;32mI (174) esp_image: segment 3: paddr=00040020 vaddr=400d0020 size=952a0h (610976) map[0m
[0;32mI (384) esp_image: segment 4: paddr=000d52c8 vaddr=4008573c size=122b4h ( 74420) load[0m
[0;32mI (425) boot: Loaded app from partition at offset 0x10000[0m
[0;32mI (425) boot: Disabling RNG early entropy source...[0m
[0;32mI (436) cpu_start: Multicore app[0m
[0;32mI (446) cpu_start: Pro cpu start user code[0m
[0;32mI (446) cpu_start: cpu freq: 160000000 Hz[0m
[0;32mI (446) cpu_start: Application information:[0m
[0;32mI (449) cpu_start: Project name:     esp_ota_server[0m
[0;32mI (454) cpu_start: App version:      860ae13-dirty[0m
[0;32mI (460) cpu_start: Compile time:     Jul 23 2025 18:56:43[0m
[0;32mI (466) cpu_start: ELF file SHA256:  79fcaf016...[0m
[0;32mI (471) cpu_start: ESP-IDF:          v5.2.3-dirty[0m
[0;32mI (477) cpu_start: Min chip rev:     v0.0[0m
[0;32mI (481) cpu_start: Max chip rev:     v3.99 [0m
[0;32mI (486) cpu_start: Chip rev:         v3.1[0m
[0;32mI (491) heap_init: Initializing. RAM available for dynamic allocation:[0m
[0;32mI (498) heap_init: At 3FFAE6E0 len 00001920 (6 KiB): DRAM[0m
[0;32mI (504) heap_init: At 3FFB7E38 len 000281C8 (160 KiB): DRAM[0m
[0;32mI (510) heap_init: At 3FFE0440 len 00003AE0 (14 KiB): D/IRAM[0m
[0;32mI (517) heap_init: At 3FFE4350 len 0001BCB0 (111 KiB): D/IRAM[0m
[0;32mI (523) heap_init: At 400979F0 len 00008610 (33 KiB): IRAM[0m
[0;32mI (531) spi_flash: detected chip: generic[0m
[0;32mI (534) spi_flash: flash io: dio[0m
[0;33mW (538) spi_flash: Detected size(4096k) larger than the size in the binary image header(2048k). Using the size in the binary image header.[0m
[0;32mI (552) main_task: Started on CPU0[0m
[0;32mI (562) main_task: Calling app_main()[0m
[0;32mI (562) example: Starting example[0m
[0;32mI (582) example_mount: Initializing SPIFFS[0m
[0;31mE (582) SPIFFS: spiffs partition could not be found[0m
[0;31mE (582) example_mount: Failed to find SPIFFS partition[0m
ESP_ERROR_CHECK failed: esp_err_t 0x105 (ESP_ERR_NOT_FOUND) at 0x400d6fdd
file: "./main/esp_ota_server.c" line 25
func: app_main
expression: example_mount_storage(base_path)

abort() was called at PC 0x4008a23b on core 0


Backtrace: 0x400818ee:0x3ffba030 0x4008a245:0x3ffba050 0x4009182d:0x3ffba070 0x4008a23b:0x3ffba0e0 0x400d6fdd:0x3ffba110 0x401631af:0x3ffba130 0x4008ae0d:0x3ffba160




ELF file SHA256: 79fcaf016

Rebooting...
ets Jul 29 2019 12:21:46

rst:0xc (SW_CPU_RESET),boot:0x13 (SPI_FAST_FLASH_BOOT)
configsip: 0, SPIWP:0xee
clk_drv:0x00,q_drv:0x00,d_drv:0x00,cs0_drv:0x00,hd_drv:0x00,wp_drv:0x00
mode:DIO, clock div:2
load:0x3fff0030,len:7172
load:0x40078000,len:15540
load:0x40080400,len:4
ho 8 tail 4 room 4
load:0x40080404,len:3904
entry 0x40080640
[0;32mI (31) boot: ESP-IDF v5.2.3-dirty 2nd stage bootloader[0m
[0;32mI (31) boot: compile time Jul 23 2025 17:15:36[0m
[0;32mI (31) boot: Multicore bootloader[0m
[0;32mI (36) boot: chip revision: v3.1[0m
[0;32mI (40) boot.esp32: SPI Speed      : 40MHz[0m
[0;32mI (44) boot.esp32: SPI Mode       : DIO[0m
[0;32mI (49) boot.esp32: SPI Flash Size : 2MB[0m
[0;32mI (53) boot: Enabling RNG early entropy source...[0m
[0;32mI (59) boot: Partition Table:[0m
[0;32mI (62) boot: ## Label            Usage          Type ST Offset   Length[0m
[0;32mI (70) boot:  0 nvs              WiFi data        01 02 00009000 00006000[0m
[0;32mI (77) boot:  1 phy_init         RF data          01 01 0000f000 00001000[0m
[0;32mI (84) boot:  2 factory          factory app      00 00 00010000 00100000[0m
[0;32mI (92) boot: End of partition table[0m
[0;32mI (96) esp_image: segment 0: paddr=00010020 vaddr=3f400020 size=26b78h (158584) map[0m
[0;32mI (159) esp_image: segment 1: paddr=00036ba0 vaddr=3ffb0000 size=03d34h ( 15668) load[0m
[0;32mI (165) esp_image: segment 2: paddr=0003a8dc vaddr=40080000 size=0573ch ( 22332) load[0m
[0;32mI (174) esp_image: segment 3: paddr=00040020 vaddr=400d0020 size=952a0h (610976) map[0m
[0;32mI (384) esp_image: segment 4: paddr=000d52c8 vaddr=4008573c size=122b4h ( 74420) load[0m
[0;32mI (425) boot: Loaded app from partition at offset 0x10000[0m
[0;32mI (425) boot: Disabling RNG early entropy source...[0m
[0;32mI (436) cpu_start: Multicore app[0m
[0;32mI (446) cpu_start: Pro cpu start user code[0m
[0;32mI (446) cpu_start: cpu freq: 160000000 Hz[0m
[0;32mI (446) cpu_start: Application information:[0m
[0;32mI (449) cpu_start: Project name:     esp_ota_server[0m
[0;32mI (454) cpu_start: App version:      860ae13-dirty[0m
[0;32mI (460) cpu_start: Compile time:     Jul 23 2025 18:56:43[0m
[0;32mI (466) cpu_start: ELF file SHA256:  79fcaf016...[0m
[0;32mI (471) cpu_start: ESP-IDF:          v5.2.3-dirty[0m
[0;32mI (477) cpu_start: Min chip rev:     v0.0[0m
[0;32mI (481) cpu_start: Max chip rev:     v3.99 [0m
[0;32mI (486) cpu_start: Chip rev:         v3.1[0m
[0;32mI (491) heap_init: Initializing. RAM available for dynamic allocation:[0m
[0;32mI (498) heap_init: At 3FFAE6E0 len 00001920 (6 KiB): DRAM[0m
[0;32mI (504) heap_init: At 3FFB7E38 len 000281C8 (160 KiB): DRAM[0m
[0;32mI (510) heap_init: At 3FFE0440 len 00003AE0 (14 KiB): D/IRAM[0m
[0;32mI (517) heap_init: At 3FFE4350 len 0001BCB0 (111 KiB): D/IRAM[0m
[0;32mI (523) heap_init: At 400979F0 len 00008610 (33 KiB): IRAM[0m
[0;32mI (531) spi_flash: detected chip: generic[0m
[0;32mI (534) spi_flash: flash io: dio[0m
[0;33mW (538) spi_flash: Detected size(4096k) larger than the size in the binary image header(2048k). Using the size in the binary image header.[0m
[0;32mI (552) main_task: Started on CPU0[0m
[0;32mI (562) main_task: Calling app_main()[0m
[0;32mI (562) example: Starting example[0m
[0;32mI (582) example_mount: Initializing SPIFFS[0m
[0;31mE (582) SPIFFS: spiffs partition could not be found[0m
[0;31mE (582) example_mount: Failed to find SPIFFS partition[0m
ESP_ERROR_CHECK failed: esp_err_t 0x105 (ESP_ERR_NOT_FOUND) at 0x400d6fdd
file: "./main/esp_ota_server.c" line 25
func: app_main
expression: example_mount_storage(base_path)

abort() was called at PC 0x4008a23b on core 0


Backtrace: 0x400818ee:0x3ffba030 0x4008a245:0x3ffba050 0x4009182d:0x3ffba070 0x4008a23b:0x3ffba0e0 0x400d6fdd:0x3ffba110 0x401631af:0x3ffba130 0x4008ae0d:0x3ffba160




ELF file SHA256: 79fcaf016

Rebooting...
ets Jul 29 2019 12:21:46

rst:0xc (SW_CPU_RESET),boot:0x13 (SPI_FAST_FLASH_BOOT)
configsip: 0, SPIWP:0xee
clk_drv:0x00,q_drv:0x00,d_drv:0x00,cs0_drv:0x00,hd_drv:0x00,wp_drv:0x00
mode:DIO, clock div:2
load:0x3fff0030,len:7172
load:0x40078000,len:15540
load:0x40080400,len:4
ho 8 tail 4 room 4
load:0x40080404,len:3904
entry 0x40080640
[0;32mI (31) boot: ESP-IDF v5.2.3-dirty 2nd stage bootloader[0m
[0;32mI (31) boot: compile time Jul 23 2025 17:15:36[0m
[0;32mI (31) boot: Multicore bootloader[0m
[0;32mI (36) boot: chip revision: v3.1[0m
[0;32mI (40) boot.esp32: SPI Speed      : 40MHz[0m
[0;32mI (44) boot.esp32: SPI Mode       : DIO[0m
[0;32mI (49) boot.esp32: SPI Flash Size : 2MB[0m
[0;32mI (53) boot: Enabling RNG early entropy source...[0m
[0;32mI (59) boot: Partition Table:[0m
[0;32mI (62) boot: ## Label            Usage          Type ST Offset   Length[0m
[0;32mI (70) boot:  0 nvs              WiFi data        01 02 00009000 00006000[0m
[0;32mI (77) boot:  1 phy_init         RF data          01 01 0000f000 00001000[0m
[0;32mI (84) boot:  2 factory          factory app      00 00 00010000 00100000[0m
[0;32mI (92) boot: End of partition table[0m
[0;32mI (96) esp_image: segment 0: paddr=00010020 vaddr=3f400020 size=26b78h (158584) map[0m
[0;32mI (159) esp_image: segment 1: paddr=00036ba0 vaddr=3ffb0000 size=03d34h ( 15668) load[0m
[0;32mI (165) esp_image: segment 2: paddr=0003a8dc vaddr=40080000 size=0573ch ( 22332) load[0m
[0;32mI (174) esp_image: segment 3: paddr=00040020 vaddr=400d0020 size=952a0h (610976) map[0m
[0;32mI (384) esp_image: segment 4: paddr=000d52c8 vaddr=4008573c size=122b4h ( 74420) load[0m
[0;32mI (425) boot: Loaded app from partition at offset 0x10000[0m
[0;32mI (425) boot: Disabling RNG early entropy source...[0m
[0;32mI (436) cpu_start: Multicore app[0m
[0;32mI (446) cpu_start: Pro cpu start user code[0m
[0;32mI (446) cpu_start: cpu freq: 160000000 Hz[0m
[0;32mI (446) cpu_start: Application information:[0m
[0;32mI (449) cpu_start: Project name:     esp_ota_server[0m
[0;32mI (454) cpu_start: App version:      860ae13-dirty[0m
[0;32mI (460) cpu_start: Compile time:     Jul 23 2025 18:56:43[0m
[0;32mI (466) cpu_start: ELF file SHA256:  79fcaf016...[0m
[0;32mI (471) cpu_start: ESP-IDF:          v5.2.3-dirty[0m
[0;32mI (477) cpu_start: Min chip rev:     v0.0[0m
[0;32mI (481) cpu_start: Max chip rev:     v3.99 [0m
[0;32mI (486) cpu_start: Chip rev:         v3.1[0m
[0;32mI (491) heap_init: Initializing. RAM available for dynamic allocation:[0m
[0;32mI (498) heap_init: At 3FFAE6E0 len 00001920 (6 KiB): DRAM[0m
[0;32mI (504) heap_init: At 3FFB7E38 len 000281C8 (160 KiB): DRAM[0m
[0;32mI (510) heap_init: At 3FFE0440 len 00003AE0 (14 KiB): D/IRAM[0m
[0;32mI (517) heap_init: At 3FFE4350 len 0001BCB0 (111 KiB): D/IRAM[0m
[0;32mI (523) heap_init: At 400979F0 len 00008610 (33 KiB): IRAM[0m
[0;32mI (531) spi_flash: detected chip: generic[0m
[0;32mI (534) spi_flash: flash io: dio[0m
[0;33mW (538) spi_flash: Detected size(4096k) larger than the size in the binary image header(2048k). Using the size in the binary image header.[0m
[0;32mI (552) main_task: Started on CPU0[0m
[0;32mI (562) main_task: Calling app_main()[0m
[0;32mI (562) example: Starting example[0m
[0;32mI (582) example_mount: Initializing SPIFFS[0m
[0;31mE (582) SPIFFS: spiffs partition could not be found[0m
[0;31mE (582) example_mount: Failed to find SPIFFS partition[0m
ESP_ERROR_CHECK failed: esp_err_t 0x105 (ESP_ERR_NOT_FOUND) at 0x400d6fdd
file: "./main/esp_ota_server.c" line 25
func: app_main
expression: example_mount_storage(base_path)

abort() was called at PC 0x4008a23b on core 0


Backtrace: 0x400818ee:0x3ffba030 0x4008a245:0x3ffba050 0x4009182d:0x3ffba070 0x4008a23b:0x3ffba0e0 0x400d6fdd:0x3ffba110 0x401631af:0x3ffba130 0x4008ae0d:0x3ffba160




ELF file SHA256: 79fcaf016

Rebooting...
ets Jul 29 2019 12:21:46

rst:0xc (SW_CPU_RESET),boot:0x13 (SPI_FAST_FLASH_BOOT)
configsip: 0, SPIWP:0xee
clk_drv:0x00,q_drv:0x00,d_drv:0x00,cs0_drv:0x00,hd_drv:0x00,wp_drv:0x00
mode:DIO, clock div:2
load:0x3fff0030,len:7172
load:0x40078000,len:15540
load:0x40080400,len:4
ho 8 tail 4 room 4
load:0x40080404,len:3904
entry 0x40080640
[0;32mI (31) boot: ESP-IDF v5.2.3-dirty 2nd stage bootloader[0m
[0;32mI (31) boot: compile time Jul 23 2025 17:15:36[0m
[0;32mI (31) boot: Multicore bootloader[0m
[0;32mI (36) boot: chip revision: v3.1[0m
[0;32mI (40) boot.esp32: SPI Speed      : 40MHz[0m
[0;32mI (44) boot.esp32: SPI Mode       : DIO[0m
[0;32mI (49) boot.esp32: SPI Flash Size : 2MB[0m
[0;32mI (53) boot: Enabling RNG early entropy source...[0m
[0;32mI (59) boot: Partition Table:[0m
[0;32mI (62) boot: ## Label            Usage          Type ST Offset   Length[0m
[0;32mI (70) boot:  0 nvs              WiFi data        01 02 00009000 00006000[0m
[0;32mI (77) boot:  1 phy_init         RF data          01 01 0000f000 00001000[0m
[0;32mI (84) boot:  2 factory          factory app      00 00 00010000 00100000[0m
[0;32mI (92) boot: End of partition table[0m
[0;32mI (96) esp_image: segment 0: paddr=00010020 vaddr=3f400020 size=26b78h (158584) map[0m
[0;32mI (159) esp_image: segment 1: paddr=00036ba0 vaddr=3ffb0000 size=03d34h ( 15668) load[0m
[0;32mI (165) esp_image: segment 2: paddr=0003a8dc vaddr=40080000 size=0573ch ( 22332) load[0m
[0;32mI (174) esp_image: segment 3: paddr=00040020 vaddr=400d0020 size=952a0h (610976) map[0m
[0;32mI (384) esp_image: segment 4: paddr=000d52c8 vaddr=4008573c size=122b4h ( 74420) load[0m
[0;32mI (425) boot: Loaded app from partition at offset 0x10000[0m
[0;32mI (425) boot: Disabling RNG early entropy source...[0m
[0;32mI (436) cpu_start: Multicore app[0m
[0;32mI (446) cpu_start: Pro cpu start user code[0m
[0;32mI (446) cpu_start: cpu freq: 160000000 Hz[0m
[0;32mI (446) cpu_start: Application information:[0m
[0;32mI (449) cpu_start: Project name:     esp_ota_server[0m
[0;32mI (454) cpu_start: App version:      860ae13-dirty[0m
[0;32mI (460) cpu_start: Compile time:     Jul 23 2025 18:56:43[0m
[0;32mI (466) cpu_start: ELF file SHA256:  79fcaf016...[0m
[0;32mI (471) cpu_start: ESP-IDF:          v5.2.3-dirty[0m
[0;32mI (477) cpu_start: Min chip rev:     v0.0[0m
[0;32mI (481) cpu_start: Max chip rev:     v3.99 [0m
[0;32mI (486) cpu_start: Chip rev:         v3.1[0m
[0;32mI (491) heap_init: Initializing. RAM available for dynamic allocation:[0m
[0;32mI (498) heap_init: At 3FFAE6E0 len 00001920 (6 KiB): DRAM[0m
[0;32mI (504) heap_init: At 3FFB7E38 len 000281C8 (160 KiB): DRAM[0m
[0;32mI (510) heap_init: At 3FFE0440 len 00003AE0 (14 KiB): D/IRAM[0m
[0;32mI (517) heap_init: At 3FFE4350 len 0001BCB0 (111 KiB): D/IRAM[0m
[0;32mI (523) heap_init: At 400979F0 len 00008610 (33 KiB): IRAM[0m
[0;32mI (531) spi_flash: detected chip: generic[0m
[0;32mI (534) spi_flash: flash io: dio[0m
[0;33mW (538) spi_flash: Detected size(4096k) larger than the size in the binary image header(2048k). Using the size in the binary image header.[0m
[0;32mI (552) main_task: Started on CPU0[0m
[0;32mI (562) main_task: Calling app_main()[0m
[0;32mI (562) example: Starting example[0m
[0;32mI (582) example_mount: Initializing SPIFFS[0m
[0;31mE (582) SPIFFS: spiffs partition could not be found[0m
[0;31mE (582) example_mount: Failed to find SPIFFS partition[0m
ESP_ERROR_CHECK failed: esp_err_t 0x105 (ESP_ERR_NOT_FOUND) at 0x400d6fdd
file: "./main/esp_ota_server.c" line 25
func: app_main
expression: example_mount_storage(base_path)

abort() was called at PC 0x4008a23b on core 0


Backtrace: 0x400818ee:0x3ffba030 0x4008a245:0x3ffba050 0x4009182d:0x3ffba070 0x4008a23b:0x3ffba0e0 0x400d6fdd:0x3ffba110 0x401631af:0x3ffba130 0x4008ae0d:0x3ffba160




ELF file SHA256: 79fcaf016

Rebooting...
ets Jul 29 2019 12:21:46

rst:0xc (SW_CPU_RESET),boot:0x13 (SPI_FAST_FLASH_BOOT)
configsip: 0, SPIWP:0xee
clk_drv:0x00,q_drv:0x00,d_drv:0x00,cs0_drv:0x00,hd_drv:0x00,wp_drv:0x00
mode:DIO, clock div:2
load:0x3fff0030,len:7172
load:0x40078000,len:15540
load:0x40080400,len:4
ho 8 tail 4 room 4
load:0x40080404,len:3904
entry 0x40080640
[0;32mI (31) boot: ESP-IDF v5.2.3-dirty 2nd stage bootloader[0m
[0;32mI (31) boot: compile time Jul 23 2025 17:15:36[0m
[0;32mI (31) boot: Multicore bootloader[0m
[0;32mI (36) boot: chip revision: v3.1[0m
[0;32mI (40) boot.esp32: SPI Speed      : 40MHz[0m
[0;32mI (44) boot.esp32: SPI Mode       : DIO[0m
[0;32mI (49) boot.esp32: SPI Flash Size : 2MB[0m
[0;32mI (53) boot: Enabling RNG early entropy source...[0m
[0;32mI (59) boot: Partition Table:[0m
[0;32mI (62) boot: ## Label            Usage          Type ST Offset   Length[0m
[0;32mI (70) boot:  0 nvs              WiFi data        01 02 00009000 00006000[0m
[0;32mI (77) boot:  1 phy_init         RF data          01 01 0000f000 00001000[0m
[0;32mI (84) boot:  2 factory          factory app      00 00 00010000 00100000[0m
[0;32mI (92) boot: End of partition table[0m
[0;32mI (96) esp_image: segment 0: paddr=00010020 vaddr=3f400020 size=26b78h (158584) map[0m
[0;32mI (159) esp_image: segment 1: paddr=00036ba0 vaddr=3ffb0000 size=03d34h ( 15668) load[0m
[0;32mI (165) esp_image: segment 2: paddr=0003a8dc vaddr=40080000 size=0573ch ( 22332) load[0m
[0;32mI (174) esp_image: segment 3: paddr=00040020 vaddr=400d0020 size=952a0h (610976) map[0m
[0;32mI (384) esp_image: segment 4: paddr=000d52c8 vaddr=4008573c size=122b4h ( 74420) load[0m
[0;32mI (425) boot: Loaded app from partition at offset 0x10000[0m
[0;32mI (425) boot: Disabling RNG early entropy source...[0m
[0;32mI (436) cpu_start: Multicore app[0m
[0;32mI (446) cpu_start: Pro cpu start user code[0m
[0;32mI (446) cpu_start: cpu freq: 160000000 Hz[0m
[0;32mI (446) cpu_start: Application information:[0m
[0;32mI (449) cpu_start: Project name:     esp_ota_server[0m
[0;32mI (454) cpu_start: App version:      860ae13-dirty[0m
[0;32mI (460) cpu_start: Compile time:     Jul 23 2025 18:56:43[0m
[0;32mI (466) cpu_start: ELF file SHA256:  79fcaf016...[0m
[0;32mI (471) cpu_start: ESP-IDF:          v5.2.3-dirty[0m
[0;32mI (477) cpu_start: Min chip rev:     v0.0[0m
[0;32mI (481) cpu_start: Max chip rev:     v3.99 [0m
[0;32mI (486) cpu_start: Chip rev:         v3.1[0m
[0;32mI (491) heap_init: Initializing. RAM available for dynamic allocation:[0m
[0;32mI (498) heap_init: At 3FFAE6E0 len 00001920 (6 KiB): DRAM[0m
[0;32mI (504) heap_init: At 3FFB7E38 len 000281C8 (160 KiB): DRAM[0m
[0;32mI (510) heap_init: At 3FFE0440 len 00003AE0 (14 KiB): D/IRAM[0m
[0;32mI (517) heap_init: At 3FFE4350 len 0001BCB0 (111 KiB): D/IRAM[0m
[0;32mI (523) heap_init: At 400979F0 len 00008610 (33 KiB): IRAM[0m
[0;32mI (531) spi_flash: detected chip: generic[0m
[0;32mI (534) spi_flash: flash io: dio[0m
[0;33mW (538) spi_flash: Detected size(4096k) larger than the size in the binary image header(2048k). Using the size in the binary image header.[0m
[0;32mI (552) main_task: Started on CPU0[0m
[0;32mI (562) main_task: Calling app_main()[0m
[0;32mI (562) example: Starting example[0m
[0;32mI (582) example_mount: Initializing SPIFFS[0m
[0;31mE (582) SPIFFS: spiffs partition could not be found[0m
[0;31mE (582) example_mount: Failed to find SPIFFS partition[0m
ESP_ERROR_CHECK failed: esp_err_t 0x105 (ESP_ERR_NOT_FOUND) at 0x400d6fdd
file: "./main/esp_ota_server.c" line 25
func: app_main
expression: example_mount_storage(base_path)

abort() was called at PC 0x4008a23b on core 0


Backtrace: 0x400818ee:0x3ffba030 0x4008a245:0x3ffba050 0x4009182d:0x3ffba070 0x4008a23b:0x3ffba0e0 0x400d6fdd:0x3ffba110 0x401631af:0x3ffba130 0x4008ae0d:0x3ffba160




ELF file SHA256: 79fcaf016

Rebooting...
ets Jul 29 2019 12:21:46

rst:0xc (SW_CPU_RESET),boot:0x13 (SPI_FAST_FLASH_BOOT)
configsip: 0, SPIWP:0xee
clk_drv:0x00,q_drv:0x00,d_drv:0x00,cs0_drv:0x00,hd_drv:0x00,wp_drv:0x00
mode:DIO, clock div:2
load:0x3fff0030,len:7172
load:0x40078000,len:15540
load:0x40080400,len:4
ho 8 tail 4 room 4
load:0x40080404,len:3904
entry 0x40080640
[0;32mI (31) boot: ESP-IDF v5.2.3-dirty 2nd stage bootloader[0m
[0;32mI (31) boot: compile time Jul 23 2025 17:15:36[0m
[0;32mI (31) boot: Multicore bootloader[0m
[0;32mI (36) boot: chip revision: v3.1[0m
[0;32mI (40) boot.esp32: SPI Speed      : 40MHz[0m
[0;32mI (44) boot.esp32: SPI Mode       : DIO[0m
[0;32mI (49) boot.esp32: SPI Flash Size : 2MB[0m
[0;32mI (53) boot: Enabling RNG early entropy source...[0m
[0;32mI (59) boot: Partition Table:[0m
[0;32mI (62) boot: ## Label            Usage          Type ST Offset   Length[0m
[0;32mI (70) boot:  0 nvs              WiFi data        01 02 00009000 00006000[0m
[0;32mI (77) boot:  1 phy_init         RF data          01 01 0000f000 00001000[0m
[0;32mI (84) boot:  2 factory          factory app      00 00 00010000 00100000[0m
[0;32mI (92) boot: End of partition table[0m
[0;32mI (96) esp_image: segment 0: paddr=00010020 vaddr=3f400020 size=26b78h (158584) map[0m
[0;32mI (159) esp_image: segment 1: paddr=00036ba0 vaddr=3ffb0000 size=03d34h ( 15668) load[0m
[0;32mI (165) esp_image: segment 2: paddr=0003a8dc vaddr=40080000 size=0573ch ( 22332) load[0m
[0;32mI (174) esp_image: segment 3: paddr=00040020 vaddr=400d0020 size=952a0h (610976) map[0m
[0;32mI (384) esp_image: segment 4: paddr=000d52c8 vaddr=4008573c size=122b4h ( 74420) load[0m
[0;32mI (425) boot: Loaded app from partition at offset 0x10000[0m
[0;32mI (425) boot: Disabling RNG early entropy source...[0m
[0;32mI (436) cpu_start: Multicore app[0m
[0;32mI (446) cpu_start: Pro cpu start user code[0m
[0;32mI (446) cpu_start: cpu freq: 160000000 Hz[0m
[0;32mI (446) cpu_start: Application information:[0m
[0;32mI (449) cpu_start: Project name:     esp_ota_server[0m
[0;32mI (454) cpu_start: App version:      860ae13-dirty[0m
[0;32mI (460) cpu_start: Compile time:     Jul 23 2025 18:56:43[0m
[0;32mI (466) cpu_start: ELF file SHA256:  79fcaf016...[0m
[0;32mI (471) cpu_start: ESP-IDF:          v5.2.3-dirty[0m
[0;32mI (477) cpu_start: Min chip rev:     v0.0[0m
[0;32mI (481) cpu_start: Max chip rev:     v3.99 [0m
[0;32mI (486) cpu_start: Chip rev:         v3.1[0m
[0;32mI (491) heap_init: Initializing. RAM available for dynamic allocation:[0m
[0;32mI (498) heap_init: At 3FFAE6E0 len 00001920 (6 KiB): DRAM[0m
[0;32mI (504) heap_init: At 3FFB7E38 len 000281C8 (160 KiB): DRAM[0m
[0;32mI (510) heap_init: At 3FFE0440 len 00003AE0 (14 KiB): D/IRAM[0m
[0;32mI (517) heap_init: At 3FFE4350 len 0001BCB0 (111 KiB): D/IRAM[0m
[0;32mI (523) heap_init: At 400979F0 len 00008610 (33 KiB): IRAM[0m
[0;32mI (531) spi_flash: detected chip: generic[0m
[0;32mI (534) spi_flash: flash io: dio[0m
[0;33mW (538) spi_flash: Detected size(4096k) larger than the size in the binary image header(2048k). Using the size in the binary image header.[0m
[0;32mI (552) main_task: Started on CPU0[0m
[0;32mI (562) main_task: Calling app_main()[0m
[0;32mI (562) example: Starting example[0m
[0;32mI (582) example_mount: Initializing SPIFFS[0m
[0;31mE (582) SPIFFS: spiffs partition could not be found[0m
[0;31mE (582) example_mount: Failed to find SPIFFS partition[0m
ESP_ERROR_CHECK failed: esp_err_t 0x105 (ESP_ERR_NOT_FOUND) at 0x400d6fdd
file: "./main/esp_ota_server.c" line 25
func: app_main
expression: example_mount_storage(base_path)

abort() was called at PC 0x4008a23b on core 0


Backtrace: 0x400818ee:0x3ffba030 0x4008a245:0x3ffba050 0x4009182d:0x3ffba070 0x4008a23b:0x3ffba0e0 0x400d6fdd:0x3ffba110 0x401631af:0x3ffba130 0x4008ae0d:0x3ffba160




ELF file SHA256: 79fcaf016

Rebooting...
ets Jul 29 2019 12:21:46

rst:0xc (SW_CPU_RESET),boot:0x13 (SPI_FAST_FLASH_BOOT)
configsip: 0, SPIWP:0xee
clk_drv:0x00,q_drv:0x00,d_drv:0x00,cs0_drv:0x00,hd_drv:0x00,wp_drv:0x00
mode:DIO, clock div:2
load:0x3fff0030,len:7172
load:0x40078000,len:15540
load:0x40080400,len:4
ho 8 tail 4 room 4
load:0x40080404,len:3904
entry 0x40080640
[0;32mI (31) boot: ESP-IDF v5.2.3-dirty 2nd stage bootloader[0m
[0;32mI (31) boot: compile time Jul 23 2025 17:15:36[0m
[0;32mI (31) boot: Multicore bootloader[0m
[0;32mI (36) boot: chip revision: v3.1[0m
[0;32mI (40) boot.esp32: SPI Speed      : 40MHz[0m
[0;32mI (44) boot.esp32: SPI Mode       : DIO[0m
[0;32mI (49) boot.esp32: SPI Flash Size : 2MB[0m
[0;32mI (53) boot: Enabling RNG early entropy source...[0m
[0;32mI (59) boot: Partition Table:[0m
[0;32mI (62) boot: ## Label            Usage          Type ST Offset   Length[0m
[0;32mI (70) boot:  0 nvs              WiFi data        01 02 00009000 00006000[0m
[0;32mI (77) boot:  1 phy_init         RF data          01 01 0000f000 00001000[0m
[0;32mI (84) boot:  2 factory          factory app      00 00 00010000 00100000[0m
[0;32mI (92) boot: End of partition table[0m
[0;32mI (96) esp_image: segment 0: paddr=00010020 vaddr=3f400020 size=26b78h (158584) map[0m
[0;32mI (159) esp_image: segment 1: paddr=00036ba0 vaddr=3ffb0000 size=03d34h ( 15668) load[0m
[0;32mI (165) esp_image: segment 2: paddr=0003a8dc vaddr=40080000 size=0573ch ( 22332) load[0m
[0;32mI (174) esp_image: segment 3: paddr=00040020 vaddr=400d0020 size=952a0h (610976) map[0m
[0;32mI (384) esp_image: segment 4: paddr=000d52c8 vaddr=4008573c size=122b4h ( 74420) load[0m
[0;32mI (425) boot: Loaded app from partition at offset 0x10000[0m
[0;32mI (425) boot: Disabling RNG early entropy source...[0m
[0;32mI (436) cpu_start: Multicore app[0m
[0;32mI (446) cpu_start: Pro cpu start user code[0m
[0;32mI (446) cpu_start: cpu freq: 160000000 Hz[0m
[0;32mI (446) cpu_start: Application information:[0m
[0;32mI (449) cpu_start: Project name:     esp_ota_server[0m
[0;32mI (454) cpu_start: App version:      860ae13-dirty[0m
[0;32mI (460) cpu_start: Compile time:     Jul 23 2025 18:56:43[0m
[0;32mI (466) cpu_start: ELF file SHA256:  79fcaf016...[0m
[0;32mI (471) cpu_start: ESP-IDF:          v5.2.3-dirty[0m
[0;32mI (477) cpu_start: Min chip rev:     v0.0[0m
[0;32mI (481) cpu_start: Max chip rev:     v3.99 [0m
[0;32mI (486) cpu_start: Chip rev:         v3.1[0m
[0;32mI (491) heap_init: Initializing. RAM available for dynamic allocation:[0m
[0;32mI (498) heap_init: At 3FFAE6E0 len 00001920 (6 KiB): DRAM[0m
[0;32mI (504) heap_init: At 3FFB7E38 len 000281C8 (160 KiB): DRAM[0m
[0;32mI (510) heap_init: At 3FFE0440 len 00003AE0 (14 KiB): D/IRAM[0m
[0;32mI (517) heap_init: At 3FFE4350 len 0001BCB0 (111 KiB): D/IRAM[0m
[0;32mI (523) heap_init: At 400979F0 len 00008610 (33 KiB): IRAM[0m
[0;32mI (531) spi_flash: detected chip: generic[0m
[0;32mI (534) spi_flash: flash io: dio[0m
[0;33mW (538) spi_flash: Detected size(4096k) larger than the size in the binary image header(2048k). Using the size in the binary image header.[0m
[0;32mI (552) main_task: Started on CPU0[0m
[0;32mI (562) main_task: Calling app_main()[0m
[0;32mI (562) example: Starting example[0m
[0;32mI (582) example_mount: Initializing SPIFFS[0m
[0;31mE (582) SPIFFS: spiffs partition could not be found[0m
[0;31mE (582) example_mount: Failed to find SPIFFS partition[0m
ESP_ERROR_CHECK failed: esp_err_t 0x105 (ESP_ERR_NOT_FOUND) at 0x400d6fdd
file: "./main/esp_ota_server.c" line 25
func: app_main
expression: example_mount_storage(base_path)

abort() was called at PC 0x4008a23b on core 0


Backtrace: 0x400818ee:0x3ffba030 0x4008a245:0x3ffba050 0x4009182d:0x3ffba070 0x4008a23b:0x3ffba0e0 0x400d6fdd:0x3ffba110 0x401631af:0x3ffba130 0x4008ae0d:0x3ffba160




ELF file SHA256: 79fcaf016

Rebooting...
ets Jul 29 2019 12:21:46

rst:0xc (SW_CPU_RESET),boot:0x13 (SPI_FAST_FLASH_BOOT)
configsip: 0, SPIWP:0xee
clk_drv:0x00,q_drv:0x00,d_drv:0x00,cs0_drv:0x00,hd_drv:0x00,wp_drv:0x00
mode:DIO, clock div:2
load:0x3fff0030,len:7172
load:0x40078000,len:15540
load:0x40080400,len:4
ho 8 tail 4 room 4
load:0x40080404,len:3904
entry 0x40080640
[0;32mI (31) boot: ESP-IDF v5.2.3-dirty 2nd stage bootloader[0m
[0;32mI (31) boot: compile time Jul 23 2025 17:15:36[0m
[0;32mI (31) boot: Multicore bootloader[0m
[0;32mI (36) boot: chip revision: v3.1[0m
[0;32mI (40) boot.esp32: SPI Speed      : 40MHz[0m
[0;32mI (44) boot.esp32: SPI Mode       : DIO[0m
[0;32mI (49) boot.esp32: SPI Flash Size : 2MB[0m
[0;32mI (53) boot: Enabling RNG early entropy source...[0m
[0;32mI (59) boot: Partition Table:[0m
[0;32mI (62) boot: ## Label            Usage          Type ST Offset   Length[0m
[0;32mI (70) boot:  0 nvs              WiFi data        01 02 00009000 00006000[0m
[0;32mI (77) boot:  1 phy_init         RF data          01 01 0000f000 00001000[0m
[0;32mI (84) boot:  2 factory          factory app      00 00 00010000 00100000[0m
[0;32mI (92) boot: End of partition table[0m
[0;32mI (96) esp_image: segment 0: paddr=00010020 vaddr=3f400020 size=26b78h (158584) map[0m
[0;32mI (159) esp_image: segment 1: paddr=00036ba0 vaddr=3ffb0000 size=03d34h ( 15668) load[0m
[0;32mI (165) esp_image: segment 2: paddr=0003a8dc vaddr=40080000 size=0573ch ( 22332) load[0m
[0;32mI (174) esp_image: segment 3: paddr=00040020 vaddr=400d0020 size=952a0h (610976) map[0m
[0;32mI (384) esp_image: segment 4: paddr=000d52c8 vaddr=4008573c size=122b4h ( 74420) load[0m
[0;32mI (425) boot: Loaded app from partition at offset 0x10000[0m
[0;32mI (425) boot: Disabling RNG early entropy source...[0m
[0;32mI (436) cpu_start: Multicore app[0m
[0;32mI (446) cpu_start: Pro cpu start user code[0m
[0;32mI (446) cpu_start: cpu freq: 160000000 Hz[0m
[0;32mI (446) cpu_start: Application information:[0m
[0;32mI (449) cpu_start: Project name:     esp_ota_server[0m
[0;32mI (454) cpu_start: App version:      860ae13-dirty[0m
[0;32mI (460) cpu_start: Compile time:     Jul 23 2025 18:56:43[0m
[0;32mI (466) cpu_start: ELF file SHA256:  79fcaf016...[0m
[0;32mI (471) cpu_start: ESP-IDF:          v5.2.3-dirty[0m
[0;32mI (477) cpu_start: Min chip rev:     v0.0[0m
[0;32mI (481) cpu_start: Max chip rev:     v3.99 [0m
[0;32mI (486) cpu_start: Chip rev:         v3.1[0m
[0;32mI (491) heap_init: Initializing. RAM available for dynamic allocation:[0m
[0;32mI (498) heap_init: At 3FFAE6E0 len 00001920 (6 KiB): DRAM[0m
[0;32mI (504) heap_init: At 3FFB7E38 len 000281C8 (160 KiB): DRAM[0m
[0;32mI (510) heap_init: At 3FFE0440 len 00003AE0 (14 KiB): D/IRAM[0m
[0;32mI (517) heap_init: At 3FFE4350 len 0001BCB0 (111 KiB): D/IRAM[0m
[0;32mI (523) heap_init: At 400979F0 len 00008610 (33 KiB): IRAM[0m
[0;32mI (531) spi_flash: detected chip: generic[0m
[0;32mI (534) spi_flash: flash io: dio[0m
[0;33mW (538) spi_flash: Detected size(4096k) larger than the size in the binary image header(2048k). Using the size in the binary image header.[0m
[0;32mI (552) main_task: Started on CPU0[0m
[0;32mI (562) main_task: Calling app_main()[0m
[0;32mI (562) example: Starting example[0m
[0;32mI (582) example_mount: Initializing SPIFFS[0m
[0;31mE (582) SPIFFS: spiffs partition could not be found[0m
[0;31mE (582) example_mount: Failed to find SPIFFS partition[0m
ESP_ERROR_CHECK failed: esp_err_t 0x105 (ESP_ERR_NOT_FOUND) at 0x400d6fdd
file: "./main/esp_ota_server.c" line 25
func: app_main
expression: example_mount_storage(base_path)

abort() was called at PC 0x4008a23b on core 0


Backtrace: 0x400818ee:0x3ffba030 0x4008a245:0x3ffba050 0x4009182d:0x3ffba070 0x4008a23b:0x3ffba0e0 0x400d6fdd:0x3ffba110 0x401631af:0x3ffba130 0x4008ae0d:0x3ffba160




ELF file SHA256: 79fcaf016

Rebooting...
ets Jul 29 2019 12:21:46

rst:0xc (SW_CPU_RESET),boot:0x13 (SPI_FAST_FLASH_BOOT)
configsip: 0, SPIWP:0xee
clk_drv:0x00,q_drv:0x00,d_drv:0x00,cs0_drv:0x00,hd_drv:0x00,wp_drv:0x00
mode:DIO, clock div:2
load:0x3fff0030,len:7172
load:0x40078000,len:15540
load:0x40080400,len:4
ho 8 tail 4 room 4
load:0x40080404,len:3904
entry 0x40080640
[0;32mI (31) boot: ESP-IDF v5.2.3-dirty 2nd stage bootloader[0m
[0;32mI (31) boot: compile time Jul 23 2025 17:15:36[0m
[0;32mI (31) boot: Multicore bootloader[0m
[0;32mI (36) boot: chip revision: v3.1[0m
[0;32mI (40) boot.esp32: SPI Speed      : 40MHz[0m
[0;32mI (44) boot.esp32: SPI Mode       : DIO[0m
[0;32mI (49) boot.esp32: SPI Flash Size : 2MB[0m
[0;32mI (53) boot: Enabling RNG early entropy source...[0m
[0;32mI (59) boot: Partition Table:[0m
[0;32mI (62) boot: ## Label            Usage          Type ST Offset   Length[0m
[0;32mI (70) boot:  0 nvs              WiFi data        01 02 00009000 00006000[0m
[0;32mI (77) boot:  1 phy_init         RF data          01 01 0000f000 00001000[0m
[0;32mI (84) boot:  2 factory          factory app      00 00 00010000 00100000[0m
[0;32mI (92) boot: End of partition table[0m
[0;32mI (96) esp_image: segment 0: paddr=00010020 vaddr=3f400020 size=26b78h (158584) map[0m
[0;32mI (159) esp_image: segment 1: paddr=00036ba0 vaddr=3ffb0000 size=03d34h ( 15668) load[0m
[0;32mI (165) esp_image: segment 2: paddr=0003a8dc vaddr=40080000 size=0573ch ( 22332) load[0m
[0;32mI (174) esp_image: segment 3: paddr=00040020 vaddr=400d0020 size=952a0h (610976) map[0m
[0;32mI (384) esp_image: segment 4: paddr=000d52c8 vaddr=4008573c size=122b4h ( 74420) load[0m
[0;32mI (425) boot: Loaded app from partition at offset 0x10000[0m
[0;32mI (425) boot: Disabling RNG early entropy source...[0m
[0;32mI (436) cpu_start: Multicore app[0m
[0;32mI (446) cpu_start: Pro cpu start user code[0m
[0;32mI (446) cpu_start: cpu freq: 160000000 Hz[0m
[0;32mI (446) cpu_start: Application information:[0m
[0;32mI (449) cpu_start: Project name:     esp_ota_server[0m
[0;32mI (454) cpu_start: App version:      860ae13-dirty[0m
[0;32mI (460) cpu_start: Compile time:     Jul 23 2025 18:56:43[0m
[0;32mI (466) cpu_start: ELF file SHA256:  79fcaf016...[0m
[0;32mI (471) cpu_start: ESP-IDF:          v5.2.3-dirty[0m
[0;32mI (477) cpu_start: Min chip rev:     v0.0[0m
[0;32mI (481) cpu_start: Max chip rev:     v3.99 [0m
[0;32mI (486) cpu_start: Chip rev:         v3.1[0m
[0;32mI (491) heap_init: Initializing. RAM available for dynamic allocation:[0m
[0;32mI (498) heap_init: At 3FFAE6E0 len 00001920 (6 KiB): DRAM[0m
[0;32mI (504) heap_init: At 3FFB7E38 len 000281C8 (160 KiB): DRAM[0m
[0;32mI (510) heap_init: At 3FFE0440 len 00003AE0 (14 KiB): D/IRAM[0m
[0;32mI (517) heap_init: At 3FFE4350 len 0001BCB0 (111 KiB): D/IRAM[0m
[0;32mI (523) heap_init: At 400979F0 len 00008610 (33 KiB): IRAM[0m
[0;32mI (531) spi_flash: detected chip: generic[0m
[0;32mI (534) spi_flash: flash io: dio[0m
[0;33mW (538) spi_flash: Detected size(4096k) larger than the size in the binary image header(2048k). Using the size in the binary image header.[0m
[0;32mI (552) main_task: Started on CPU0[0m
[0;32mI (562) main_task: Calling app_main()[0m
[0;32mI (562) example: Starting example[0m
[0;32mI (582) example_mount: Initializing SPIFFS[0m
[0;31mE (582) SPIFFS: spiffs partition could not be found[0m
[0;31mE (582) example_mount: Failed to find SPIFFS partition[0m
ESP_ERROR_CHECK failed: esp_err_t 0x105 (ESP_ERR_NOT_FOUND) at 0x400d6fdd
file: "./main/esp_ota_server.c" line 25
func: app_main
expression: example_mount_storage(base_path)

abort() was called at PC 0x4008a23b on core 0


Backtrace: 0x400818ee:0x3ffba030 0x4008a245:0x3ffba050 0x4009182d:0x3ffba070 0x4008a23b:0x3ffba0e0 0x400d6fdd:0x3ffba110 0x401631af:0x3ffba130 0x4008ae0d:0x3ffba160




ELF file SHA256: 79fcaf016

Rebooting...
ets Jul 29 2019 12:21:46

rst:0xc (SW_CPU_RESET),boot:0x13 (SPI_FAST_FLASH_BOOT)
configsip: 0, SPIWP:0xee
clk_drv:0x00,q_drv:0x00,d_drv:0x00,cs0_drv:0x00,hd_drv:0x00,wp_drv:0x00
mode:DIO, clock div:2
load:0x3fff0030,len:7172
load:0x40078000,len:15540
load:0x40080400,len:4
ho 8 tail 4 room 4
load:0x40080404,len:3904
entry 0x40080640
[0;32mI (31) boot: ESP-IDF v5.2.3-dirty 2nd stage bootloader[0m
[0;32mI (31) boot: compile time Jul 23 2025 17:15:36[0m
[0;32mI (31) boot: Multicore bootloader[0m
[0;32mI (36) boot: chip revision: v3.1[0m
[0;32mI (40) boot.esp32: SPI Speed      : 40MHz[0m
[0;32mI (44) boot.esp32: SPI Mode       : DIO[0m
[0;32mI (49) boot.esp32: SPI Flash Size : 2MB[0m
[0;32mI (53) boot: Enabling RNG early entropy source...[0m
[0;32mI (59) boot: Partition Table:[0m
[0;32mI (62) boot: ## Label            Usage          Type ST Offset   Length[0m
[0;32mI (70) boot:  0 nvs              WiFi data        01 02 00009000 00006000[0m
[0;32mI (77) boot:  1 phy_init         RF data          01 01 0000f000 00001000[0m
[0;32mI (84) boot:  2 factory          factory app      00 00 00010000 00100000[0m
[0;32mI (92) boot: End of partition table[0m
[0;32mI (96) esp_image: segment 0: paddr=00010020 vaddr=3f400020 size=26b78h (158584) map[0m
[0;32mI (159) esp_image: segment 1: paddr=00036ba0 vaddr=3ffb0000 size=03d34h ( 15668) load[0m
[0;32mI (165) esp_image: segment 2: paddr=0003a8dc vaddr=40080000 size=0573ch ( 22332) load[0m
[0;32mI (174) esp_image: segment 3: paddr=00040020 vaddr=400d0020 size=952a0h (610976) map[0m
[0;32mI (384) esp_image: segment 4: paddr=000d52c8 vaddr=4008573c size=122b4h ( 74420) load[0m
[0;32mI (425) boot: Loaded app from partition at offset 0x10000[0m
[0;32mI (425) boot: Disabling RNG early entropy source...[0m
[0;32mI (436) cpu_start: Multicore app[0m
[0;32mI (446) cpu_start: Pro cpu start user code[0m
[0;32mI (446) cpu_start: cpu freq: 160000000 Hz[0m
[0;32mI (446) cpu_start: Application information:[0m
[0;32mI (449) cpu_start: Project name:     esp_ota_server[0m
[0;32mI (454) cpu_start: App version:      860ae13-dirty[0m
[0;32mI (460) cpu_start: Compile time:     Jul 23 2025 18:56:43[0m
[0;32mI (466) cpu_start: ELF file SHA256:  79fcaf016...[0m
[0;32mI (471) cpu_start: ESP-IDF:          v5.2.3-dirty[0m
[0;32mI (477) cpu_start: Min chip rev:     v0.0[0m
[0;32mI (481) cpu_start: Max chip rev:     v3.99 [0m
[0;32mI (486) cpu_start: Chip rev:         v3.1[0m
[0;32mI (491) heap_init: Initializing. RAM available for dynamic allocation:[0m
[0;32mI (498) heap_init: At 3FFAE6E0 len 00001920 (6 KiB): DRAM[0m
[0;32mI (504) heap_init: At 3FFB7E38 len 000281C8 (160 KiB): DRAM[0m
[0;32mI (510) heap_init: At 3FFE0440 len 00003AE0 (14 KiB): D/IRAM[0m
[0;32mI (517) heap_init: At 3FFE4350 len 0001BCB0 (111 KiB): D/IRAM[0m
[0;32mI (523) heap_init: At 400979F0 len 00008610 (33 KiB): IRAM[0m
[0;32mI (531) spi_flash: detected chip: generic[0m
[0;32mI (534) spi_flash: flash io: dio[0m
[0;33mW (538) spi_flash: Detected size(4096k) larger than the size in the binary image header(2048k). Using the size in the binary image header.[0m
[0;32mI (552) main_task: Started on CPU0[0m
[0;32mI (562) main_task: Calling app_main()[0m
[0;32mI (562) example: Starting example[0m
[0;32mI (582) example_mount: Initializing SPIFFS[0m
[0;31mE (582) SPIFFS: spiffs partition could not be found[0m
[0;31mE (582) example_mount: Failed to find SPIFFS partition[0m
ESP_ERROR_CHECK failed: esp_err_t 0x105 (ESP_ERR_NOT_FOUND) at 0x400d6fdd
file: "./main/esp_ota_server.c" line 25
func: app_main
expression: example_mount_storage(base_path)

abort() was called at PC 0x4008a23b on core 0


Backtrace: 0x400818ee:0x3ffba030 0x4008a245:0x3ffba050 0x4009182d:0x3ffba070 0x4008a23b:0x3ffba0e0 0x400d6fdd:0x3ffba110 0x401631af:0x3ffba130 0x4008ae0d:0x3ffba160




ELF file SHA256: 79fcaf016

Rebooting...
ets Jul 29 2019 12:21:46

rst:0xc (SW_CPU_RESET),boot:0x13 (SPI_FAST_FLASH_BOOT)
configsip: 0, SPIWP:0xee
clk_drv:0x00,q_drv:0x00,d_drv:0x00,cs0_drv:0x00,hd_drv:0x00,wp_drv:0x00
mode:DIO, clock div:2
load:0x3fff0030,len:7172
load:0x40078000,len:15540
load:0x40080400,len:4
ho 8 tail 4 room 4
load:0x40080404,len:3904
entry 0x40080640
[0;32mI (31) boot: ESP-IDF v5.2.3-dirty 2nd stage bootloader[0m
[0;32mI (31) boot: compile time Jul 23 2025 17:15:36[0m
[0;32mI (31) boot: Multicore bootloader[0m
[0;32mI (36) boot: chip revision: v3.1[0m
[0;32mI (40) boot.esp32: SPI Speed      : 40MHz[0m
[0;32mI (44) boot.esp32: SPI Mode       : DIO[0m
[0;32mI (49) boot.esp32: SPI Flash Size : 2MB[0m
[0;32mI (53) boot: Enabling RNG early entropy source...[0m
[0;32mI (59) boot: Partition Table:[0m
[0;32mI (62) boot: ## Label            Usage          Type ST Offset   Length[0m
[0;32mI (70) boot:  0 nvs              WiFi data        01 02 00009000 00006000[0m
[0;32mI (77) boot:  1 phy_init         RF data          01 01 0000f000 00001000[0m
[0;32mI (84) boot:  2 factory          factory app      00 00 00010000 00100000[0m
[0;32mI (92) boot: End of partition table[0m
[0;32mI (96) esp_image: segment 0: paddr=00010020 vaddr=3f400020 size=26b78h (158584) map[0m
[0;32mI (159) esp_image: segment 1: paddr=00036ba0 vaddr=3ffb0000 size=03d34h ( 15668) load[0m
[0;32mI (165) esp_image: segment 2: paddr=0003a8dc vaddr=40080000 size=0573ch ( 22332) load[0m
[0;32mI (174) esp_image: segment 3: paddr=00040020 vaddr=400d0020 size=952a0h (610976) map[0m
[0;32mI (384) esp_image: segment 4: paddr=000d52c8 vaddr=4008573c size=122b4h ( 74420) load[0m
[0;32mI (425) boot: Loaded app from partition at offset 0x10000[0m
[0;32mI (425) boot: Disabling RNG early entropy source...[0m
[0;32mI (436) cpu_start: Multicore app[0m
[0;32mI (446) cpu_start: Pro cpu start user code[0m
[0;32mI (446) cpu_start: cpu freq: 160000000 Hz[0m
[0;32mI (446) cpu_start: Application information:[0m
[0;32mI (449) cpu_start: Project name:     esp_ota_server[0m
[0;32mI (454) cpu_start: App version:      860ae13-dirty[0m
[0;32mI (460) cpu_start: Compile time:     Jul 23 2025 18:56:43[0m
[0;32mI (466) cpu_start: ELF file SHA256:  79fcaf016...[0m
[0;32mI (471) cpu_start: ESP-IDF:          v5.2.3-dirty[0m
[0;32mI (477) cpu_start: Min chip rev:     v0.0[0m
[0;32mI (481) cpu_start: Max chip rev:     v3.99 [0m
[0;32mI (486) cpu_start: Chip rev:         v3.1[0m
[0;32mI (491) heap_init: Initializing. RAM available for dynamic allocation:[0m
[0;32mI (498) heap_init: At 3FFAE6E0 len 00001920 (6 KiB): DRAM[0m
[0;32mI (504) heap_init: At 3FFB7E38 len 000281C8 (160 KiB): DRAM[0m
[0;32mI (510) heap_init: At 3FFE0440 len 00003AE0 (14 KiB): D/IRAM[0m
[0;32mI (517) heap_init: At 3FFE4350 len 0001BCB0 (111 KiB): D/IRAM[0m
[0;32mI (523) heap_init: At 400979F0 len 00008610 (33 KiB): IRAM[0m
[0;32mI (531) spi_flash: detected chip: generic[0m
[0;32mI (534) spi_flash: flash io: dio[0m
[0;33mW (538) spi_flash: Detected size(4096k) larger than the size in the binary image header(2048k). Using the size in the binary image header.[0m
[0;32mI (552) main_task: Started on CPU0[0m
[0;32mI (562) main_task: Calling app_main()[0m
[0;32mI (562) example: Starting example[0m
[0;32mI (582) example_mount: Initializing SPIFFS[0m
[0;31mE (582) SPIFFS: spiffs partition could not be found[0m
[0;31mE (582) example_mount: Failed to find SPIFFS partition[0m
ESP_ERROR_CHECK failed: esp_err_t 0x105 (ESP_ERR_NOT_FOUND) at 0x400d6fdd
file: "./main/esp_ota_server.c" line 25
func: app_main
expression: example_mount_storage(base_path)

abort() was called at PC 0x4008a23b on core 0


Backtrace: 0x400818ee:0x3ffba030 0x4008a245:0x3ffba050 0x4009182d:0x3ffba070 0x4008a23b:0x3ffba0e0 0x400d6fdd:0x3ffba110 0x401631af:0x3ffba130 0x4008ae0d:0x3ffba160




ELF file SHA256: 79fcaf016

Rebooting...
ets Jul 29 2019 12:21:46

rst:0xc (SW_CPU_RESET),boot:0x13 (SPI_FAST_FLASH_BOOT)
configsip: 0, SPIWP:0xee
clk_drv:0x00,q_drv:0x00,d_drv:0x00,cs0_drv:0x00,hd_drv:0x00,wp_drv:0x00
mode:DIO, clock div:2
load:0x3fff0030,len:7172
load:0x40078000,len:15540
load:0x40080400,len:4
ho 8 tail 4 room 4
load:0x40080404,len:3904
entry 0x40080640
[0;32mI (31) boot: ESP-IDF v5.2.3-dirty 2nd stage bootloader[0m
[0;32mI (31) boot: compile time Jul 23 2025 17:15:36[0m
[0;32mI (31) boot: Multicore bootloader[0m
[0;32mI (36) boot: chip revision: v3.1[0m
[0;32mI (40) boot.esp32: SPI Speed      : 40MHz[0m
[0;32mI (44) boot.esp32: SPI Mode       : DIO[0m
[0;32mI (49) boot.esp32: SPI Flash Size : 2MB[0m
[0;32mI (53) boot: Enabling RNG early entropy source...[0m
[0;32mI (59) boot: Partition Table:[0m
[0;32mI (62) boot: ## Label            Usage          Type ST Offset   Length[0m
[0;32mI (70) boot:  0 nvs              WiFi data        01 02 00009000 00006000[0m
[0;32mI (77) boot:  1 phy_init         RF data          01 01 0000f000 00001000[0m
[0;32mI (84) boot:  2 factory          factory app      00 00 00010000 00100000[0m
[0;32mI (92) boot: End of partition table[0m
[0;32mI (96) esp_image: segment 0: paddr=00010020 vaddr=3f400020 size=26b78h (158584) map[0m
[0;32mI (159) esp_image: segment 1: paddr=00036ba0 vaddr=3ffb0000 size=03d34h ( 15668) load[0m
[0;32mI (165) esp_image: segment 2: paddr=0003a8dc vaddr=40080000 size=0573ch ( 22332) load[0m
[0;32mI (174) esp_image: segment 3: paddr=00040020 vaddr=400d0020 size=952a0h (610976) map[0m
[0;32mI (384) esp_image: segment 4: paddr=000d52c8 vaddr=4008573c size=122b4h ( 74420) load[0m
[0;32mI (425) boot: Loaded app from partition at offset 0x10000[0m
[0;32mI (425) boot: Disabling RNG early entropy source...[0m
[0;32mI (436) cpu_start: Multicore app[0m
[0;32mI (446) cpu_start: Pro cpu start user code[0m
[0;32mI (446) cpu_start: cpu freq: 160000000 Hz[0m
[0;32mI (446) cpu_start: Application information:[0m
[0;32mI (449) cpu_start: Project name:     esp_ota_server[0m
[0;32mI (454) cpu_start: App version:      860ae13-dirty[0m
[0;32mI (460) cpu_start: Compile time:     Jul 23 2025 18:56:43[0m
[0;32mI (466) cpu_start: ELF file SHA256:  79fcaf016...[0m
[0;32mI (471) cpu_start: ESP-IDF:          v5.2.3-dirty[0m
[0;32mI (477) cpu_start: Min chip rev:     v0.0[0m
[0;32mI (481) cpu_start: Max chip rev:     v3.99 [0m
[0;32mI (486) cpu_start: Chip rev:         v3.1[0m
[0;32mI (491) heap_init: Initializing. RAM available for dynamic allocation:[0m
[0;32mI (498) heap_init: At 3FFAE6E0 len 00001920 (6 KiB): DRAM[0m
[0;32mI (504) heap_init: At 3FFB7E38 len 000281C8 (160 KiB): DRAM[0m
[0;32mI (510) heap_init: At 3FFE0440 len 00003AE0 (14 KiB): D/IRAM[0m
[0;32mI (517) heap_init: At 3FFE4350 len 0001BCB0 (111 KiB): D/IRAM[0m
[0;32mI (523) heap_init: At 400979F0 len 00008610 (33 KiB): IRAM[0m
[0;32mI (531) spi_flash: detected chip: generic[0m
[0;32mI (534) spi_flash: flash io: dio[0m
[0;33mW (538) spi_flash: Detected size(4096k) larger than the size in the binary image header(2048k). Using the size in the binary image header.[0m
[0;32mI (552) main_task: Started on CPU0[0m
[0;32mI (562) main_task: Calling app_main()[0m
[0;32mI (562) example: Starting example[0m
[0;32mI (582) example_mount: Initializing SPIFFS[0m
[0;31mE (582) SPIFFS: spiffs partition could not be found[0m
[0;31mE (582) example_mount: Failed to find SPIFFS partition[0m
ESP_ERROR_CHECK failed: esp_err_t 0x105 (ESP_ERR_NOT_FOUND) at 0x400d6fdd
file: "./main/esp_ota_server.c" line 25
func: app_main
expression: example_mount_storage(base_path)

abort() was called at PC 0x4008a23b on core 0


Backtrace: 0x400818ee:0x3ffba030 0x4008a245:0x3ffba050 0x4009182d:0x3ffba070 0x4008a23b:0x3ffba0e0 0x400d6fdd:0x3ffba110 0x401631af:0x3ffba130 0x4008ae0d:0x3ffba160




ELF file SHA256: 79fcaf016

Rebooting...
ets Jul 29 2019 12:21:46

rst:0xc (SW_CPU_RESET),boot:0x13 (SPI_FAST_FLASH_BOOT)
configsip: 0, SPIWP:0xee
clk_drv:0x00,q_drv:0x00,d_drv:0x00,cs0_drv:0x00,hd_drv:0x00,wp_drv:0x00
mode:DIO, clock div:2
load:0x3fff0030,len:7172
load:0x40078000,len:15540
load:0x40080400,len:4
ho 8 tail 4 room 4
load:0x40080404,len:3904
entry 0x40080640
[0;32mI (31) boot: ESP-IDF v5.2.3-dirty 2nd stage bootloader[0m
[0;32mI (31) boot: compile time Jul 23 2025 17:15:36[0m
[0;32mI (31) boot: Multicore bootloader[0m
[0;32mI (36) boot: chip revision: v3.1[0m
[0;32mI (40) boot.esp32: SPI Speed      : 40MHz[0m
[0;32mI (44) boot.esp32: SPI Mode       : DIO[0m
[0;32mI (49) boot.esp32: SPI Flash Size : 2MB[0m
[0;32mI (53) boot: Enabling RNG early entropy source...[0m
[0;32mI (59) boot: Partition Table:[0m
[0;32mI (62) boot: ## Label            Usage          Type ST Offset   Length[0m
[0;32mI (70) boot:  0 nvs              WiFi data        01 02 00009000 00006000[0m
[0;32mI (77) boot:  1 phy_init         RF data          01 01 0000f000 00001000[0m
[0;32mI (84) boot:  2 factory          factory app      00 00 00010000 00100000[0m
[0;32mI (92) boot: End of partition table[0m
[0;32mI (96) esp_image: segment 0: paddr=00010020 vaddr=3f400020 size=26b78h (158584) map[0m
[0;32mI (159) esp_image: segment 1: paddr=00036ba0 vaddr=3ffb0000 size=03d34h ( 15668) load[0m
[0;32mI (165) esp_image: segment 2: paddr=0003a8dc vaddr=40080000 size=0573ch ( 22332) load[0m
[0;32mI (174) esp_image: segment 3: paddr=00040020 vaddr=400d0020 size=952a0h (610976) map[0m
[0;32mI (384) esp_image: segment 4: paddr=000d52c8 vaddr=4008573c size=122b4h ( 74420) load[0m
[0;32mI (425) boot: Loaded app from partition at offset 0x10000[0m
[0;32mI (425) boot: Disabling RNG early entropy source...[0m
[0;32mI (436) cpu_start: Multicore app[0m
[0;32mI (446) cpu_start: Pro cpu start user code[0m
[0;32mI (446) cpu_start: cpu freq: 160000000 Hz[0m
[0;32mI (446) cpu_start: Application information:[0m
[0;32mI (449) cpu_start: Project name:     esp_ota_server[0m
[0;32mI (454) cpu_start: App version:      860ae13-dirty[0m
[0;32mI (460) cpu_start: Compile time:     Jul 23 2025 18:56:43[0m
[0;32mI (466) cpu_start: ELF file SHA256:  79fcaf016...[0m
[0;32mI (471) cpu_start: ESP-IDF:          v5.2.3-dirty[0m
[0;32mI (477) cpu_start: Min chip rev:     v0.0[0m
[0;32mI (481) cpu_start: Max chip rev:     v3.99 [0m
[0;32mI (486) cpu_start: Chip rev:         v3.1[0m
[0;32mI (491) heap_init: Initializing. RAM available for dynamic allocation:[0m
[0;32mI (498) heap_init: At 3FFAE6E0 len 00001920 (6 KiB): DRAM[0m
[0;32mI (504) heap_init: At 3FFB7E38 len 000281C8 (160 KiB): DRAM[0m
[0;32mI (510) heap_init: At 3FFE0440 len 00003AE0 (14 KiB): D/IRAM[0m
[0;32mI (517) heap_init: At 3FFE4350 len 0001BCB0 (111 KiB): D/IRAM[0m
[0;32mI (523) heap_init: At 400979F0 len 00008610 (33 KiB): IRAM[0m
[0;32mI (531) spi_flash: detected chip: generic[0m
[0;32mI (534) spi_flash: flash io: dio[0m
[0;33mW (538) spi_flash: Detected size(4096k) larger than the size in the binary image header(2048k). Using the size in the binary image header.[0m
[0;32mI (552) main_task: Started on CPU0[0m
[0;32mI (562) main_task: Calling app_main()[0m
[0;32mI (562) example: Starting example[0m
[0;32mI (582) example_mount: Initializing SPIFFS[0m
[0;31mE (582) SPIFFS: spiffs partition could not be found[0m
[0;31mE (582) example_mount: Failed to find SPIFFS partition[0m
ESP_ERROR_CHECK failed: esp_err_t 0x105 (ESP_ERR_NOT_FOUND) at 0x400d6fdd
file: "./main/esp_ota_server.c" line 25
func: app_main
expression: example_mount_storage(base_path)

abort() was called at PC 0x4008a23b on core 0


Backtrace: 0x400818ee:0x3ffba030 0x4008a245:0x3ffba050 0x4009182d:0x3ffba070 0x4008a23b:0x3ffba0e0 0x400d6fdd:0x3ffba110 0x401631af:0x3ffba130 0x4008ae0d:0x3ffba160




ELF file SHA256: 79fcaf016

Rebooting...
ets Jul 29 2019 12:21:46

rst:0xc (SW_CPU_RESET),boot:0x13 (SPI_FAST_FLASH_BOOT)
configsip: 0, SPIWP:0xee
clk_drv:0x00,q_drv:0x00,d_drv:0x00,cs0_drv:0x00,hd_drv:0x00,wp_drv:0x00
mode:DIO, clock div:2
load:0x3fff0030,len:7172
load:0x40078000,len:15540
load:0x40080400,len:4
ho 8 tail 4 room 4
load:0x40080404,len:3904
entry 0x40080640
[0;32mI (31) boot: ESP-IDF v5.2.3-dirty 2nd stage bootloader[0m
[0;32mI (31) boot: compile time Jul 23 2025 17:15:36[0m
[0;32mI (31) boot: Multicore bootloader[0m
[0;32mI (36) boot: chip revision: v3.1[0m
[0;32mI (40) boot.esp32: SPI Speed      : 40MHz[0m
[0;32mI (44) boot.esp32: SPI Mode       : DIO[0m
[0;32mI (49) boot.esp32: SPI Flash Size : 2MB[0m
[0;32mI (53) boot: Enabling RNG early entropy source...[0m
[0;32mI (59) boot: Partition Table:[0m
[0;32mI (62) boot: ## Label            Usage          Type ST Offset   Length[0m
[0;32mI (70) boot:  0 nvs              WiFi data        01 02 00009000 00006000[0m
[0;32mI (77) boot:  1 phy_init         RF data          01 01 0000f000 00001000[0m
[0;32mI (84) boot:  2 factory          factory app      00 00 00010000 00100000[0m
[0;32mI (92) boot: End of partition table[0m
[0;32mI (96) esp_image: segment 0: paddr=00010020 vaddr=3f400020 size=26b78h (158584) map[0m
[0;32mI (159) esp_image: segment 1: paddr=00036ba0 vaddr=3ffb0000 size=03d34h ( 15668) load[0m
[0;32mI (165) esp_image: segment 2: paddr=0003a8dc vaddr=40080000 size=0573ch ( 22332) load[0m
[0;32mI (174) esp_image: segment 3: paddr=00040020 vaddr=400d0020 size=952a0h (610976) map[0m
[0;32mI (384) esp_image: segment 4: paddr=000d52c8 vaddr=4008573c size=122b4h ( 74420) load[0m
[0;32mI (425) boot: Loaded app from partition at offset 0x10000[0m
[0;32mI (425) boot: Disabling RNG early entropy source...[0m
[0;32mI (436) cpu_start: Multicore app[0m
[0;32mI (446) cpu_start: Pro cpu start user code[0m
[0;32mI (446) cpu_start: cpu freq: 160000000 Hz[0m
[0;32mI (446) cpu_start: Application information:[0m
[0;32mI (449) cpu_start: Project name:     esp_ota_server[0m
[0;32mI (454) cpu_start: App version:      860ae13-dirty[0m
[0;32mI (460) cpu_start: Compile time:     Jul 23 2025 18:56:43[0m
[0;32mI (466) cpu_start: ELF file SHA256:  79fcaf016...[0m
[0;32mI (471) cpu_start: ESP-IDF:          v5.2.3-dirty[0m
[0;32mI (477) cpu_start: Min chip rev:     v0.0[0m
[0;32mI (481) cpu_start: Max chip rev:     v3.99 [0m
[0;32mI (486) cpu_start: Chip rev:         v3.1[0m
[0;32mI (491) heap_init: Initializing. RAM available for dynamic allocation:[0m
[0;32mI (498) heap_init: At 3FFAE6E0 len 00001920 (6 KiB): DRAM[0m
[0;32mI (504) heap_init: At 3FFB7E38 len 000281C8 (160 KiB): DRAM[0m
[0;32mI (510) heap_init: At 3FFE0440 len 00003AE0 (14 KiB): D/IRAM[0m
[0;32mI (517) heap_init: At 3FFE4350 len 0001BCB0 (111 KiB): D/IRAM[0m
[0;32mI (523) heap_init: At 400979F0 len 00008610 (33 KiB): IRAM[0m
[0;32mI (531) spi_flash: detected chip: generic[0m
[0;32mI (534) spi_flash: flash io: dio[0m
[0;33mW (538) spi_flash: Detected size(4096k) larger than the size in the binary image header(2048k). Using the size in the binary image header.[0m
[0;32mI (552) main_task: Started on CPU0[0m
[0;32mI (562) main_task: Calling app_main()[0m
[0;32mI (562) example: Starting example[0m
[0;32mI (582) example_mount: Initializing SPIFFS[0m
[0;31mE (582) SPIFFS: spiffs partition could not be found[0m
[0;31mE (582) example_mount: Failed to find SPIFFS partition[0m
ESP_ERROR_CHECK failed: esp_err_t 0x105 (ESP_ERR_NOT_FOUND) at 0x400d6fdd
file: "./main/esp_ota_server.c" line 25
func: app_main
expression: example_mount_storage(base_path)

abort() was called at PC 0x4008a23b on core 0


Backtrace: 0x400818ee:0x3ffba030 0x4008a245:0x3ffba050 0x4009182d:0x3ffba070 0x4008a23b:0x3ffba0e0 0x400d6fdd:0x3ffba110 0x401631af:0x3ffba130 0x4008ae0d:0x3ffba160




ELF file SHA256: 79fcaf016

Rebooting...
ets Jul 29 2019 12:21:46

rst:0xc (SW_CPU_RESET),boot:0x13 (SPI_FAST_FLASH_BOOT)
configsip: 0, SPIWP:0xee
clk_drv:0x00,q_drv:0x00,d_drv:0x00,cs0_drv:0x00,hd_drv:0x00,wp_drv:0x00
mode:DIO, clock div:2
load:0x3fff0030,len:7172
load:0x40078000,len:15540
load:0x40080400,len:4
ho 8 tail 4 room 4
load:0x40080404,len:3904
entry 0x40080640
[0;32mI (31) boot: ESP-IDF v5.2.3-dirty 2nd stage bootloader[0m
[0;32mI (31) boot: compile time Jul 23 2025 17:15:36[0m
[0;32mI (31) boot: Multicore bootloader[0m
[0;32mI (36) boot: chip revision: v3.1[0m
[0;32mI (40) boot.esp32: SPI Speed      : 40MHz[0m
[0;32mI (44) boot.esp32: SPI Mode       : DIO[0m
[0;32mI (49) boot.esp32: SPI Flash Size : 2MB[0m
[0;32mI (53) boot: Enabling RNG early entropy source...[0m
[0;32mI (59) boot: Partition Table:[0m
[0;32mI (62) boot: ## Label            Usage          Type ST Offset   Length[0m
[0;32mI (70) boot:  0 nvs              WiFi data        01 02 00009000 00006000[0m
[0;32mI (77) boot:  1 phy_init         RF data          01 01 0000f000 00001000[0m
[0;32mI (84) boot:  2 factory          factory app      00 00 00010000 00100000[0m
[0;32mI (92) boot: End of partition table[0m
[0;32mI (96) esp_image: segment 0: paddr=00010020 vaddr=3f400020 size=26b78h (158584) map[0m
[0;32mI (159) esp_image: segment 1: paddr=00036ba0 vaddr=3ffb0000 size=03d34h ( 15668) load[0m
[0;32mI (165) esp_image: segment 2: paddr=0003a8dc vaddr=40080000 size=0573ch ( 22332) load[0m
[0;32mI (174) esp_image: segment 3: paddr=00040020 vaddr=400d0020 size=952a0h (610976) map[0m
[0;32mI (384) esp_image: segment 4: paddr=000d52c8 vaddr=4008573c size=122b4h ( 74420) load[0m
[0;32mI (425) boot: Loaded app from partition at offset 0x10000[0m
[0;32mI (425) boot: Disabling RNG early entropy source...[0m
[0;32mI (436) cpu_start: Multicore app[0m
[0;32mI (446) cpu_start: Pro cpu start user code[0m
[0;32mI (446) cpu_start: cpu freq: 160000000 Hz[0m
[0;32mI (446) cpu_start: Application information:[0m
[0;32mI (449) cpu_start: Project name:     esp_ota_server[0m
[0;32mI (454) cpu_start: App version:      860ae13-dirty[0m
[0;32mI (460) cpu_start: Compile time:     Jul 23 2025 18:56:43[0m
[0;32mI (466) cpu_start: ELF file SHA256:  79fcaf016...[0m
[0;32mI (471) cpu_start: ESP-IDF:          v5.2.3-dirty[0m
[0;32mI (477) cpu_start: Min chip rev:     v0.0[0m
[0;32mI (481) cpu_start: Max chip rev:     v3.99 [0m
[0;32mI (486) cpu_start: Chip rev:         v3.1[0m
[0;32mI (491) heap_init: Initializing. RAM available for dynamic allocation:[0m
[0;32mI (498) heap_init: At 3FFAE6E0 len 00001920 (6 KiB): DRAM[0m
[0;32mI (504) heap_init: At 3FFB7E38 len 000281C8 (160 KiB): DRAM[0m
[0;32mI (510) heap_init: At 3FFE0440 len 00003AE0 (14 KiB): D/IRAM[0m
[0;32mI (517) heap_init: At 3FFE4350 len 0001BCB0 (111 KiB): D/IRAM[0m
[0;32mI (523) heap_init: At 400979F0 len 00008610 (33 KiB): IRAM[0m
[0;32mI (531) spi_flash: detected chip: generic[0m
[0;32mI (534) spi_flash: flash io: dio[0m
[0;33mW (538) spi_flash: Detected size(4096k) larger than the size in the binary image header(2048k). Using the size in the binary image header.[0m
[0;32mI (552) main_task: Started on CPU0[0m
[0;32mI (562) main_task: Calling app_main()[0m
[0;32mI (562) example: Starting example[0m
[0;32mI (582) example_mount: Initializing SPIFFS[0m
[0;31mE (582) SPIFFS: spiffs partition could not be found[0m
[0;31mE (582) example_mount: Failed to find SPIFFS partition[0m
ESP_ERROR_CHECK failed: esp_err_t 0x105 (ESP_ERR_NOT_FOUND) at 0x400d6fdd
file: "./main/esp_ota_server.c" line 25
func: app_main
expression: example_mount_storage(base_path)

abort() was called at PC 0x4008a23b on core 0

Backtrace: 0x400818ee:0x3ffba030 0x4008a245:0x3ffba050 0x4009182d:0x3ffba070 0x4008a23b:0x3ffba0e0 0x400d6fdd:0x3ffba110 0x401631af:0x3ffba130 0x4008ae0d:0x3ffba160
ELF file SHA256: 79fcaf016

Rebooting...
ets Jul 29 2019 12:21:46

rst:0xc (SW_CPU_RESET),boot:0x13 (SPI_FAST_FLASH_BOOT)
configsip: 0, SPIWP:0xee
clk_drv:0x00,q_drv:0x00,d_drv:0x00,cs0_drv:0x00,hd_drv:0x00,wp_drv:0x00
mode:DIO, clock div:2
load:0x3fff0030,len:7172
load:0x40078000,len:15540
load:0x40080400,len:4
ho 8 tail 4 room 4
load:0x40080404,len:3904
entry 0x40080640
[0;32mI (31) boot: ESP-IDF v5.2.3-dirty 2nd stage bootloader[0m
[0;32mI (31) boot: compile time Jul 23 2025 17:15:36[0m
[0;32mI (31) boot: Multicore bootloader[0m
[0;32mI (36) boot: chip revision: v3.1[0m
[0;32mI (40) boot.esp32: SPI Speed      : 40MHz[0m
[0;32mI (44) boot.esp32: SPI Mode       : DIO[0m
[0;32mI (49) boot.esp32: SPI Flash Size : 2MB[0m
[0;32mI (53) boot: Enabling RNG early entropy source...[0m
[0;32mI (59) boot: Partition Table:[0m
[0;32mI (62) boot: ## Label            Usage          Type ST Offset   Length[0m
[0;32mI (70) boot:  0 nvs              WiFi data        01 02 00009000 00006000[0m
[0;32mI (77) boot:  1 phy_init         RF data          01 01 0000f000 00001000[0m
[0;32mI (84) boot:  2 factory          factory app      00 00 00010000 00100000[0m
[0;32mI (92) boot: End of partition table[0m
[0;32mI (96) esp_image: segment 0: paddr=00010020 vaddr=3f400020 size=26b78h (158584) map[0m
[0;32mI (159) esp_image: segment 1: paddr=00036ba0 vaddr=3ffb0000 size=03d34h ( 15668) load[0m
[0;32mI (165) esp_image: segment 2: paddr=0003a8dc vaddr=40080000 size=0573ch ( 22332) load[0m
[0;32mI (174) esp_image: segment 3: paddr=00040020 vaddr=400d0020 size=952a0h (610976) map[0m
[0;32mI (384) esp_image: segment 4: paddr=000d52c8 vaddr=4008573c size=122b4h ( 74420) load[0m
[0;32mI (425) boot: Loaded app from partition at offset 0x10000[0m
[0;32mI (425) boot: Disabling RNG early entropy source...[0m
[0;32mI (436) cpu_start: Multicore app[0m
[0;32mI (446) cpu_start: Pro cpu start user code[0m
[0;32mI (446) cpu_start: cpu freq: 160000000 Hz[0m
[0;32mI (446) cpu_start: Application information:[0m
[0;32mI (449) cpu_start: Project name:     esp_ota_server[0m
[0;32mI (454) cpu_start: App version:      860ae13-dirty[0m
[0;32mI (460) cpu_start: Compile time:     Jul 23 2025 18:56:43[0m
[0;32mI (466) cpu_start: ELF file SHA256:  79fcaf016...[0m
[0;32mI (471) cpu_start: ESP-IDF:          v5.2.3-dirty[0m
[0;32mI (477) cpu_start: Min chip rev:     v0.0[0m
[0;32mI (481) cpu_start: Max chip rev:     v3.99 [0m
[0;32mI (486) cpu_start: Chip rev:         v3.1[0m
[0;32mI (491) heap_init: Initializing. RAM available for dynamic allocation:[0m
[0;32mI (498) heap_init: At 3FFAE6E0 len 00001920 (6 KiB): DRAM[0m
[0;32mI (504) heap_init: At 3FFB7E38 len 000281C8 (160 KiB): DRAM[0m
[0;32mI (510) heap_init: At 3FFE0440 len 00003AE0 (14 KiB): D/IRAM[0m
[0;32mI (517) heap_init: At 3FFE4350 len 0001BCB0 (111 KiB): D/IRAM[0m
[0;32mI (523) heap_init: At 400979F0 len 00008610 (33 KiB): IRAM[0m
[0;32mI (531) spi_flash: detected chip: generic[0m
[0;32mI (534) spi_flash: flash io: dio[0m
[0;33mW (538) spi_flash: Detected size(4096k) larger than the size in the binary image header(2048k). Using the size in the binary image header.[0m
[0;32mI (552) main_task: Started on CPU0[0m
[0;32mI (562) main_task: Calling app_main()[0m
[0;32mI (562) example: Starting example[0m
[0;32mI (582) example_mount: Initializing SPIFFS[0m
[0;31mE (582) SPIFFS: spiffs partition could not be found[0m
[0;31mE (582) example_mount: Failed to find SPIFFS partition[0m
ESP_ERROR_CHECK failed: esp_err_t 0x105 (ESP_ERR_NOT_FOUND) at 0x400d6fdd
file: "./main/esp_ota_server.c" line 25
func: app_main
expression: example_mount_storage(base_path)

abort() was called at PC 0x4008a23b on core 0


Backtrace: 0x400818ee:0x3ffba030 0x4008a245:0x3ffba050 0x4009182d:0x3ffba070 0x4008a23b:0x3ffba0e0 0x400d6fdd:0x3ffba110 0x401631af:0x3ffba130 0x4008ae0d:0x3ffba160




ELF file SHA256: 79fcaf016

Rebooting...
ets Jul 29 2019 12:21:46

rst:0xc (SW_CPU_RESET),boot:0x13 (SPI_FAST_FLASH_BOOT)
configsip: 0, SPIWP:0xee
clk_drv:0x00,q_drv:0x00,d_drv:0x00,cs0_drv:0x00,hd_drv:0x00,wp_drv:0x00
mode:DIO, clock div:2
load:0x3fff0030,len:7172
load:0x40078000,len:15540
load:0x40080400,len:4
ho 8 tail 4 room 4
load:0x40080404,len:3904
entry 0x40080640
[0;32mI (31) boot: ESP-IDF v5.2.3-dirty 2nd stage bootloader[0m
[0;32mI (31) boot: compile time Jul 23 2025 17:15:36[0m
[0;32mI (31) boot: Multicore bootloader[0m
[0;32mI (36) boot: chip revision: v3.1[0m
[0;32mI (40) boot.esp32: SPI Speed      : 40MHz[0m
[0;32mI (44) boot.esp32: SPI Mode       : DIO[0m
[0;32mI (49) boot.esp32: SPI Flash Size : 2MB[0m
[0;32mI (53) boot: Enabling RNG early entropy source...[0m
[0;32mI (59) boot: Partition Table:[0m
[0;32mI (62) boot: ## Label            Usage          Type ST Offset   Length[0m
[0;32mI (70) boot:  0 nvs              WiFi data        01 02 00009000 00006000[0m
[0;32mI (77) boot:  1 phy_init         RF data          01 01 0000f000 00001000[0m
[0;32mI (84) boot:  2 factory          factory app      00 00 00010000 00100000[0m
[0;32mI (92) boot: End of partition table[0m
[0;32mI (96) esp_image: segment 0: paddr=00010020 vaddr=3f400020 size=26b78h (158584) map[0m
[0;32mI (159) esp_image: segment 1: paddr=00036ba0 vaddr=3ffb0000 size=03d34h ( 15668) load[0m
[0;32mI (165) esp_image: segment 2: paddr=0003a8dc vaddr=40080000 size=0573ch ( 22332) load[0m
[0;32mI (174) esp_image: segment 3: paddr=00040020 vaddr=400d0020 size=952a0h (610976) map[0m
[0;32mI (384) esp_image: segment 4: paddr=000d52c8 vaddr=4008573c size=122b4h ( 74420) load[0m
[0;32mI (425) boot: Loaded app from partition at offset 0x10000[0m
[0;32mI (425) boot: Disabling RNG early entropy source...[0m
[0;32mI (436) cpu_start: Multicore app[0m
[0;32mI (446) cpu_start: Pro cpu start user code[0m
[0;32mI (446) cpu_start: cpu freq: 160000000 Hz[0m
[0;32mI (446) cpu_start: Application information:[0m
[0;32mI (449) cpu_start: Project name:     esp_ota_server[0m
[0;32mI (454) cpu_start: App version:      860ae13-dirty[0m
[0;32mI (460) cpu_start: Compile time:     Jul 23 2025 18:56:43[0m
[0;32mI (466) cpu_start: ELF file SHA256:  79fcaf016...[0m
[0;32mI (471) cpu_start: ESP-IDF:          v5.2.3-dirty[0m
[0;32mI (477) cpu_start: Min chip rev:     v0.0[0m
[0;32mI (481) cpu_start: Max chip rev:     v3.99 [0m
[0;32mI (486) cpu_start: Chip rev:         v3.1[0m
[0;32mI (491) heap_init: Initializing. RAM available for dynamic allocation:[0m
[0;32mI (498) heap_init: At 3FFAE6E0 len 00001920 (6 KiB): DRAM[0m
[0;32mI (504) heap_init: At 3FFB7E38 len 000281C8 (160 KiB): DRAM[0m
[0;32mI (510) heap_init: At 3FFE0440 len 00003AE0 (14 KiB): D/IRAM[0m
[0;32mI (517) heap_init: At 3FFE4350 len 0001BCB0 (111 KiB): D/IRAM[0m
[0;32mI (523) heap_init: At 400979F0 len 00008610 (33 KiB): IRAM[0m
[0;32mI (531) spi_flash: detected chip: generic[0m
[0;32mI (534) spi_flash: flash io: dio[0m
[0;33mW (538) spi_flash: Detected size(4096k) larger than the size in the binary image header(2048k). Using the size in the binary image header.[0m
[0;32mI (552) main_task: Started on CPU0[0m
[0;32mI (562) main_task: Calling app_main()[0m
[0;32mI (562) example: Starting example[0m
[0;32mI (582) example_mount: Initializing SPIFFS[0m
[0;31mE (582) SPIFFS: spiffs partition could not be found[0m
[0;31mE (582) example_mount: Failed to find SPIFFS partition[0m
ESP_ERROR_CHECK failed: esp_err_t 0x105 (ESP_ERR_NOT_FOUND) at 0x400d6fdd
file: "./main/esp_ota_server.c" line 25
func: app_main
expression: example_mount_storage(base_path)

abort() was called at PC 0x4008a23b on core 0


Backtrace: 0x400818ee:0x3ffba030 0x4008a245:0x3ffba050 0x4009182d:0x3ffba070 0x4008a23b:0x3ffba0e0 0x400d6fdd:0x3ffba110 0x401631af:0x3ffba130 0x4008ae0d:0x3ffba160




ELF file SHA256: 79fcaf016

Rebooting...
ets Jul 29 2019 12:21:46

rst:0xc (SW_CPU_RESET),boot:0x13 (SPI_FAST_FLASH_BOOT)
configsip: 0, SPIWP:0xee
clk_drv:0x00,q_drv:0x00,d_drv:0x00,cs0_drv:0x00,hd_drv:0x00,wp_drv:0x00
mode:DIO, clock div:2
load:0x3fff0030,len:7172
load:0x40078000,len:15540
load:0x40080400,len:4
ho 8 tail 4 room 4
load:0x40080404,len:3904
entry 0x40080640
[0;32mI (31) boot: ESP-IDF v5.2.3-dirty 2nd stage bootloader[0m
[0;32mI (31) boot: compile time Jul 23 2025 17:15:36[0m
[0;32mI (31) boot: Multicore bootloader[0m
[0;32mI (36) boot: chip revision: v3.1[0m
[0;32mI (40) boot.esp32: SPI Speed      : 40MHz[0m
[0;32mI (44) boot.esp32: SPI Mode       : DIO[0m
[0;32mI (49) boot.esp32: SPI Flash Size : 2MB[0m
[0;32mI (53) boot: Enabling RNG early entropy source...[0m
[0;32mI (59) boot: Partition Table:[0m
[0;32mI (62) boot: ## Label            Usage          Type ST Offset   Length[0m
[0;32mI (70) boot:  0 nvs              WiFi data        01 02 00009000 00006000[0m
[0;32mI (77) boot:  1 phy_init         RF data          01 01 0000f000 00001000[0m
[0;32mI (84) boot:  2 factory          factory app      00 00 00010000 00100000[0m
[0;32mI (92) boot: End of partition table[0m
[0;32mI (96) esp_image: segment 0: paddr=00010020 vaddr=3f400020 size=26b78h (158584) map[0m
[0;32mI (159) esp_image: segment 1: paddr=00036ba0 vaddr=3ffb0000 size=03d34h ( 15668) load[0m
[0;32mI (165) esp_image: segment 2: paddr=0003a8dc vaddr=40080000 size=0573ch ( 22332) load[0m
[0;32mI (174) esp_image: segment 3: paddr=00040020 vaddr=400d0020 size=952a0h (610976) map[0m
[0;32mI (384) esp_image: segment 4: paddr=000d52c8 vaddr=4008573c size=122b4h ( 74420) load[0m
[0;32mI (425) boot: Loaded app from partition at offset 0x10000[0m
[0;32mI (425) boot: Disabling RNG early entropy source...[0m
[0;32mI (436) cpu_start: Multicore app[0m
