 (245) heap_init: Aï¿½ets Jul 29 2019 12:21:46

rst:0x1 (POWERON_RESET),boot:0x13 (SPI_FAST_FLASH_BOOT)
configsip: 0, SPIWP:0xee
clk_drv:0x00,q_drv:0x00,d_drv:0x00,cs0_drv:0x00,hd_drv:0x00,wp_drv:0x00
mode:DIO, clock div:2
load:0x3fff0030,len:6276
load:0x40078000,len:15736
load:0x40080400,len:4
load:0x40080404,len:3860
entry 0x4008063c
[0;32mI (29) boot: ESP-IDF v5.4.2 2nd stage bootloader[0m
[0;32mI (29) boot: compile time Jul 24 2025 14:53:01[0m
[0;32mI (30) boot: Multicore bootloader[0m
[0;32mI (31) boot: chip revision: v3.1[0m
[0;32mI (34) boot.esp32: SPI Speed      : 40MHz[0m
[0;32mI (37) boot.esp32: SPI Mode       : DIO[0m
[0;32mI (41) boot.esp32: SPI Flash Size : 2MB[0m
[0;32mI (44) boot: Enabling RNG early entropy source...[0m
[0;32mI (49) boot: Partition Table:[0m
[0;32mI (51) boot: ## Label            Usage          Type ST Offset   Length[0m
[0;32mI (58) boot:  0 nvs              WiFi data        01 02 00009000 00006000[0m
[0;32mI (64) boot:  1 phy_init         RF data          01 01 0000f000 00001000[0m
[0;32mI (71) boot:  2 factory          factory app      00 00 00010000 00100000[0m
[0;32mI (77) boot: End of partition table[0m
[0;32mI (81) esp_image: segment 0: paddr=00010020 vaddr=3f400020 size=0abfch ( 44028) map[0m
[0;32mI (103) esp_image: segment 1: paddr=0001ac24 vaddr=3ff80000 size=0001ch (    28) load[0m
[0;32mI (103) esp_image: segment 2: paddr=0001ac48 vaddr=3ffb0000 size=023e8h (  9192) load[0m
[0;32mI (111) esp_image: segment 3: paddr=0001d038 vaddr=40080000 size=02fe0h ( 12256) load[0m
[0;32mI (119) esp_image: segment 4: paddr=00020020 vaddr=400d0020 size=15e40h ( 89664) map[0m
[0;32mI (153) esp_image: segment 5: paddr=00035e68 vaddr=40082fe0 size=0ae34h ( 44596) load[0m
[0;32mI (177) boot: Loaded app from partition at offset 0x10000[0m
[0;32mI (177) boot: Disabling RNG early entropy source...[0m
[0;32mI (188) cpu_start: Multicore app[0m
[0;32mI (196) cpu_start: Pro cpu start user code[0m
[0;32mI (196) cpu_start: cpu freq: 160000000 Hz[0m
[0;32mI (196) app_init: Application information:[0m
[0;32mI (196) app_init: Project name:     ESP_STM_COMM[0m
[0;32mI (200) app_init: App version:      1[0m
[0;32mI (204) app_init: Compile time:     Jul 24 2025 14:52:47[0m
[0;32mI (209) app_init: ELF file SHA256:  bcdfc9c0b...[0m
[0;32mI (213) app_init: ESP-IDF:          v5.4.2[0m
[0;32mI (217) efuse_init: Min chip rev:     v0.0[0m
[0;32mI (221) efuse_init: Max chip rev:     v3.99 [0m
[0;32mI (225) efuse_init: Chip rev:         v3.1[0m
[0;32mI (229) heap_init: Initializing. RAM available for dynamic allocation:[0m
[0;32mI (235) heap_init: At 3FFAE6E0 len 00001920 (6 KiB): DRAM[0m
[0;32mI (240) heap_init: At 3FFB2CB0 len 0002D350 (180 KiB): DRAM[0m
[0;32mI (245) heap_init: At 3FFE0440 len 00003AE0 (14 KiB): D/IRAM[0m
[0;32mI (251) heap_init: At 3FFE4350 len 0001BCB0 (111 KiB): D/IRAM[0m
[0;32mI (256) heap_init: At 4008DE14 len 000121EC (72 KiB): IRAM[0m
[0;32mI (263) spi_flash: detected chip: generic[0m
[0;32mI (265) spi_flash: flash io: dio[0m
[0;33mW (268) spi_flash: Detected size(4096k) larger than the size in the binary image header(2048k). Using the size in the binary image header.[0m
[0;32mI (281) main_task: Started on CPU0[0m
[0;32mI (291) main_task: Calling app_main()[0m
[0;32mI (291) UART_ECHO: Sent: H[0m
[0;32mI (9741) UART_ECHO: Received: [0m
[0;32mI (10741) UART_ECHO: Sent: H[0m
[0;32mI (19141) UART_ECHO: Received: |[0m
[0;32mI (20141) UART_ECHO: Sent: H[0m
[0;32mI (28371) UART_ECHO: Received: [0m
[0;32mI (29371) UART_ECHO: Sent: H[0m
[0;32mI (38201) UART_ECHO: Received: ï¿½
[0;32mI (39201) UART_ECHO: Sent: H[0m
[0;32mI (47681) UART_ECHO: Received: ï¿½[0m
[0;32mI (48681) UART_ECHO: Sent: H[0m
[0;32mI (57041) UART_ECHO: Received: [0m
[0;32mI (58041) UART_ECHO: Sent: H[0m
[0;32mI (66221) UART_ECHO: Received: [0m
[0;32mI (67221) UART_ECHO: Sent: H[0m
[0;32mI (76101) UART_ECHO: Received: [0m
[0;32mI (77101) UART_ECHO: Sent: H[0m
[0;32mI (86201) UART_ECHO: Received: [0m
[0;32mI (87201) UART_ECHO: Sent: H[0m
[0;32mI (96301) UART_ECHO: Received: [0m
[0;32mI (97301) UART_ECHO: Sent: H[0m
[0;32mI (106241) UART_ECHO: Received: [0m
[0;32mI (107241) UART_ECHO: Sent: H[0m
[0;32mI (116031) UART_ECHO: Received: ï¿½ï¿½[0m
[0;32mI (117031) UART_ECHO: Sent: H[0m
[0;32mI (125721) UART_ECHO: Received: 	ï¿½ï¿½[0m
[0;32mI (126721) UART_ECHO: Sent: H[0m
[0;32mI (135051) UART_ECHO: Received: ï¿½
[0;32mI (136051) UART_ECHO: Sent: H[0m
[0;32mI (144651) UART_ECHO: Received: ï¿½
[0;32mI (145651) UART_ECHO: Sent: H[0m
[0;32mI (154161) UART_ECHO: Received: [0m
[0;32mI (155161) UART_ECHO: Sent: H[0m
[0;32mI (163731) UART_ECHO: Received: [0m
[0;32mI (164731) UART_ECHO: Sent: H[0m
[0;32mI (173501) UART_ECHO: Received: ï¿½
[0;32mI (174501) UART_ECHO: Sent: H[0m
[0;32mI (183311) UART_ECHO: Received: [0m
[0;32mI (184311) UART_ECHO: Sent: H[0m
[0;32mI (193131) UART_ECHO: Received: [0m
[0;32mI (194131) UART_ECHO: Sent: H[0m
[0;32mI (202791) UART_ECHO: Received: ï¿½[0m
[0;32mI (203791) UART_ECHO: Sent: H[0m
[0;32mI (212541) UART_ECHO: Received: ï¿½
[0;32mI (213541) UART_ECHO: Sent: H[0m
[0;32mI (222171) UART_ECHO: Received: [0m
[0;32mI (223171) UART_ECHO: Sent: H[0m
[0;32mI (231761) UART_ECHO: Received: ï¿½
[0;32mI (232761) UART_ECHO: Sent: H[0m
[0;32mI (241561) UART_ECHO: Received: [0m
[0;32mI (242561) UART_ECHO: Sent: H[0m
[0;32mI (250751) UART_ECHO: Received: ï¿½
[0;32mI (251751) UART_ECHO: Sent: H[0m
[0;32mI (260201) UART_ECHO: Received: ï¿½
[0;32mI (261201) UART_ECHO: Sent: H[0m
[0;32mI (269461) UART_ECHO: Received: [0m
[0;32mI (270461) UART_ECHO: Sent: H[0m
[0;32mI (278621) UART_ECHO: Received: [0m
[0;32mI (279621) UART_ECHO: Sent: H[0m
[0;32mI (287791) UART_ECHO: Received: ï¿½ï¿½ï¿½[0m
[0;32mI (288791) UART_ECHO: Sent: H[0m
[0;32mI (297031) UART_ECHO: Received: [0m
[0;32mI (298031) UART_ECHO: Sent: H[0m
[0;32mI (306731) UART_ECHO: Received: ï¿½ï¿½[0m
[0;32mI (307731) UART_ECHO: Sent: H[0m
[0;32mI (316031) UART_ECHO: Received: ï¿½
[0;32mI (317031) UART_ECHO: Sent: H[0m
[0;32mI (325451) UART_ECHO: Received: [0m
[0;32mI (326451) UART_ECHO: Sent: H[0m
[0;32mI (335071) UART_ECHO: Received: [0m
[0;32mI (336071) UART_ECHO: Sent: H[0m
[0;32mI (344661) UART_ECHO: Received: [0m
[0;32mI (345661) UART_ECHO: Sent: H[0m
[0;32mI (354061) UART_ECHO: Received: ï¿½
[0;32mI (355061) UART_ECHO: Sent: H[0m
[0;32mI (363411) UART_ECHO: Received: [0m
[0;32mI (364411) UART_ECHO: Sent: H[0m
[0;32mI (372891) UART_ECHO: Received: [0m
[0;32mI (373891) UART_ECHO: Sent: H[0m
[0;32mI (382401) UART_ECHO: Received: ï¿½
[0;32mI (383401) UART_ECHO: Sent: H[0m
