}ï¿½ï¿½ï¿½ï¿½ï¿½ At 4008DE14 leï¿½ets Jul 29 2019 12:21:46

rst:0x1 (POWERON_RESET),boot:0x13 (SPI_FAST_FLASH_BOOT)
configsip: 0, SPIWP:0xee
clk_drv:0x00,q_drv:0x00,d_drv:0x00,cs0_drv:0x00,hd_drv:0x00,wp_drv:0x00
mode:DIO, clock div:2
load:0x3fff0030,len:6276
load:0x40078000,len:15736
load:0x40080400,len:4
load:0x40080404,len:3860
entry 0x4008063c
[0;32mI (29) boot: ESP-IDF v5.4.2 2nd stage bootloader[0m
[0;32mI (29) boot: compile time Jul 24 2025 14:53:01[0m
[0;32mI (30) boot: Multicore bootloader[0m
[0;32mI (31) boot: chip revision: v3.1[0m
[0;32mI (34) boot.esp32: SPI Speed      : 40MHz[0m
[0;32mI (37) boot.esp32: SPI Mode       : DIO[0m
[0;32mI (41) boot.esp32: SPI Flash Size : 2MB[0m
[0;32mI (44) boot: Enabling RNG early entropy source...[0m
[0;32mI (49) boot: Partition Table:[0m
[0;32mI (51) boot: ## Label            Usage          Type ST Offset   Length[0m
[0;32mI (58) boot:  0 nvs              WiFi data        01 02 00009000 00006000[0m
[0;32mI (64) boot:  1 phy_init         RF data          01 01 0000f000 00001000[0m
[0;32mI (71) boot:  2 factory          factory app      00 00 00010000 00100000[0m
[0;32mI (77) boot: End of partition table[0m
[0;32mI (81) esp_image: segment 0: paddr=00010020 vaddr=3f400020 size=0abfch ( 44028) map[0m
[0;32mI (103) esp_image: segment 1: paddr=0001ac24 vaddr=3ff80000 size=0001ch (    28) load[0m
[0;32mI (103) esp_image: segment 2: paddr=0001ac48 vaddr=3ffb0000 size=023e8h (  9192) load[0m
[0;32mI (111) esp_image: segment 3: paddr=0001d038 vaddr=40080000 size=02fe0h ( 12256) load[0m
[0;32mI (119) esp_image: segment 4: paddr=00020020 vaddr=400d0020 size=15e4ch ( 89676) map[0m
[0;32mI (153) esp_image: segment 5: paddr=00035e74 vaddr=40082fe0 size=0ae34h ( 44596) load[0m
[0;32mI (177) boot: Loaded app from partition at offset 0x10000[0m
[0;32mI (177) boot: Disabling RNG early entropy source...[0m
[0;32mI (188) cpu_start: Multicore app[0m
[0;32mI (196) cpu_start: Pro cpu start user code[0m
[0;32mI (196) cpu_start: cpu freq: 160000000 Hz[0m
[0;32mI (196) app_init: Application information:[0m
[0;32mI (196) app_init: Project name:     ESP_STM_COMM[0m
[0;32mI (200) app_init: App version:      1[0m
[0;32mI (204) app_init: Compile time:     Jul 24 2025 14:52:47[0m
[0;32mI (209) app_init: ELF file SHA256:  d91d210e6...[0m
[0;32mI (213) app_init: ESP-IDF:          v5.4.2[0m
[0;32mI (217) efuse_init: Min chip rev:     v0.0[0m
[0;32mI (221) efuse_init: Max chip rev:     v3.99 [0m
[0;32mI (225) efuse_init: Chip rev:         v3.1[0m
[0;32mI (229) heap_init: Initializing. RAM available for dynamic allocation:[0m
[0;32mI (235) heap_init: At 3FFAE6E0 len 00001920 (6 KiB): DRAM[0m
[0;32mI (240) heap_init: At 3FFB2CB0 len 0002D350 (180 KiB): DRAM[0m
[0;32mI (245) heap_init: At 3FFE0440 len 00003AE0 (14 KiB): D/IRAM[0m
[0;32mI (251) heap_init: At 3FFE4350 len 0001BCB0 (111 KiB): D/IRAM[0m
[0;32mI (256) heap_init: At 4008DE14 len 000121EC (72 KiB): IRAM[0m
[0;32mI (263) spi_flash: detected chip: generic[0m
[0;32mI (265) spi_flash: flash io: dio[0m
[0;33mW (268) spi_flash: Detected size(4096k) larger than the size in the binary image header(2048k). Using the size in the binary image header.[0m
[0;32mI (281) main_task: Started on CPU0[0m
[0;32mI (291) main_task: Calling app_main()[0m
[0;32mI (291) UART_ECHO: Sent: Hjkds[0m
[0;32mI (891) UART_ECHO: Received: [0m
[0;32mI (2891) UART_ECHO: Sent: Hjkds[0m
[0;32mI (3491) UART_ECHO: Received: [0m
[0;32mI (5491) UART_ECHO: Sent: Hjkds[0m
[0;32mI (6451) UART_ECHO: Received: ï¿½jkï¿½ï¿½ï¿½[0m
[0;32mI (8451) UART_ECHO: Sent: Hjkds[0m
[0;32mI (9731) UART_ECHO: Received: [0m
[0;32mI (11731) UART_ECHO: Sent: Hjkds[0m
[0;32mI (12591) UART_ECHO: Received: [0m
[0;32mI (14591) UART_ECHO: Sent: Hjkds[0m
[0;32mI (15211) UART_ECHO: Received: [0m
[0;32mI (17211) UART_ECHO: Sent: Hjkds[0m
[0;32mI (17811) UART_ECHO: Received: Hjkï¿½ï¿½[0m
[0;32mI (19811) UART_ECHO: Sent: Hjkds[0m
[0;32mI (20451) UART_ECHO: Received: [0m
[0;32mI (22451) UART_ECHO: Sent: Hjkds[0m
[0;32mI (23081) UART_ECHO: Received: [0m
[0;32mI (25081) UART_ECHO: Sent: Hjkds[0m
[0;32mI (25721) UART_ECHO: Received: [0m
[0;32mI (27721) UART_ECHO: Sent: Hjkds[0m
[0;32mI (28361) UART_ECHO: Received: [0m
[0;32mI (30361) UART_ECHO: Sent: Hjkds[0m
[0;32mI (31021) UART_ECHO: Received: [0m
[0;32mI (33021) UART_ECHO: Sent: Hjkds[0m
[0;32mI (33661) UART_ECHO: Received: [0m
[0;32mI (35661) UART_ECHO: Sent: Hjkds[0m
[0;32mI (36321) UART_ECHO: Received: [0m
[0;32mI (38321) UART_ECHO: Sent: Hjkds[0m
[0;32mI (38961) UART_ECHO: Received: Hjkdï¿½
[0;32mI (40961) UART_ECHO: Sent: Hjkds[0m
[0;32mI (41621) UART_ECHO: Received: [0m
[0;32mI (43621) UART_ECHO: Sent: Hjkds[0m
[0;32mI (44271) UART_ECHO: Received: [0m
[0;32mI (46271) UART_ECHO: Sent: Hjkds[0m
[0;32mI (46951) UART_ECHO: Received: [0m
[0;32mI (48951) UART_ECHO: Sent: Hjkds[0m
[0;32mI (49631) UART_ECHO: Received: [0m
[0;32mI (51631) UART_ECHO: Sent: Hjkds[0m
[0;32mI (52271) UART_ECHO: Received: [0m
[0;32mI (54271) UART_ECHO: Sent: Hjkds[0m
[0;32mI (54931) UART_ECHO: Received: [0m
[0;32mI (56931) UART_ECHO: Sent: Hjkds[0m
[0;32mI (57571) UART_ECHO: Received: [0m
[0;32mI (59571) UART_ECHO: Sent: Hjkds[0m
[0;32mI (60211) UART_ECHO: Received: [0m
[0;32mI (62211) UART_ECHO: Sent: Hjkds[0m
[0;32mI (62871) UART_ECHO: Received: [0m
[0;32mI (64871) UART_ECHO: Sent: Hjkds[0m
[0;32mI (65511) UART_ECHO: Received: ï¿½ï¿½[0m
[0;32mI (67511) UART_ECHO: Sent: Hjkds[0m
[0;32mI (68161) UART_ECHO: Received: [0m
[0;32mI (70161) UART_ECHO: Sent: Hjkds[0m
[0;32mI (70801) UART_ECHO: Received: [0m
[0;32mI (72801) UART_ECHO: Sent: Hjkds[0m
[0;32mI (73421) UART_ECHO: Received: [0m
[0;32mI (75421) UART_ECHO: Sent: Hjkds[0m
[0;32mI (76061) UART_ECHO: Received: [0m
[0;32mI (78061) UART_ECHO: Sent: Hjkds[0m
[0;32mI (78701) UART_ECHO: Received: [0m
[0;32mI (80701) UART_ECHO: Sent: Hjkds[0m
[0;32mI (81341) UART_ECHO: Received: [0m
[0;32mI (83341) UART_ECHO: Sent: Hjkds[0m
[0;32mI (83961) UART_ECHO: Received: [0m
[0;32mI (85961) UART_ECHO: Sent: Hjkds[0m
[0;32mI (86541) UART_ECHO: Received: Hjkds[0m
[0;32mI (88541) UART_ECHO: Sent: Hjkds[0m
[0;32mI (89181) UART_ECHO: Received: [0m
[0;32mI (91181) UART_ECHO: Sent: Hjkds[0m
[0;32mI (91811) UART_ECHO: Received: [0m
[0;32mI (93811) UART_ECHO: Sent: Hjkds[0m
[0;32mI (94431) UART_ECHO: Received: [0m
[0;32mI (96431) UART_ECHO: Sent: Hjkds[0m
[0;32mI (97031) UART_ECHO: Received: [0m
[0;32mI (99031) UART_ECHO: Sent: Hjkds[0m
[0;32mI (99631) UART_ECHO: Received: [0m
[0;32mI (101631) UART_ECHO: Sent: Hjkds[0m
[0;32mI (102251) UART_ECHO: Received: [0m
