	ï¿½: D/IRAM
[0;32mI (256)ï¿½ets Jul 29 2019 12:21:46[0m

rst:0x1 (POWERON_RESET),boot:0x13 (SPI_FAST_FLASH_BOOT)
configsip: 0, SPIWP:0xee
clk_drv:0x00,q_drv:0x00,d_drv:0x00,cs0_drv:0x00,hd_drv:0x00,wp_drv:0x00
mode:DIO, clock div:2
load:0x3fff0030,len:6276
load:0x40078000,len:15736
load:0x40080400,len:4
load:0x40080404,len:3860
entry 0x4008063c
[0;32mI (29) boot: ESP-IDF v5.4.2 2nd stage bootloader[0m
[0;32mI (29) boot: compile time Jul 24 2025 14:53:01[0m
[0;32mI (30) boot: Multicore bootloader[0m
[0;32mI (31) boot: chip revision: v3.1[0m
[0;32mI (34) boot.esp32: SPI Speed      : 40MHz[0m
[0;32mI (37) boot.esp32: SPI Mode       : DIO[0m
[0;32mI (41) boot.esp32: SPI Flash Size : 2MB[0m
[0;32mI (44) boot: Enabling RNG early entropy source...[0m
[0;32mI (49) boot: Partition Table:[0m
[0;32mI (51) boot: ## Label            Usage          Type ST Offset   Length[0m
[0;32mI (58) boot:  0 nvs              WiFi data        01 02 00009000 00006000[0m
[0;32mI (64) boot:  1 phy_init         RF data          01 01 0000f000 00001000[0m
[0;32mI (71) boot:  2 factory          factory app      00 00 00010000 00100000[0m
[0;32mI (77) boot: End of partition table[0m
[0;32mI (81) esp_image: segment 0: paddr=00010020 vaddr=3f400020 size=0abfch ( 44028) map[0m
[0;32mI (103) esp_image: segment 1: paddr=0001ac24 vaddr=3ff80000 size=0001ch (    28) load[0m
[0;32mI (103) esp_image: segment 2: paddr=0001ac48 vaddr=3ffb0000 size=023e8h (  9192) load[0m
[0;32mI (111) esp_image: segment 3: paddr=0001d038 vaddr=40080000 size=02fe0h ( 12256) load[0m
[0;32mI (119) esp_image: segment 4: paddr=00020020 vaddr=400d0020 size=15e30h ( 89648) map[0m
[0;32mI (153) esp_image: segment 5: paddr=00035e58 vaddr=40082fe0 size=0ae34h ( 44596) load[0m
[0;32mI (177) boot: Loaded app from partition at offset 0x10000[0m
[0;32mI (177) boot: Disabling RNG early entropy source...[0m
[0;32mI (188) cpu_start: Multicore app[0m
[0;32mI (196) cpu_start: Pro cpu start user code[0m
[0;32mI (196) cpu_start: cpu freq: 160000000 Hz[0m
[0;32mI (196) app_init: Application information:[0m
[0;32mI (196) app_init: Project name:     ESP_STM_COMM[0m
[0;32mI (200) app_init: App version:      1[0m
[0;32mI (204) app_init: Compile time:     Jul 24 2025 14:52:47[0m
[0;32mI (209) app_init: ELF file SHA256:  7f354b984...[0m
[0;32mI (213) app_init: ESP-IDF:          v5.4.2[0m
[0;32mI (217) efuse_init: Min chip rev:     v0.0[0m
[0;32mI (221) efuse_init: Max chip rev:     v3.99 [0m
[0;32mI (225) efuse_init: Chip rev:         v3.1[0m
[0;32mI (229) heap_init: Initializing. RAM available for dynamic allocation:[0m
[0;32mI (235) heap_init: At 3FFAE6E0 len 00001920 (6 KiB): DRAM[0m
[0;32mI (240) heap_init: At 3FFB2CB0 len 0002D350 (180 KiB): DRAM[0m
[0;32mI (245) heap_init: At 3FFE0440 len 00003AE0 (14 KiB): D/IRAM[0m
[0;32mI (251) heap_init: At 3FFE4350 len 0001BCB0 (111 KiB): D/IRAM[0m
[0;32mI (256) heap_init: At 4008DE14 len 000121EC (72 KiB): IRAM[0m
[0;32mI (263) spi_flash: detected chip: generic[0m
[0;32mI (265) spi_flash: flash io: dio[0m
[0;33mW (268) spi_flash: Detected size(4096k) larger than the size in the binary image header(2048k). Using the size in the binary image header.[0m
[0;32mI (281) main_task: Started on CPU0[0m
[0;32mI (291) main_task: Calling app_main()[0m
[0;32mI (14851) UART_TEST: Received 127 bytes: [0m
[0;32mI (14891) UART_TEST: Received 127 bytes: [0m
[0;32mI (14911) UART_TEST: Received 127 bytes: [0m
[0;32mI (14931) UART_TEST: Received 127 bytes: <ï¿½
[0;32mI (14961) UART_TEST: Received 127 bytes: ï¿½ï¿½'ï¿½ï¿½[0m
[0;32mI (14991) UART_TEST: Received 127 bytes: ï¿½ï¿½Fï¿½ï¿½[0m
[0;32mI (15011) UART_TEST: Received 127 bytes: [0m
[0;32mI (15091) UART_TEST: Received 127 bytes: ï¿½ï¿½ï¿½ï¿½ï¿½ï¿½ï¿½ï¿½ï¿½ï¿½ï¿½ï¿½ï¿½ï¿½ï¿½SRï¿½	ï¿½[0m
[0;32mI (15141) UART_TEST: Received 127 bytes: [0m
[0;32mI (15191) UART_TEST: Received 127 bytes: ï¿½ï¿½ï¿½ï¿½ï¿½ï¿½ï¿½ï¿½ï¿½ï¿½xï¿½ï¿½ï¿½ï¿½ï¿½ï¿½ï¿½ï¿½ï¿½ï¿½ï¿½ï¿½ï¿½ï¿½ï¿½ï¿½ï¿½ï¿½ï¿½ï¿½ï¿½ï¿½ï¿½ï¿½ï¿½ï¿½ï¿½ï¿½ï¿½ï¿½ï¿½ï¿½ï¿½ï¿½ï¿½ï¿½ï¿½ï¿½ï¿½ï¿½ï¿½ï¿½ï¿½ï¿½ï¿½ï¿½ï¿½ï¿½ï¿½ï¿½ï¿½ï¿½ï¿½ï¿½ï¿½ï¿½ï¿½ï¿½ï¿½ï¿½ï¿½ï¿½ï¿½ï¿½ï¿½ï¿½ï¿½ï¿½ï¿½ï¿½ï¿½ï¿½ï¿½ï¿½ï¿½ï¿½ï¿½ï¿½ï¿½ï¿½ï¿½ï¿½ï¿½ï¿½ï¿½ï¿½ï¿½ï¿½[0m
[0;32mI (15211) UART_TEST: Received 127 bytes: ï¿½ï¿½ï¿½ï¿½ï¿½ï¿½ï¿½ï¿½ï¿½ï¿½ï¿½ï¿½ï¿½ï¿½ï¿½ï¿½ï¿½ï¿½ï¿½ï¿½ï¿½ï¿½ï¿½ï¿½ï¿½ï¿½ï¿½ï¿½ï¿½ï¿½ï¿½ï¿½ï¿½ï¿½ï¿½ï¿½ï¿½ï¿½ï¿½ï¿½ï¿½ï¿½ï¿½ï¿½ï¿½ï¿½ï¿½ï¿½ï¿½ï¿½fï¿½ï¿½ï¿½Ç‚[0m
[0;32mI (15231) UART_TEST: Received 127 bytes: [0m
[0;32mI (15251) UART_TEST: Received 127 bytes: [0m
[0;32mI (15271) UART_TEST: Received 127 bytes: [0m
[0;32mI (15291) UART_TEST: Received 127 bytes: [0m
[0;32mI (15311) UART_TEST: Received 127 bytes: ï¿½ï¿½ï¿½ï¿½ï¿½ï¿½ï¿½ï¿½ï¿½ï¿½ï¿½ï¿½ï¿½ï¿½ï¿½[0m
[0;32mI (15331) UART_TEST: Received 127 bytes: ï¿½ï¿½ï¿½@[0m
[0;32mI (15371) UART_TEST: Received 127 bytes: ï¿½ï¿½ï¿½$[0m

[0;32mI (15391) UART_TEST: Received 127 bytes: [0m
[0;32mI (15411) UART_TEST: Received 127 bytes: [0m
[0;32mI (15431) UART_TEST: Received 127 bytes: [0m
[0;32mI (15451) UART_TEST: Received 127 bytes: [0m
[0;32mI (15471) UART_TEST: Received 127 bytes: [0m
[0;32mI (15511) UART_TEST: Received 127 bytes: [0m
[0;32mI (15551) UART_TEST: Received 127 bytes: [0m
[0;32mI (15581) UART_TEST: Received 127 bytes: [0m
[0;32mI (15611) UART_TEST: Received 127 bytes: [0m
[0;32mI (15631) UART_TEST: Received 127 bytes: [0m
[0;32mI (15651) UART_TEST: Received 127 bytes: ï¿½
[0;32mI (15661) UART_TEST: Received 127 bytes: ï¿½ï¿½ï¿½ï¿½ï¿½ï¿½ï¿½ï¿½ï¿½ï¿½ï¿½ï¿½ï¿½ï¿½ï¿½ï¿½ï¿½ï¿½ï¿½ï¿½ï¿½ï¿½ï¿½ï¿½ï¿½ï¿½ï¿½ï¿½ï¿½ï¿½ï¿½ï¿½ï¿½ï¿½ï¿½ï¿½ï¿½ï¿½ï¿½ï¿½ï¿½ï¿½ï¿½ï¿½ï¿½ï¿½ï¿½ï¿½ï¿½ï¿½ï¿½ï¿½ï¿½ï¿½ï¿½ï¿½ï¿½ï¿½ï¿½Äï¿½ï¿½ï¿½ï¿½ï¿½ï¿½ï¿½ï¿½ï¿½[0m
[0;32mI (15721) UART_TEST: Received 127 bytes: ï¿½ï¿½ï¿½ï¿½ï¿½ï¿½ï¿½ï¿½ï¿½ï¿½ï¿½ï¿½ï¿½ï¿½ï¿½ï¿½ï¿½ï¿½ï¿½ï¿½ï¿½ï¿½ï¿½ï¿½ï¿½@[0m
[0;32mI (15791) UART_TEST: Received 127 bytes: ï¿½ï¿½ï¿½ï¿½ï¿½ï¿½ï¿½ï¿½ï¿½ï¿½ï¿½ï¿½ï¿½ï¿½ï¿½ï¿½ï¿½ï¿½ï¿½ï¿½ï¿½ï¿½ï¿½ï¿½ï¿½ï¿½ï¿½ï¿½ï¿½ï¿½ï¿½ï¿½ï¿½ï¿½ï¿½ï¿½ï¿½ï¿½ï¿½ï¿½ï¿½ï¿½ï¿½[0m
[0;32mI (15881) UART_TEST: Received 127 bytes: [0m
[0;32mI (15931) UART_TEST: Received 127 bytes: [0m
[0;32mI (16011) UART_TEST: Received 127 bytes: [0m
[0;32mI (16111) UART_TEST: Received 87 bytes: [0m
[0;32mI (22101) UART_TEST: Received 13 bytes: Tï¿½[0m
[0;32mI (23581) UART_TEST: Received 1 bytes: [0m
[0;32mI (23771) UART_TEST: Received 7 bytes: ï¿½ï¿½ï¿½[0m
[0;32mI (23871) UART_TEST: Received 4 bytes: ï¿½
[0;32mI (23971) UART_TEST: Received 4 bytes: ï¿½
[0;32mI (24071) UART_TEST: Received 4 bytes: ï¿½
[0;32mI (24171) UART_TEST: Received 4 bytes: ï¿½
[0;32mI (24271) UART_TEST: Received 4 bytes: ï¿½
[0;32mI (24371) UART_TEST: Received 4 bytes: ï¿½
[0;32mI (24471) UART_TEST: Received 4 bytes: ï¿½
[0;32mI (24571) UART_TEST: Received 4 bytes: ï¿½
[0;32mI (24671) UART_TEST: Received 4 bytes: ï¿½
[0;32mI (24771) UART_TEST: Received 4 bytes: ï¿½
[0;32mI (24871) UART_TEST: Received 4 bytes: ï¿½
[0;32mI (24971) UART_TEST: Received 4 bytes: ï¿½
[0;32mI (25071) UART_TEST: Received 4 bytes: ï¿½
[0;32mI (25171) UART_TEST: Received 4 bytes: ï¿½
[0;32mI (25271) UART_TEST: Received 4 bytes: ï¿½
[0;32mI (25371) UART_TEST: Received 4 bytes: ï¿½
[0;32mI (25471) UART_TEST: Received 4 bytes: ï¿½
[0;32mI (25571) UART_TEST: Received 4 bytes: ï¿½
[0;32mI (25671) UART_TEST: Received 4 bytes: ï¿½
[0;32mI (25771) UART_TEST: Received 4 bytes: ï¿½
[0;32mI (25871) UART_TEST: Received 4 bytes: ï¿½
[0;32mI (25971) UART_TEST: Received 4 bytes: ï¿½
[0;32mI (26071) UART_TEST: Received 4 bytes: ï¿½
[0;32mI (26171) UART_TEST: Received 4 bytes: ï¿½
[0;32mI (26271) UART_TEST: Received 4 bytes: ï¿½
[0;32mI (26371) UART_TEST: Received 4 bytes: ï¿½
[0;32mI (26471) UART_TEST: Received 4 bytes: ï¿½
[0;32mI (26571) UART_TEST: Received 4 bytes: ï¿½
[0;32mI (26671) UART_TEST: Received 4 bytes: ï¿½
[0;32mI (26771) UART_TEST: Received 4 bytes: ï¿½
[0;32mI (26871) UART_TEST: Received 4 bytes: ï¿½
[0;32mI (26971) UART_TEST: Received 4 bytes: ï¿½
[0;32mI (27071) UART_TEST: Received 4 bytes: ï¿½
[0;32mI (27171) UART_TEST: Received 4 bytes: ï¿½
[0;32mI (27271) UART_TEST: Received 4 bytes: ï¿½
[0;32mI (27371) UART_TEST: Received 4 bytes: ï¿½
[0;32mI (27471) UART_TEST: Received 4 bytes: ï¿½
[0;32mI (27571) UART_TEST: Received 4 bytes: ï¿½
[0;32mI (27671) UART_TEST: Received 4 bytes: ï¿½
[0;32mI (27771) UART_TEST: Received 4 bytes: ï¿½
[0;32mI (27871) UART_TEST: Received 4 bytes: ï¿½
[0;32mI (27971) UART_TEST: Received 4 bytes: ï¿½
[0;32mI (28071) UART_TEST: Received 4 bytes: ï¿½
[0;32mI (28171) UART_TEST: Received 4 bytes: ï¿½
[0;32mI (28271) UART_TEST: Received 4 bytes: ï¿½
[0;32mI (28371) UART_TEST: Received 4 bytes: ï¿½
[0;32mI (28471) UART_TEST: Received 4 bytes: ï¿½
[0;32mI (28571) UART_TEST: Received 4 bytes: ï¿½
[0;32mI (28671) UART_TEST: Received 4 bytes: ï¿½
[0;32mI (28771) UART_TEST: Received 4 bytes: ï¿½
[0;32mI (28871) UART_TEST: Received 4 bytes: ï¿½
[0;32mI (28971) UART_TEST: Received 4 bytes: ï¿½
[0;32mI (29071) UART_TEST: Received 4 bytes: ï¿½
[0;32mI (29171) UART_TEST: Received 4 bytes: ï¿½
[0;32mI (29271) UART_TEST: Received 4 bytes: ï¿½
[0;32mI (29371) UART_TEST: Received 4 bytes: ï¿½
[0;32mI (29471) UART_TEST: Received 4 bytes: ï¿½
[0;32mI (29571) UART_TEST: Received 4 bytes: ï¿½
[0;32mI (29671) UART_TEST: Received 4 bytes: ï¿½
[0;32mI (29771) UART_TEST: Received 4 bytes: ï¿½
[0;32mI (29871) UART_TEST: Received 4 bytes: ï¿½
[0;32mI (29971) UART_TEST: Received 4 bytes: ï¿½
[0;32mI (30071) UART_TEST: Received 4 bytes: ï¿½
[0;32mI (30171) UART_TEST: Received 4 bytes: ï¿½
[0;32mI (30271) UART_TEST: Received 4 bytes: ï¿½
[0;32mI (30371) UART_TEST: Received 4 bytes: ï¿½
