ets Jul 29 2019 12:21:46

rst:0x1 (POWERON_RESET),boot:0x13 (SPI_FAST_FLASH_BOOT)
configsip: 0, SPIWP:0xee
clk_drv:0x00,q_drv:0x00,d_drv:0x00,cs0_drv:0x00,hd_drv:0x00,wp_drv:0x00
mode:DIO, clock div:2
load:0x3fff0030,len:6276
load:0x40078000,len:15736
load:0x40080400,len:4
load:0x40080404,len:3860
entry 0x4008063c
[0;32mI (29) boot: ESP-IDF v5.4.2 2nd stage bootloader[0m
[0;32mI (29) boot: compile time Aug 13 2025 16:30:37[0m
[0;32mI (30) boot: Multicore bootloader[0m
[0;32mI (31) boot: chip revision: v3.1[0m
[0;32mI (34) boot.esp32: SPI Speed      : 40MHz[0m
[0;32mI (37) boot.esp32: SPI Mode       : DIO[0m
[0;32mI (41) boot.esp32: SPI Flash Size : 4MB[0m
[0;32mI (44) boot: Enabling RNG early entropy source...[0m
[0;32mI (49) boot: Partition Table:[0m
[0;32mI (51) boot: ## Label            Usage          Type ST Offset   Length[0m
[0;32mI (58) boot:  0 nvs              WiFi data        01 02 00009000 00006000[0m
[0;32mI (64) boot:  1 phy_init         RF data          01 01 0000f000 00001000[0m
[0;32mI (71) boot:  2 ota_app          OTA app          00 10 00010000 001f0000[0m
[0;32mI (77) boot:  3 storage          Unknown data     01 82 00200000 00100000[0m
[0;32mI (84) boot: End of partition table[0m
[0;32mI (87) esp_image: segment 0: paddr=00010020 vaddr=3f400020 size=1c808h (116744) map[0m
[0;32mI (135) esp_image: segment 1: paddr=0002c830 vaddr=3ff80000 size=0001ch (    28) load[0m
[0;32mI (135) esp_image: segment 2: paddr=0002c854 vaddr=3ffb0000 size=037c4h ( 14276) load[0m
[0;32mI (144) esp_image: segment 3: paddr=00030020 vaddr=400d0020 size=956e4h (612068) map[0m
[0;32mI (355) esp_image: segment 4: paddr=000c570c vaddr=3ffb37c4 size=00804h (  2052) load[0m
[0;32mI (356) esp_image: segment 5: paddr=000c5f18 vaddr=40080000 size=1897ch (100732) load[0m
[0;32mI (410) boot: Loaded app from partition at offset 0x10000[0m
[0;32mI (410) boot: Disabling RNG early entropy source...[0m
[0;32mI (420) cpu_start: Multicore app[0m
[0;32mI (429) cpu_start: Pro cpu start user code[0m
[0;32mI (429) cpu_start: cpu freq: 160000000 Hz[0m
[0;32mI (429) app_init: Application information:[0m
[0;32mI (429) app_init: Project name:     OTA_ESP[0m
[0;32mI (433) app_init: App version:      1[0m
[0;32mI (436) app_init: Compile time:     Aug 13 2025 16:30:23[0m
[0;32mI (441) app_init: ELF file SHA256:  f44da969e...[0m
[0;32mI (445) app_init: ESP-IDF:          v5.4.2[0m
[0;32mI (449) efuse_init: Min chip rev:     v0.0[0m
[0;32mI (453) efuse_init: Max chip rev:     v3.99 [0m
[0;32mI (457) efuse_init: Chip rev:         v3.1[0m
[0;32mI (461) heap_init: Initializing. RAM available for dynamic allocation:[0m
[0;32mI (467) heap_init: At 3FFAE6E0 len 00001920 (6 KiB): DRAM[0m
[0;32mI (472) heap_init: At 3FFB8678 len 00027988 (158 KiB): DRAM[0m
[0;32mI (478) heap_init: At 3FFE0440 len 00003AE0 (14 KiB): D/IRAM[0m
[0;32mI (483) heap_init: At 3FFE4350 len 0001BCB0 (111 KiB): D/IRAM[0m
[0;32mI (489) heap_init: At 4009897C len 00007684 (29 KiB): IRAM[0m
[0;32mI (495) spi_flash: detected chip: generic[0m
[0;32mI (497) spi_flash: flash io: dio[0m
[0;32mI (502) main_task: Started on CPU0[0m
[0;32mI (512) main_task: Calling app_main()[0m
[0;32mI (602) OTA_SERVER: SPIFFS mounted. Total: 956561 bytes, Used: 1506 bytes[0m
[0;32mI (612) main_task: Returned from app_main()[0m
[0;32mI (612) OTA_SERVER: UART initialized[0m
[0;32mI (622) wifi:wifi driver task: 3ffc2190, prio:23, stack:6656, core=0[0m
[0;32mI (632) wifi:wifi firmware version: bea31f3[0m
[0;32mI (632) wifi:wifi certification version: v7.0[0m
[0;32mI (632) wifi:config NVS flash: enabled[0m
[0;32mI (632) wifi:config nano formatting: disabled[0m
[0;32mI (632) wifi:Init data frame dynamic rx buffer num: 32[0m
[0;32mI (642) wifi:Init static rx mgmt buffer num: 5[0m
[0;32mI (642) wifi:Init management short buffer num: 32[0m
[0;32mI (652) wifi:Init dynamic tx buffer num: 32[0m
[0;32mI (652) wifi:Init static rx buffer size: 1600[0m
[0;32mI (662) wifi:Init static rx buffer num: 10[0m
[0;32mI (662) wifi:Init dynamic rx buffer num: 32[0m
[0;32mI (662) wifi_init: rx ba win: 6[0m
[0;32mI (672) wifi_init: accept mbox: 6[0m
[0;32mI (672) wifi_init: tcpip mbox: 32[0m
[0;32mI (672) wifi_init: udp mbox: 6[0m
[0;32mI (682) wifi_init: tcp mbox: 6[0m
[0;32mI (682) wifi_init: tcp tx win: 5760[0m
[0;32mI (682) wifi_init: tcp rx win: 5760[0m
[0;32mI (682) wifi_init: tcp mss: 1440[0m
[0;32mI (692) wifi_init: WiFi IRAM OP enabled[0m
[0;32mI (692) wifi_init: WiFi RX IRAM OP enabled[0m
[0;33mW (702) wifi:Password length matches WPA2 standards, authmode threshold changes from OPEN to WPA2[0m
[0;32mI (702) phy_init: phy_version 4860,6b7a6e5,Feb  6 2025,14:47:07[0m
[0;32mI (792) wifi:mode : sta (8c:4f:00:2f:5c:38)[0m
[0;32mI (802) wifi:enable tsf[0m
[0;32mI (802) OTA_SERVER: Wi-Fi connecting to SSID: 1234[0m
[0;32mI (812) wifi:new:<4,0>, old:<1,0>, ap:<255,255>, sta:<4,0>, prof:1, snd_ch_cfg:0x0[0m
[0;32mI (812) wifi:state: init -> auth (0xb0)[0m
[0;32mI (822) wifi:state: auth -> assoc (0x0)[0m
[0;32mI (832) wifi:state: assoc -> run (0x10)[0m
[0;32mI (852) wifi:connected with 1234, aid = 21, channel 4, BW20, bssid = 12:1f:8f:52:25:21[0m
[0;32mI (852) wifi:security: WPA2-PSK, phy: bgn, rssi: -19[0m
[0;32mI (852) wifi:pm start, type: 1[0m

[0;32mI (852) wifi:dp: 1, bi: 102400, li: 3, scale listen interval from 307200 us to 307200 us[0m
[0;32mI (892) wifi:dp: 2, bi: 102400, li: 4, scale listen interval from 307200 us to 409600 us[0m
[0;32mI (892) wifi:AP's beacon interval = 102400 us, DTIM period = 2[0m
[0;32mI (1882) esp_netif_handlers: sta ip: 10.38.201.158, mask: 255.255.255.0, gw: 10.38.201.117[0m
[0;32mI (1882) OTA_SERVER: Got IP: 10.38.201.158[0m
[0;32mI (11042) OTA_SERVER: [0m
[0;32mI (16072) wifi:<ba-add>idx:0 (ifx:0, 12:1f:8f:52:25:21), tid:0, ssn:16, winSize:64[0m
[0;32mI (16192) OTA_SERVER: Firmware uploaded. Size after strip: 4612 bytes[0m
[0;32mI (16202) OTA_SERVER:   index.html (1221 bytes)[0m
[0;32mI (16202) OTA_SERVER:   firmware_a.bin (4612 bytes)[0m
[0;32mI (17902) OTA_SERVER: [0m
[0;32mI (18282) OTA_SERVER: [0m
[0;32mI (18482) OTA_SERVER: ï¿½[0m
[0;32mI (18682) OTA_SERVER: [0m
[0;32mI (18882) OTA_SERVER: [0m
[0;32mI (19082) OTA_SERVER: [0m
[0;32mI (23062) OTA_SERVER: 8[0m
[0;32mI (23262) OTA_SERVER: [0m
[0;32mI (23462) OTA_SERVER: [0m
[0;32mI (23662) OTA_SERVER: [0m
[0;32mI (23862) OTA_SERVER: [0m
[0;32mI (24062) OTA_SERVER: Acknowledgement for A verified correct[0m
[0;32mI (26122) OTA_SERVER: CRC of ESP: c50a2e8f[0m
[0;32mI (26122) OTA_SERVER: CRC of STM: [0m
[0;32mI (27182) OTA_SERVER: CRC of ESP: 1140d6c0[0m
[0;32mI (27182) OTA_SERVER: CRC of STM: [0m
[0;32mI (28242) OTA_SERVER: CRC of ESP: 50860c8e[0m
[0;32mI (28242) OTA_SERVER: CRC of STM: [0m
[0;32mI (29302) OTA_SERVER: CRC of ESP: 51718c87[0m
[0;32mI (29302) OTA_SERVER: CRC of STM: [0m
[0;32mI (30362) OTA_SERVER: CRC of ESP: 941a015d[0m
[0;32mI (30362) OTA_SERVER: CRC of STM: [0m
[0;32mI (31422) OTA_SERVER: CRC of ESP: 1eb69c6c[0m
[0;32mI (31422) OTA_SERVER: CRC of STM: [0m
[0;32mI (32482) OTA_SERVER: CRC of ESP: b79924d3[0m
[0;32mI (32482) OTA_SERVER: CRC of STM: [0m
[0;32mI (33542) OTA_SERVER: CRC of ESP: c97678c0[0m
[0;32mI (33542) OTA_SERVER: CRC of STM: [0m
[0;32mI (34602) OTA_SERVER: CRC of ESP: 5b3399c7[0m
[0;32mI (34602) OTA_SERVER: CRC of STM: [0m
[0;32mI (45302) OTA_SERVER: Final Chunk Sent.[0m
[0;32mI (56012) OTA_SERVER: ï¿½
[0;32mI (66682) OTA_SERVER: ï¿½
[0;32mI (77572) OTA_SERVER: ï¿½
[0;32mI (88422) OTA_SERVER: ï¿½
[0;32mI (99112) OTA_SERVER: [0m
[0;32mI (109822) OTA_SERVER: ï¿½
[0;32mI (120452) OTA_SERVER: [0m
[0;32mI (131172) OTA_SERVER: [0m
[0;32mI (141802) OTA_SERVER: ï¿½
[0;32mI (152522) OTA_SERVER: ï¿½
[0;32mI (163272) OTA_SERVER: ï¿½
[0;32mI (174112) OTA_SERVER: ï¿½
[0;32mI (184602) OTA_SERVER: ï¿½
