JBï¿½ï¿½ï¿½}ï¿½ï¿½ï¿½ï¿½ï¿½ At 3Fï¿½ets Jul 29 2019 12:21:46

rst:0x1 (POWERON_RESET),boot:0x13 (SPI_FAST_FLASH_BOOT)
configsip: 0, SPIWP:0xee
clk_drv:0x00,q_drv:0x00,d_drv:0x00,cs0_drv:0x00,hd_drv:0x00,wp_drv:0x00
mode:DIO, clock div:2
load:0x3fff0030,len:6276
load:0x40078000,len:15736
load:0x40080400,len:4
load:0x40080404,len:3860
entry 0x4008063c
[0;32mI (29) boot: ESP-IDF v5.4.2 2nd stage bootloader[0m
[0;32mI (29) boot: compile time Jul 24 2025 14:53:01[0m
[0;32mI (30) boot: Multicore bootloader[0m
[0;32mI (31) boot: chip revision: v3.1[0m
[0;32mI (34) boot.esp32: SPI Speed      : 40MHz[0m
[0;32mI (37) boot.esp32: SPI Mode       : DIO[0m
[0;32mI (41) boot.esp32: SPI Flash Size : 2MB[0m
[0;32mI (44) boot: Enabling RNG early entropy source...[0m
[0;32mI (49) boot: Partition Table:[0m
[0;32mI (51) boot: ## Label            Usage          Type ST Offset   Length[0m
[0;32mI (58) boot:  0 nvs              WiFi data        01 02 00009000 00006000[0m
[0;32mI (64) boot:  1 phy_init         RF data          01 01 0000f000 00001000[0m
[0;32mI (71) boot:  2 factory          factory app      00 00 00010000 00100000[0m
[0;32mI (77) boot: End of partition table[0m
[0;32mI (81) esp_image: segment 0: paddr=00010020 vaddr=3f400020 size=0ac0ch ( 44044) map[0m
[0;32mI (103) esp_image: segment 1: paddr=0001ac34 vaddr=3ff80000 size=0001ch (    28) load[0m
[0;32mI (104) esp_image: segment 2: paddr=0001ac58 vaddr=3ffb0000 size=023e8h (  9192) load[0m
[0;32mI (111) esp_image: segment 3: paddr=0001d048 vaddr=40080000 size=02fd0h ( 12240) load[0m
[0;32mI (119) esp_image: segment 4: paddr=00020020 vaddr=400d0020 size=15f28h ( 89896) map[0m
[0;32mI (153) esp_image: segment 5: paddr=00035f50 vaddr=40082fd0 size=0ae44h ( 44612) load[0m
[0;32mI (177) boot: Loaded app from partition at offset 0x10000[0m
[0;32mI (177) boot: Disabling RNG early entropy source...[0m
[0;32mI (188) cpu_start: Multicore app[0m
[0;32mI (196) cpu_start: Pro cpu start user code[0m
[0;32mI (196) cpu_start: cpu freq: 160000000 Hz[0m
[0;32mI (196) app_init: Application information:[0m
[0;32mI (196) app_init: Project name:     ESP_STM_COMM[0m
[0;32mI (200) app_init: App version:      1[0m
[0;32mI (204) app_init: Compile time:     Jul 24 2025 14:52:47[0m
[0;32mI (209) app_init: ELF file SHA256:  334c1172d...[0m
[0;32mI (213) app_init: ESP-IDF:          v5.4.2[0m
[0;32mI (217) efuse_init: Min chip rev:     v0.0[0m
[0;32mI (221) efuse_init: Max chip rev:     v3.99 [0m
[0;32mI (225) efuse_init: Chip rev:         v3.1[0m
[0;32mI (229) heap_init: Initializing. RAM available for dynamic allocation:[0m
[0;32mI (235) heap_init: At 3FFAE6E0 len 00001920 (6 KiB): DRAM[0m
[0;32mI (240) heap_init: At 3FFB2CB0 len 0002D350 (180 KiB): DRAM[0m
[0;32mI (245) heap_init: At 3FFE0440 len 00003AE0 (14 KiB): D/IRAM[0m
[0;32mI (251) heap_init: At 3FFE4350 len 0001BCB0 (111 KiB): D/IRAM[0m
[0;32mI (256) heap_init: At 4008DE14 len 000121EC (72 KiB): IRAM[0m
[0;32mI (263) spi_flash: detected chip: generic[0m
[0;32mI (265) spi_flash: flash io: dio[0m
[0;33mW (268) spi_flash: Detected size(4096k) larger than the size in the binary image header(2048k). Using the size in the binary image header.[0m
[0;32mI (281) main_task: Started on CPU0[0m
[0;32mI (291) main_task: Calling app_main()[0m
[0;32mI (291) UART_ECHO: Sent: Hjkds[0m
[0;32mI (621) UART_ECHO: Received: [0m
00 00 00 00 70 FF 12 00 00 00 00 00 F8 00 00 00 00 00 00 C0 03 00 00 00 00 00 E0 3B 00 20 00 00 00 00 00 00 00 00 00 00 00 FE 41 00 00 00 00 00 00 05 00 00 00 00 00 00 00 FF 3B 00 00 00 00 00 00 00 FE 00 00 00 00 00 00 00 00 F6 0B 00 00 00 00 00 00 80 01 00 00 00 00 00 C0 02 00 00 00 00 00 80 23 00 00 00 00 00 00 00 00 00 00 00 00 00 00 00 FE 03 00 00 00 00 00 00 00 FF 27 00 00 
[0;32mI (2641) UART_ECHO: Sent: Hjkds[0m
[0;32mI (2941) UART_ECHO: Received: [0m
00 00 00 FF 03 00 00 00 00 00 C0 1B 00 00 00 00 00 00 00 FF 03 00 00 00 00 00 00 E0 01 24 00 00 00 00 00 00 FE 3B 00 00 00 00 00 00 00 FF 06 00 00 00 00 00 00 00 03 00 00 00 00 00 00 00 FD 00 00 00 00 00 00 00 00 FA 07 00 00 00 00 00 00 FF 3B 00 20 00 00 00 00 00 00 FC 00 00 00 00 00 00 FA 0B 00 00 00 00 00 00 D4 2B 00 00 00 00 00 00 00 DE 00 00 00 00 00 00 00 00 D0 02 00 00 00 
[0;32mI (4961) UART_ECHO: Sent: Hjkds[0m
[0;32mI (5281) UART_ECHO: Received: [0m
00 00 00 C0 03 00 00 00 00 00 00 F8 01 00 00 00 00 00 80 00 00 00 00 00 00 00 00 DE 21 00 00 00 00 00 C0 3B 00 00 00 00 00 00 C0 00 00 00 00 00 00 F0 00 00 00 00 00 00 80 0B 00 00 00 00 00 00 00 FE 23 00 20 00 00 00 00 F8 03 00 00 00 00 00 00 00 FE 01 20 00 00 00 00 00 DB 27 00 00 00 00 00 00 E0 00 20 00 00 00 00 00 00 FD 82 00 00 00 00 00 00 00 FF 1F 00 00 00 00 00 00 00 FF 07 
[0;32mI (7301) UART_ECHO: Sent: Hjkds[0m
[0;32mI (7601) UART_ECHO: Received: [0m
00 00 00 F7 20 00 00 00 00 00 00 00 FB 08 00 00 00 00 00 F0 1F 00 00 00 00 00 00 00 FF 00 00 00 00 00 00 00 00 F8 13 00 00 00 00 00 00 00 FF 00 00 00 00 00 00 00 00 FB 00 00 00 00 00 00 00 00 FE 20 00 00 00 00 00 00 FF 00 00 00 00 00 00 00 FF 00 00 00 00 00 00 00 FE 2F 00 00 00 00 00 00 00 FF 27 00 00 00 00 00 00 00 FE 07 00 00 00 00 00 00 FF 03 00 00 00 00 00 00 00 FB 07 00 00 
[0;32mI (9621) UART_ECHO: Sent: Hjkds[0m
[0;32mI (9921) UART_ECHO: Received: [0m
00 00 00 00 FE 03 00 00 00 00 00 00 FA 01 00 00 00 00 00 00 00 EF 00 00 00 00 00 00 00 00 DE 01 00 20 00 00 00 00 00 6D 2B 00 00 00 00 00 00 00 FB 23 00 00 00 00 00 00 00 FC 2B 00 00 00 00 00 00 00 F8 00 00 00 00 00 00 00 00 FB 90 00 00 00 00 00 00 00 01 00 00 00 00 00 00 F0 03 00 00 00 00 00 00 FB 05 00 00 00 00 00 00 00 FE FF 00 00 00 00 00 00 00 00 FE 00 00 00 00 00 80 03 00 
[0;32mI (11941) UART_ECHO: Sent: Hjkds[0m
[0;32mI (12241) UART_ECHO: Received: [0m
00 00 00 F0 00 00 00 00 00 00 00 27 00 00 00 00 00 00 00 FF 02 00 00 00 00 00 00 00 FF 00 00 00 00 00 00 00 00 FF 10 00 00 00 00 00 00 FF 25 00 00 00 00 00 00 00 FF 0B 00 00 00 00 00 00 00 FF 03 00 00 00 00 00 00 FD 07 00 00 00 00 00 00 00 FE 00 00 00 00 00 00 00 00 FE 2F 00 00 00 00 00 00 00 03 00 00 00 00 00 00 FE 00 00 00 00 00 00 00 00 00 00 00 00 00 00 00 FE 00 00 00 00 00 
[0;32mI (14261) UART_ECHO: Sent: Hjkds[0m
[0;32mI (14581) UART_ECHO: Received: [0m
00 00 00 FF 00 00 00 00 00 00 00 FF 23 00 00 00 00 00 00 00 FF 21 00 00 00 00 00 00 00 FC 00 00 00 00 00 00 E0 0B 00 00 00 00 00 00 E0 00 00 00 00 00 00 00 D4 00 00 00 00 00 00 00 E0 21 00 00 00 00 00 00 00 F8 00 00 00 00 00 00 FC 00 00 00 00 00 00 80 02 00 00 00 00 00 00 00 FB 00 00 00 00 00 00 00 01 00 00 00 00 00 00 C0 26 00 00 00 00 00 00 00 DB 03 00 00 00 00 00 00 00 FF 00 
[0;32mI (16601) UART_ECHO: Sent: Hjkds[0m
[0;32mI (16901) UART_ECHO: Received: [0m
00 00 00 FF 07 00 00 00 00 00 00 00 FC 07 00 00 00 00 00 00 F0 00 00 00 00 00 00 00 00 FF 02 00 00 00 00 00 00 00 FF 23 00 00 00 00 00 00 C0 00 00 00 00 00 00 00 00 FF 20 00 00 00 00 00 00 00 F8 00 00 00 00 00 00 00 E0 0B 00 00 00 00 00 00 00 FE 00 00 00 00 00 00 00 FA 00 00 00 00 00 00 00 00 FB 01 00 00 00 00 00 00 F8 00 00 00 00 00 00 E0 02 00 00 00 00 00 00 00 F8 00 00 00 00 
[0;32mI (18921) UART_ECHO: Sent: Hjkds[0m
[0;32mI (19221) UART_ECHO: Received: [0m
00 00 00 80 00 00 00 00 00 00 00 D8 1F 00 00 00 00 00 00 FB 05 00 00 00 00 00 00 80 FF 03 00 00 00 00 00 00 01 00 00 00 00 00 00 00 FF 02 00 00 00 00 00 00 00 DB 00 00 00 00 00 00 00 FE 07 00 00 00 00 00 00 FB 00 00 00 00 00 00 00 FF 00 00 00 00 00 00 00 FF 00 00 00 00 00 00 00 FC 01 00 00 00 00 00 00 00 FA 00 00 00 00 00 00 00 00 F8 00 00 00 00 00 00 00 E0 00 00 00 00 00 00 00 
[0;32mI (21241) UART_ECHO: Sent: Hjkds[0m
[0;32mI (21561) UART_ECHO: Received: [0m
00 00 00 00 00 00 00 00 00 00 FE 0B 00 00 00 00 00 00 00 FE 00 00 00 00 00 00 FC 41 00 00 00 00 00 00 00 F7 04 00 00 00 00 00 00 FF 0F 00 00 00 00 00 00 00 DB 02 00 00 00 00 00 C0 01 00 00 00 00 00 80 00 00 00 00 00 00 00 00 FF 02 00 00 00 00 00 C0 00 00 00 00 00 00 00 00 02 00 00 00 00 00 00 00 00 00 00 00 00 C0 00 00 00 00 00 00 C0 00 00 00 00 00 00 00 FE 00 00 00 00 00 00 00 
[0;32mI (23591) UART_ECHO: Sent: Hjkds[0m
[0;32mI (23901) UART_ECHO: Received: [0m
00 00 00 FB 2B 00 00 00 00 00 00 00 80 00 00 00 00 00 00 00 FF 07 00 00 00 00 00 00 80 24 00 00 00 00 00 00 FF 2B 00 00 00 00 00 00 00 DA 00 00 00 00 00 00 00 00 FF 1F 00 00 00 00 00 00 C0 0B 00 00 00 00 00 00 C0 00 00 00 00 00 00 00 05 00 00 00 00 00 00 03 00 00 00 00 00 00 00 FE 07 00 00 00 00 00 00 FE 03 00 00 00 00 00 00 00 FE 00 00 00 00 00 00 00 00 FF 00 00 00 00 00 00 00 
[0;32mI (25931) UART_ECHO: Sent: Hjkds[0m
[0;32mI (26241) UART_ECHO: Received: [0m
00 00 00 00 00 DC 03 00 00 00 00 00 00 E0 1B 00 00 00 00 00 00 F8 03 00 00 00 00 00 00 00 DA 03 00 00 00 00 00 00 00 FF 03 00 00 00 00 00 00 00 03 00 00 00 00 00 EC 00 00 00 00 00 00 00 00 FF 00 00 00 00 00 00 00 EC 00 00 00 00 00 00 00 00 DC 07 00 00 00 00 00 00 00 B7 00 00 00 00 00 00 00 F8 1F 00 00 00 00 00 00 00 FE 02 00 00 00 00 00 00 00 FF 1B 00 00 00 00 00 00 80 01 00 00 
[0;32mI (28271) UART_ECHO: Sent: Hjkds[0m
[0;32mI (28601) UART_ECHO: Received: Hj[0m
48 6A 00 00 00 00 00 00 00 08 00 00 00 00 00 00 00 FC 00 00 00 00 00 00 00 00 05 00 00 00 00 00 00 C0 03 00 00 00 00 00 00 FF 22 00 00 00 00 00 80 00 00 00 00 00 00 00 7D 01 00 00 00 00 00 FE 27 00 00 00 00 00 00 F4 06 00 00 00 00 00 00 F8 03 00 00 00 00 00 00 DC 00 00 00 00 00 00 F0 03 00 00 00 00 00 00 80 00 00 00 00 00 00 E0 0B 00 00 00 00 00 00 F0 23 00 00 00 00 00 00 FF 07 
[0;32mI (30631) UART_ECHO: Sent: Hjkds[0m
[0;32mI (30921) UART_ECHO: Received: Hjk[0m
48 6A 6B 00 00 00 00 00 00 00 EC 03 00 00 00 00 00 00 00 00 F8 07 00 00 00 00 00 00 FF 00 00 00 00 00 00 00 00 F8 0F 00 00 00 00 00 00 00 00 00 00 00 00 00 00 F0 00 00 00 00 00 00 00 00 03 00 00 00 00 00 00 FE 06 00 00 00 00 00 00 00 FA 03 00 00 00 00 00 00 00 D8 00 00 00 00 00 00 00 00 FF 01 00 00 00 00 00 00 00 F6 00 00 00 00 00 00 00 FF 40 00 00 00 00 00 00 00 FA 00 00 00 00 
[0;32mI (32951) UART_ECHO: Sent: Hjkds[0m
[0;32mI (33241) UART_ECHO: Received: Hjkds[0m
48 6A 6B 64 73 00 00 00 00 00 00 00 E0 23 00 00 00 00 00 00 E0 00 00 00 00 00 00 00 E4 00 00 00 00 00 00 00 00 21 00 00 00 00 00 C0 3F 00 00 00 00 00 00 C0 1F 00 00 00 00 00 00 00 00 2B 00 00 00 00 00 00 00 FC 00 00 00 00 00 00 00 00 FC 00 00 00 00 00 00 00 00 FE 00 00 00 00 00 00 00 F8 03 00 00 00 00 00 C0 23 00 00 00 00 00 00 00 F8 0F 00 00 00 00 00 00 00 F0 01 00 00 00 00 00 
[0;32mI (35271) UART_ECHO: Sent: Hjkds[0m
[0;32mI (35561) UART_ECHO: Received: Hjkds[0m
48 6A 6B 64 73 00 00 00 00 00 00 00 00 00 00 00 00 00 00 00 00 FF 2B 00 00 00 00 00 00 C0 00 00 00 00 00 00 00 FC 1B 00 00 00 00 00 00 00 FB 21 00 00 00 00 00 00 00 FA 00 00 00 00 00 00 00 FF 01 00 00 00 00 00 00 DA 48 00 00 00 00 00 00 F0 04 00 00 00 00 00 00 E8 23 00 00 00 00 00 00 00 FC 20 00 00 00 00 00 00 00 25 00 00 00 00 00 00 00 F8 12 00 00 00 00 00 00 00 F0 00 00 00 00 
[0;32mI (37591) UART_ECHO: Sent: Hjkds[0m
[0;32mI (37881) UART_ECHO: Received: Hjkds[0m
48 6A 6B 64 73 00 00 00 00 00 00 00 FC 00 00 00 00 00 00 00 FF 00 00 00 00 00 00 00 80 01 00 00 00 00 00 00 FE 1B 00 00 00 00 00 00 00 FE 00 00 00 00 00 00 00 DB 05 00 00 00 00 00 00 80 07 00 00 00 00 00 00 80 00 00 00 00 00 00 00 00 FF 21 00 00 00 00 00 00 FE 1B 00 00 00 00 00 00 F0 00 00 00 00 00 00 00 00 FF 0B 00 00 00 00 00 00 FF 01 00 00 00 00 00 00 00 FE 00 00 00 00 00 00 
[0;32mI (39911) UART_ECHO: Sent: Hjkds[0m
[0;32mI (40221) UART_ECHO: Received: [0m
00 00 00 00 00 00 00 00 FE 3B 00 00 00 00 00 00 00 FF 00 00 00 00 00 00 FC 00 00 00 00 00 00 00 00 00 00 00 00 00 00 00 03 00 00 00 00 00 00 02 00 00 00 00 00 00 1F 00 00 00 00 00 E0 00 00 00 00 00 00 00 00 EC 2B 00 00 00 00 00 00 00 FF 03 00 00 00 00 00 00 00 FC 00 00 00 00 00 00 00 00 FF 00 00 00 00 00 00 80 01 00 00 00 00 00 00 00 FA 00 00 00 00 00 00 00 00 FF 20 00 00 00 00 
[0;32mI (42251) UART_ECHO: Sent: Hjkds[0m
